Archive member included to satisfy reference by file (symbol)

./libcfe.a(armv7_l1cache.o)   init_arm.o (armv7_l1cache_enable_i)
./libcfe.a(armv7_cpuinit.o)   init_arm.o (armv7_cpuinit)
./libcfe.a(mmu_map.o)         47622_mmu_map.o (mmu_init_table)
./libcfe.a(lib_string.o)      bcm63xx_boot.o (lib_strncpy)
./libcfe.a(lib_crc.o)         bcm_ubi.o (lib_get_crc32)
./libcfe.a(lib_printf.o)      nandflash.o (xprintf)
/disk3/bernie/project/RAX20/gpl/v20_build/V1.0.0.20_1.0.11/cfe/build/broadcom/build_cferom_nand/../../../cfe/arch/arm/board/bcm63xx_rom/src/libs/libmemsysinitlib_47622.a(memsys_init_hpg0_generic_memc.o)
                              bcm63xx_impl2_ddr_cinit.o (memsys_top)
/disk3/bernie/project/RAX20/gpl/v20_build/V1.0.0.20_1.0.11/cfe/build/broadcom/build_cferom_nand/../../../cfe/arch/arm/board/bcm63xx_rom/src/libs/libmemsysinitlib_47622.a(ddr34_phy_init.o)
                              /disk3/bernie/project/RAX20/gpl/v20_build/V1.0.0.20_1.0.11/cfe/build/broadcom/build_cferom_nand/../../../cfe/arch/arm/board/bcm63xx_rom/src/libs/libmemsysinitlib_47622.a(memsys_init_hpg0_generic_memc.o) (ddr34_phy_init)
/disk3/bernie/project/RAX20/gpl/v20_build/V1.0.0.20_1.0.11/cfe/build/broadcom/build_cferom_nand/../../../cfe/arch/arm/board/bcm63xx_rom/src/libs/libmemsysinitlib_47622.a(ddr34_phy_init_extension.o)
                              /disk3/bernie/project/RAX20/gpl/v20_build/V1.0.0.20_1.0.11/cfe/build/broadcom/build_cferom_nand/../../../cfe/arch/arm/board/bcm63xx_rom/src/libs/libmemsysinitlib_47622.a(memsys_init_hpg0_generic_memc.o) (ddr34_phy_init_extension)
/disk3/bernie/project/RAX20/gpl/v20_build/V1.0.0.20_1.0.11/cfe/build/broadcom/build_cferom_nand/../../../cfe/arch/arm/board/bcm63xx_rom/src/libs/libmemsysinitlib_47622.a(shmoo28_ddr3_address_control_alignment.o)
                              /disk3/bernie/project/RAX20/gpl/v20_build/V1.0.0.20_1.0.11/cfe/build/broadcom/build_cferom_nand/../../../cfe/arch/arm/board/bcm63xx_rom/src/libs/libmemsysinitlib_47622.a(ddr34_phy_init_extension.o) (shmoo28_address_control_alignment)
/disk3/bernie/project/RAX20/gpl/v20_build/V1.0.0.20_1.0.11/cfe/build/broadcom/build_cferom_nand/../../../cfe/arch/arm/board/bcm63xx_rom/src/libs/libmemsysinitlib_47622.a(shmoo28_ddr3_zq_calibration.o)
                              /disk3/bernie/project/RAX20/gpl/v20_build/V1.0.0.20_1.0.11/cfe/build/broadcom/build_cferom_nand/../../../cfe/arch/arm/board/bcm63xx_rom/src/libs/libmemsysinitlib_47622.a(ddr34_phy_init_extension.o) (shmoo28_zq_calibration)
/disk3/bernie/project/RAX20/gpl/v20_build/V1.0.0.20_1.0.11/cfe/build/broadcom/build_cferom_nand/../../../cfe/arch/arm/board/bcm63xx_rom/src/libs/libmemsysinitlib_47622.a(shmoo28_shared_hp_rx_trim.o)
                              /disk3/bernie/project/RAX20/gpl/v20_build/V1.0.0.20_1.0.11/cfe/build/broadcom/build_cferom_nand/../../../cfe/arch/arm/board/bcm63xx_rom/src/libs/libmemsysinitlib_47622.a(ddr34_phy_init_extension.o) (shmoo28_hp_rx_trim)
/disk3/bernie/project/RAX20/gpl/v20_build/V1.0.0.20_1.0.11/cfe/build/broadcom/build_cferom_nand/../../../cfe/arch/arm/board/bcm63xx_rom/src/libs/libmemsysinitlib_47622.a(shmoo28_shared_misc.o)
                              /disk3/bernie/project/RAX20/gpl/v20_build/V1.0.0.20_1.0.11/cfe/build/broadcom/build_cferom_nand/../../../cfe/arch/arm/board/bcm63xx_rom/src/libs/libmemsysinitlib_47622.a(memsys_init_hpg0_generic_memc.o) (shmoo28_release_all_dfi)
/disk3/bernie/project/RAX20/gpl/v20_build/V1.0.0.20_1.0.11/cfe/build/broadcom/build_cferom_nand/../../../cfe/arch/arm/board/bcm63xx_rom/src/libs/libmemsysinitlib_47622.a(shmoo28_shared_print.o)
                              /disk3/bernie/project/RAX20/gpl/v20_build/V1.0.0.20_1.0.11/cfe/build/broadcom/build_cferom_nand/../../../cfe/arch/arm/board/bcm63xx_rom/src/libs/libmemsysinitlib_47622.a(memsys_init_hpg0_generic_memc.o) (shmoo28_print_str)
/disk3/bernie/project/RAX20/gpl/v20_build/V1.0.0.20_1.0.11/cfe/build/broadcom/build_cferom_nand/../../../cfe/arch/arm/board/bcm63xx_rom/src/libs/libmemsysinitlib_47622.a(shmoo28_phy_g0.o)
                              /disk3/bernie/project/RAX20/gpl/v20_build/V1.0.0.20_1.0.11/cfe/build/broadcom/build_cferom_nand/../../../cfe/arch/arm/board/bcm63xx_rom/src/libs/libmemsysinitlib_47622.a(memsys_init_hpg0_generic_memc.o) (shmoo28_dpfe_sequence_setup)
/disk3/bernie/project/RAX20/gpl/v20_build/V1.0.0.20_1.0.11/cfe/build/broadcom/build_cferom_nand/../../../cfe/arch/arm/board/bcm63xx_rom/src/libs/libmemsysinitlib_47622.a(shmoo_custom.o)
                              /disk3/bernie/project/RAX20/gpl/v20_build/V1.0.0.20_1.0.11/cfe/build/broadcom/build_cferom_nand/../../../cfe/arch/arm/board/bcm63xx_rom/src/libs/libmemsysinitlib_47622.a(memsys_init_hpg0_generic_memc.o) (PUTCHAR)
/disk3/bernie/project/RAX20/gpl/v20_build/V1.0.0.20_1.0.11/cfe/build/broadcom/build_cferom_nand/../../../cfe/arch/arm/board/bcm63xx_rom/src/libs/libmemsysinitlib_47622.a(memsys_init_shared.o)
[...]
Memory Configuration

Name             Origin             Length             Attributes
*default*        0x00000000         0xffffffff

Linker script and memory map


.text           0x8520c000     0xe48c
                0x8520c000                _ftext = .
                0x8520c000                text_start = .
 *(.text.startup)
 .text.startup  0x8520c000      0xba8 init_arm.o
                0x8520c000                startup
                0x8520c040                mem_textreloc
                0x8520c044                mem_textbase
                0x8520c048                mem_textsize
                0x8520c04c                mem_totalsize
                0x8520c050                mem_usablesize
                0x8520c054                mem_topofmem
                0x8520c058                mem_heapstart
                0x8520c05c                mem_bottomofmem
                0x8520c060                mem_datareloc
                0x8520c064                mem_stacktop
                0x8520c068                mem_stackbottom
                0x8520c06c                cpu_prid
                0x8520c070                rom_option
                0x8520c074                fmw_arg0
                0x8520c078                segment_table
                0x8520c56c                _cferom_size
                0x8520c580                nvram_data_storage
 *(.init)
 *(.text)
 .text          0x8520cba8       0xc8 /opt/toolchains/crosstools-arm-gcc-5.5-linux-4.1-glibc-2.26-binutils-2.28.1/lib/gcc/arm-buildroot-linux-gnueabi/5.5.0/libgcc.a(_udivsi3.o)
                0x8520cba8                __udivsi3
                0x8520cba8                __aeabi_uidiv
                0x8520cc50                __aeabi_uidivmod
 .text          0x8520cc70       0xfc /opt/toolchains/crosstools-arm-gcc-5.5-linux-4.1-glibc-2.26-binutils-2.28.1/lib/gcc/arm-buildroot-linux-gnueabi/5.5.0/libgcc.a(_divsi3.o)
                0x8520cc70                __aeabi_idiv
                0x8520cc70                __divsi3
                0x8520cd4c                __aeabi_idivmod
 .text          0x8520cd6c       0x3c /opt/toolchains/crosstools-arm-gcc-5.5-linux-4.1-glibc-2.26-binutils-2.28.1/lib/gcc/arm-buildroot-linux-gnueabi/5.5.0/libgcc.a(_aeabi_uldivmod.o)
                0x8520cd6c                __aeabi_uldivmod
 .text          0x8520cda8       0x10 /opt/toolchains/crosstools-arm-gcc-5.5-linux-4.1-glibc-2.26-binutils-2.28.1/lib/gcc/arm-buildroot-linux-gnueabi/5.5.0/libgcc.a(_dvmd_lnx.o)
                0x8520cda8                __aeabi_ldiv0
                0x8520cda8                __aeabi_idiv0
 .text          0x8520cdb8      0x118 /opt/toolchains/crosstools-arm-gcc-5.5-linux-4.1-glibc-2.26-binutils-2.28.1/lib/gcc/arm-buildroot-linux-gnueabi/5.5.0/libgcc.a(_udivmoddi4.o)
                0x8520cdb8                __udivmoddi4
 .text          0x8520ced0       0x1c /opt/toolchains/crosstools-arm-gcc-5.5-linux-4.1-glibc-2.26-binutils-2.28.1/lib/gcc/arm-buildroot-linux-gnueabi/5.5.0/libgcc.a(_lshrdi3.o)
                0x8520ced0                __aeabi_llsr
                0x8520ced0                __lshrdi3
 .text          0x8520ceec       0x1c /opt/toolchains/crosstools-arm-gcc-5.5-linux-4.1-glibc-2.26-binutils-2.28.1/lib/gcc/arm-buildroot-linux-gnueabi/5.5.0/libgcc.a(_ashldi3.o)
                0x8520ceec                __ashldi3
                0x8520ceec                __aeabi_llsl
 *(.text.*)
 .text._cfe_flushcache
                0x8520cf08       0x10 init_arm.o
                0x8520cf08                _cfe_flushcache
 .text.cfe_launch
                0x8520cf18       0x34 init_arm.o
                0x8520cf18                cfe_launch
 .text.RunProgram
                0x8520cf4c        0x8 init_arm.o
                0x8520cf4c                RunProgram
 .text.cfe_restore_context
                0x8520cf54       0x30 init_arm.o
                0x8520cf54                cfe_restore_context
                0x8520cf68                rel_version
 .text.__traps  0x8520cf84      0x1d4 exception.o
                0x8520cf84                __traps
                0x8520cf84                tr_und
                0x8520cfa8                tr_swi
                0x8520cfcc                tr_iab
                0x8520cffc                tr_dab
                0x8520d02c                tr_bad
                0x8520d05c                tr_irq
                0x8520d08c                tr_fiq
 .text.raise    0x8520d158        0x8 exception.o
                0x8520d158                raise
 .text.armv7_exception_init
                0x8520d160       0x50 exception.o
                0x8520d160                armv7_exception_init
 .text.cfe_sec_get_bootrom_args
                0x8520d1b0       0x1c bcm63xx_sec.o
                0x8520d1b0                cfe_sec_get_bootrom_args
 .text.cfe_sec_reset_keys
                0x8520d1cc       0x30 bcm63xx_sec.o
                0x8520d1cc                cfe_sec_reset_keys
 .text.cfe_sec_abort
                0x8520d1fc       0x10 bcm63xx_sec.o
                0x8520d1fc                cfe_sec_abort
 .text.cfe_sec_init
                0x8520d20c      0x100 bcm63xx_sec.o
                0x8520d20c                cfe_sec_init
 .text.cfe_sec_load_sbi
                0x8520d30c      0x174 bcm63xx_sec.o
                0x8520d30c                cfe_sec_load_sbi
 .text.nand_flash_get_sector_size
                0x8520d480       0x10 nandflash.o
                0x8520d480                nand_flash_get_sector_size
 .text.nand_flash_get_numsectors
                0x8520d490       0x1c nandflash.o
                0x8520d490                nand_flash_get_numsectors
 .text.nandflash_copy_from_cache
                0x8520d4ac       0xb4 nandflash.o
                0x8520d4ac                nandflash_copy_from_cache
 .text.nandflash_copy_from_spare
                0x8520d560       0xd8 nandflash.o
                0x8520d560                nandflash_copy_from_spare
 .text.nandflash_wait_status
                0x8520d638       0x68 nandflash.o
                0x8520d638                nandflash_wait_status
 .text.nandflash_wait_cmd
                0x8520d6a0        0x8 nandflash.o
                0x8520d6a0                nandflash_wait_cmd
 .text.nandflash_wait_device
                0x8520d6a8        0x8 nandflash.o
                0x8520d6a8                nandflash_wait_device
 .text.nand_reset_device
                0x8520d6b0       0x24 nandflash.o
                0x8520d6b0                nand_reset_device
 .text.nandflash_wait_cache
                0x8520d6d4        0x8 nandflash.o
                0x8520d6d4                nandflash_wait_cache
 .text.nand_adjust_cfg
                0x8520d6dc      0x2d0 nandflash.o
                0x8520d6dc                nand_adjust_cfg
 .text.rom_nand_flash_init
                0x8520d9ac       0x30 nandflash.o
                0x8520d9ac                rom_nand_flash_init
 .text.nandflash_wait_spare
                0x8520d9dc        0x8 nandflash.o
                0x8520d9dc                nandflash_wait_spare
 .text.nandflash_read_spare_area
                0x8520d9e4       0xac nandflash.o
                0x8520d9e4                nandflash_read_spare_area
 .text.nand_is_blk_bad
                0x8520da90       0xa0 nandflash.o
                0x8520da90                nand_is_blk_bad
 .text.nandflash_read_page
                0x8520db30      0x174 nandflash.o
                0x8520db30                nandflash_read_page
 .text.nand_flash_read_buf
                0x8520dca4       0xec nandflash.o
                0x8520dca4                nand_flash_read_buf
 .text.parse_ubi
                0x8520dd90      0xa68 bcm_ubi.o
                0x8520dd90                parse_ubi
 .text.strap_check_spinand
                0x8520e7f8       0x20 bcm63xx_boot_nand.o
                0x8520e7f8                strap_check_spinand
 .text.nand_read_buf
                0x8520e818       0x54 bcm63xx_boot_nand.o
                0x8520e818                nand_read_buf
 .text.unlikely.bootImageFromNand
                0x8520e86c      0xe64 bcm63xx_boot_nand.o
 .text.read_blk
                0x8520f6d0       0x18 bcm63xx_boot_nand.o
 .text.bootNand
                0x8520f6e8       0x2c bcm63xx_boot_nand.o
                0x8520f6e8                bootNand
 .text.bootSpiNand
                0x8520f714       0x24 bcm63xx_boot_nand.o
                0x8520f714                bootSpiNand
 .text.BcmSpi_SetCtrlState
                0x8520f738       0x54 bcmSpiRes.o
                0x8520f738                BcmSpi_SetCtrlState
 .text.BcmSpi_SetFlashCtrl
                0x8520f78c       0x38 bcmSpiRes.o
                0x8520f78c                BcmSpi_SetFlashCtrl
 .text.BcmSpi_GetMaxRWSize
                0x8520f7c4       0x18 bcmSpiRes.o
                0x8520f7c4                BcmSpi_GetMaxRWSize
 .text.BcmSpi_Write
                0x8520f7dc       0x30 bcmSpiRes.o
                0x8520f7dc                BcmSpi_Write
 .text.BcmSpi_MultibitRead
                0x8520f80c       0x28 bcmSpiRes.o
                0x8520f80c                BcmSpi_MultibitRead
 .text.hsSpiSetGlobalState
                0x8520f834       0x38 bcmHsSpi.o
 .text.hsSpiSetProfile.constprop.2
                0x8520f86c       0xb8 bcmHsSpi.o
 .text.hsSpiTransPoll.constprop.3
                0x8520f924       0x2c bcmHsSpi.o
 .text.BcmHsSpiMultibitRead
                0x8520f950       0xc8 bcmHsSpi.o
                0x8520f950                BcmHsSpiMultibitRead
 .text.BcmHsSpiWrite
                0x8520fa18       0x7c bcmHsSpi.o
                0x8520fa18                BcmHsSpiWrite
 .text.BcmHsSpiGetMaxRWSize
                0x8520fa94       0x18 bcmHsSpi.o
                0x8520fa94                BcmHsSpiGetMaxRWSize
 .text.BcmHsSpiSetup
                0x8520faac       0x64 bcmHsSpi.o
                0x8520faac                BcmHsSpiSetup
 .text.BcmHsSpiSetFlashCtrl
                0x8520fb10       0x98 bcmHsSpi.o
                0x8520fb10                BcmHsSpiSetFlashCtrl
 .text.spiWrite
                0x8520fba8       0x30 spinandflash.o
 .text.spiRead  0x8520fbd8       0x14 spinandflash.o
 .text.spi_nand_get_cmd.constprop.3
                0x8520fbec       0x68 spinandflash.o
 .text.spi_nand_ready
                0x8520fc54       0x14 spinandflash.o
 .text.spi_nand_set_feat
                0x8520fc68       0x3c spinandflash.o
 .text.spi_nand_init
                0x8520fca4      0x358 spinandflash.o
                0x8520fca4                spi_nand_init
 .text.spi_nand_read_buf
                0x8520fffc      0x29c spinandflash.o
                0x8520fffc                spi_nand_read_buf
 .text.spi_nand_get_numsectors
                0x85210298       0x10 spinandflash.o
                0x85210298                spi_nand_get_numsectors
 .text.spi_nand_get_sector_size
                0x852102a8       0x10 spinandflash.o
                0x852102a8                spi_nand_get_sector_size
 .text.rom_spi_nand_init
                0x852102b8        0x4 spinandflash.o
                0x852102b8                rom_spi_nand_init
 .text.pmc_initmode
                0x852102bc       0x28 pmc_drv.o
                0x852102bc                pmc_initmode
 .text.otp_wait_status
                0x852102e4       0x2c bcm_otp_impl1.o
 .text.bcm_otp_get_row_ecc
                0x85210310       0xb4 bcm_otp_impl1.o
                0x85210310                bcm_otp_get_row_ecc
 .text.bcm_otp_get_row
                0x852103c4        0x8 bcm_otp_impl1.o
                0x852103c4                bcm_otp_get_row
 .text.sotp_sec89_both_readlocked
                0x852103cc       0x30 bcm_otp_impl1.o
                0x852103cc                sotp_sec89_both_readlocked
 .text.bcm_otp_fld_secure_rows
                0x852103fc       0x14 bcm_otp_impl1.o
                0x852103fc                bcm_otp_fld_secure_rows
 .text.bcm_otp_is_boot_secure
                0x85210410       0x68 bcm_otp_impl1.o
                0x85210410                bcm_otp_is_boot_secure
 .text.bcm_otp_is_boot_mfg_secure
                0x85210478       0x78 bcm_otp_impl1.o
                0x85210478                bcm_otp_is_boot_mfg_secure
 .text.bcm_otp_get_ldo_trim
                0x852104f0       0x28 bcm_otp_impl1.o
                0x852104f0                bcm_otp_get_ldo_trim
 .text.ddrInit  0x85210518       0x44 bcm63xx_ddr.o
                0x85210518                ddrInit
 .text.cfe_main
                0x8521055c       0x14 bcm63xx_main.o
                0x8521055c                cfe_main
 .text.boot_media
                0x85210570       0xbc bcm63xx_boot.o
                0x85210570                boot_media
 .text.clk_init
                0x8521062c       0x28 bcm63xx_clock.o
                0x8521062c                clk_init
 .text.cfe_usleep
                0x85210654       0x54 bcm63xx_clock.o
                0x85210654                cfe_usleep
 .text.cfe_get_utime
                0x852106a8       0x2c bcm63xx_clock.o
                0x852106a8                cfe_get_utime
 .text.bootInit
                0x852106d4       0xf8 bcm63xx_init.o
                0x852106d4                bootInit
 .text.validate_nvram
                0x852107cc       0xe4 bcm63xx_utils.o
 .text.stopCfeRom
                0x852108b0        0xc bcm63xx_utils.o
                0x852108b0                stopCfeRom
 .text.nvram_read
                0x852108bc       0x9c bcm63xx_utils.o
                0x852108bc                nvram_read
 .text.read_memcfg_from_nvram
                0x85210958       0xd4 bcm63xx_utils.o
                0x85210958                read_memcfg_from_nvram
 .text.board_earlyinit
                0x85210a2c       0x4c bcm63xx_impl1_rom_boot.o
                0x85210a2c                board_earlyinit
 .text.board_deinit
                0x85210a78       0x18 bcm63xx_impl1_rom_boot.o
                0x85210a78                board_deinit
 .text.chek_abort_key
                0x85210a90      0x258 bcm63xx_impl1_rom_boot.o
                0x85210a90                chek_abort_key
                0x85210c34                print_options
                0x85210cd0                print_ddr_safemode
 .text.refresh_ctrl_cfg
                0x85210ce8       0x3c bcm63xx_impl2_ddr_cinit.o
 .text.disable_dram_refresh
                0x85210d24       0x24 bcm63xx_impl2_ddr_cinit.o
 .text.enable_dram_refresh
                0x85210d48       0x24 bcm63xx_impl2_ddr_cinit.o
 .text.memsys_end
                0x85210d6c       0xc0 bcm63xx_impl2_ddr_cinit.o
 .text.pre_shmoo
                0x85210e2c       0x54 bcm63xx_impl2_ddr_cinit.o
 .text.memc_init
                0x85210e80      0x42c bcm63xx_impl2_ddr_cinit.o
 .text.memsys_udelay
                0x852112ac       0x10 bcm63xx_impl2_ddr_cinit.o
 .text.memsys_begin
                0x852112bc      0x7a8 bcm63xx_impl2_ddr_cinit.o
 .text.memsys_get_time_us
                0x85211a64        0xc bcm63xx_impl2_ddr_cinit.o
 .text.memsys_putchar
                0x85211a70       0x10 bcm63xx_impl2_ddr_cinit.o
 .text.memsys_register_flow_control_user_callbacks
                0x85211a80       0x64 bcm63xx_impl2_ddr_cinit.o
                0x85211a80                memsys_register_flow_control_user_callbacks
 .text.ddr_init
                0x85211ae4      0x310 bcm63xx_impl2_ddr_cinit.o
                0x85211ae4                ddr_init
 .text.board_earlyinit_common
                0x85211df4       0x28 bcm63xx_impl4_common.o
                0x85211df4                board_earlyinit_common
 .text.uart_init
                0x85211e1c       0x54 bcm63xx_impl4_common.o
                0x85211e1c                uart_init
 .text.board_setleds
                0x85211e70       0x68 bcm63xx_impl4_common.o
                0x85211e70                board_setleds
 .text.board_putc
                0x85211ed8       0x3c bcm63xx_impl4_common.o
                0x85211ed8                board_putc
 .text.board_puts
                0x85211f14       0x74 bcm63xx_impl4_common.o
                0x85211f14                board_puts
 .text.board_getc
                0x85211f88       0x24 bcm63xx_impl4_common.o
                0x85211f88                board_getc
 .text.board_mmu_map_scn
                0x85211fac      0x10c 47622_mmu_map.o
                0x85211fac                board_mmu_map_scn
 .text.board_mmu_update_scn
                0x852120b8       0x40 47622_mmu_map.o
                0x852120b8                board_mmu_update_scn
 .text.aesInitDecrypt
                0x852120f8      0x194 bcm63xx_aes.o
                0x852120f8                aesInitDecrypt
 .text.aesCompleteDecrypt
                0x8521228c      0x1d0 bcm63xx_aes.o
                0x8521228c                aesCompleteDecrypt
 .text._iterate_block
                0x8521245c       0x1c bcm63xx_encr_if.o
 .text._iterate_block_copy
                0x85212478       0x34 bcm63xx_encr_if.o
 .text.ek_iv_cleanup
                0x852124ac       0x98 bcm63xx_encr_if.o
                0x852124ac                ek_iv_cleanup
 .text.aes_cbc128_decrypt
                0x85212544       0xe4 bcm63xx_encr_if.o
                0x85212544                aes_cbc128_decrypt
 .text.decryptWithEk
                0x85212628       0x10 bcm63xx_encr_if.o
                0x85212628                decryptWithEk
 .text.LzmaDecodeProperties
                0x85212638       0x78 LzmaDecode.o
                0x85212638                LzmaDecodeProperties
 .text.LzmaDecode
                0x852126b0      0x918 LzmaDecode.o
                0x852126b0                LzmaDecode
 .text.decompressLZMA
                0x85212fc8      0x12c dcapi.o
                0x85212fc8                decompressLZMA
 .text.unlikely.HTONL
                0x852130f4        0x8 bcm63xx_rsa.o
 .text.mpcompare
                0x852130fc       0xa0 bcm63xx_rsa.o
 .text.mpsub    0x8521319c       0x78 bcm63xx_rsa.o
 .text.mpclshift
                0x85213214       0x58 bcm63xx_rsa.o
 .text.mpmul    0x8521326c       0xec bcm63xx_rsa.o
 .text.mplshift
                0x85213358       0x68 bcm63xx_rsa.o
 .text.unlikely.pack.constprop.3
                0x852133c0       0xb0 bcm63xx_rsa.o
 .text.mpcopy.constprop.5
                0x85213470       0x2c bcm63xx_rsa.o
 .text.Sec_verifyDigest.part.0
                0x8521349c      0x828 bcm63xx_rsa.o
 .text.Sec_verifyDigest
                0x85213cc4       0x44 bcm63xx_rsa.o
                0x85213cc4                Sec_verifyDigest
 .text.Sec_verify
                0x85213d08       0x64 bcm63xx_rsa.o
                0x85213d08                Sec_verify
 .text.HTONL    0x85213d6c        0x8 bcm63xx_sha.o
 .text.SHA256Transform
                0x85213d74      0x1d8 bcm63xx_sha.o
 .text.Sec_sha256Init
                0x85213f4c       0x58 bcm63xx_sha.o
                0x85213f4c                Sec_sha256Init
 .text.Sec_sha256Update
                0x85213fa4       0x5c bcm63xx_sha.o
                0x85213fa4                Sec_sha256Update
 .text.Sec_sha256Final
                0x85214000      0x154 bcm63xx_sha.o
                0x85214000                Sec_sha256Final
 .text.Sec_sha256
                0x85214154       0x50 bcm63xx_sha.o
                0x85214154                Sec_sha256
 .text.sec_verify_sha256
                0x852141a4       0x30 bcm63xx_sha.o
                0x852141a4                sec_verify_sha256
 .text.die      0x852141d4       0x14 bcm63xx_auth_if.o
                0x852141d4                die
 .text.sec_verify_signature
                0x852141e8       0x28 bcm63xx_auth_if.o
                0x852141e8                sec_verify_signature
 .text.armv7_l1cache_enable_d
                0x85214210       0x14 ./libcfe.a(armv7_l1cache.o)
                0x85214210                armv7_l1cache_enable_d
 .text.armv7_l1cache_disable_i
                0x85214224       0x18 ./libcfe.a(armv7_l1cache.o)
                0x85214224                armv7_l1cache_disable_i
 .text.armv7_l1cache_disable_d
                0x8521423c       0x14 ./libcfe.a(armv7_l1cache.o)
                0x8521423c                armv7_l1cache_disable_d
 .text.armv7_l1cache_inval_i
                0x85214250       0x10 ./libcfe.a(armv7_l1cache.o)
                0x85214250                armv7_l1cache_inval_i
 .text.armv7_l1cache_inval_d
                0x85214260       0x94 ./libcfe.a(armv7_l1cache.o)
                0x85214260                armv7_l1cache_inval_d
 .text.armv7_l1cache_flush_d
                0x852142f4       0x94 ./libcfe.a(armv7_l1cache.o)
                0x852142f4                armv7_l1cache_flush_d
 .text.armv7_l1cache_inval_range_d
                0x85214388       0x48 ./libcfe.a(armv7_l1cache.o)
                0x85214388                armv7_l1cache_inval_range_d
 .text.armv7_l1cache_flush_range_d
                0x852143d0       0x34 ./libcfe.a(armv7_l1cache.o)
                0x852143d0                armv7_l1cache_flush_range_d
 .text.armv7_cacheops
                0x85214404       0x80 ./libcfe.a(armv7_l1cache.o)
                0x85214404                armv7_cacheops
 .text.armv7_cpuinit
                0x85214484       0x48 ./libcfe.a(armv7_cpuinit.o)
                0x85214484                armv7_cpuinit
 .text.armv7_enable_mmu
                0x852144cc       0x14 ./libcfe.a(armv7_cpuinit.o)
                0x852144cc                armv7_enable_mmu
 .text.armv7_disable_mmu
                0x852144e0       0x14 ./libcfe.a(armv7_cpuinit.o)
                0x852144e0                armv7_disable_mmu
 .text.armv7_enable_tick
                0x852144f4       0x1c ./libcfe.a(armv7_cpuinit.o)
                0x852144f4                armv7_enable_tick
 .text._getticks
                0x85214510        0x8 ./libcfe.a(armv7_cpuinit.o)
                0x85214510                _getticks
 .text.mmu_init_table
                0x85214518       0x1c ./libcfe.a(mmu_map.o)
                0x85214518                mmu_init_table
 .text.mmu_set_ttbr
                0x85214534       0x1c ./libcfe.a(mmu_map.o)
                0x85214534                mmu_set_ttbr
 .text.mmu_invalidate_tlb
                0x85214550       0x14 ./libcfe.a(mmu_map.o)
                0x85214550                mmu_invalidate_tlb
 .text.mmu_set_scn
                0x85214564       0x3c ./libcfe.a(mmu_map.o)
                0x85214564                mmu_set_scn
 .text.lib_strncpy
                0x852145a0       0x34 ./libcfe.a(lib_string.o)
                0x852145a0                lib_strncpy
 .text.lib_strlen
                0x852145d4       0x1c ./libcfe.a(lib_string.o)
                0x852145d4                lib_strlen
 .text.lib_memcmp
                0x852145f0       0x44 ./libcfe.a(lib_string.o)
                0x852145f0                lib_memcmp
 .text.lib_memcpy
                0x85214634       0x6c ./libcfe.a(lib_string.o)
                0x85214634                lib_memcpy
 .text.memcpy   0x852146a0        0x4 ./libcfe.a(lib_string.o)
                0x852146a0                memcpy
 .text.lib_memset
                0x852146a4       0x14 ./libcfe.a(lib_string.o)
                0x852146a4                lib_memset
 .text.lib_get_crc32
                0x852146b8       0x34 ./libcfe.a(lib_crc.o)
                0x852146b8                lib_get_crc32
 .text.__atox   0x852146ec       0x94 ./libcfe.a(lib_printf.o)
 .text.__llatox
                0x85214780       0xac ./libcfe.a(lib_printf.o)
 .text.xvsprintf
                0x8521482c      0x4c4 ./libcfe.a(lib_printf.o)
                0x8521482c                xvsprintf
 .text.xprintf  0x85214cf0       0x80 ./libcfe.a(lib_printf.o)
                0x85214cf0                xprintf
 .text.memsys_top
                0x85214d70      0x50c /disk3/bernie/project/RAX20/gpl/v20_build/V1.0.0.20_1.0.11/cfe/build/broadcom/build_cferom_nand/../../../cfe/arch/arm/board/bcm63xx_rom/src/libs/libmemsysinitlib_47622.a(memsys_init_hpg0_generic_memc.o)
                0x85214d70                memsys_top
 .text.ddr34_phy_poll_reg
                0x8521527c       0x6c /disk3/bernie/project/RAX20/gpl/v20_build/V1.0.0.20_1.0.11/cfe/build/broadcom/build_cferom_nand/../../../cfe/arch/arm/board/bcm63xx_rom/src/libs/libmemsysinitlib_47622.a(ddr34_phy_init.o)
                0x8521527c                ddr34_phy_poll_reg
 .text.ddr34_phy_setup_pll
                0x852152e8       0xa4 /disk3/bernie/project/RAX20/gpl/v20_build/V1.0.0.20_1.0.11/cfe/build/broadcom/build_cferom_nand/../../../cfe/arch/arm/board/bcm63xx_rom/src/libs/libmemsysinitlib_47622.a(ddr34_phy_init.o)
                0x852152e8                ddr34_phy_setup_pll
 .text.ddr34_phy_vdl_normal
                0x8521538c       0x88 /disk3/bernie/project/RAX20/gpl/v20_build/V1.0.0.20_1.0.11/cfe/build/broadcom/build_cferom_nand/../../../cfe/arch/arm/board/bcm63xx_rom/src/libs/libmemsysinitlib_47622.a(ddr34_phy_init.o)
                0x8521538c                ddr34_phy_vdl_normal
 .text.ddr34_phy_vtt_on
                0x85215414       0x70 /disk3/bernie/project/RAX20/gpl/v20_build/V1.0.0.20_1.0.11/cfe/build/broadcom/build_cferom_nand/../../../cfe/arch/arm/board/bcm63xx_rom/src/libs/libmemsysinitlib_47622.a(ddr34_phy_init.o)
                0x85215414                ddr34_phy_vtt_on
 .text.ddr34_phy_calib_zq
                0x85215484       0x68 /disk3/bernie/project/RAX20/gpl/v20_build/V1.0.0.20_1.0.11/cfe/build/broadcom/build_cferom_nand/../../../cfe/arch/arm/board/bcm63xx_rom/src/libs/libmemsysinitlib_47622.a(ddr34_phy_init.o)
                0x85215484                ddr34_phy_calib_zq
 .text.ddr34_phy_force_tmode
                0x852154ec       0x10 /disk3/bernie/project/RAX20/gpl/v20_build/V1.0.0.20_1.0.11/cfe/build/broadcom/build_cferom_nand/../../../cfe/arch/arm/board/bcm63xx_rom/src/libs/libmemsysinitlib_47622.a(ddr34_phy_init.o)
                0x852154ec                ddr34_phy_force_tmode
 .text.ddr34_phy_rdly_odt
                0x852154fc       0x64 /disk3/bernie/project/RAX20/gpl/v20_build/V1.0.0.20_1.0.11/cfe/build/broadcom/build_cferom_nand/../../../cfe/arch/arm/board/bcm63xx_rom/src/libs/libmemsysinitlib_47622.a(ddr34_phy_init.o)
                0x852154fc                ddr34_phy_rdly_odt
 .text.ddr34_phy_ddr3_misc
                0x85215560      0x134 /disk3/bernie/project/RAX20/gpl/v20_build/V1.0.0.20_1.0.11/cfe/build/broadcom/build_cferom_nand/../../../cfe/arch/arm/board/bcm63xx_rom/src/libs/libmemsysinitlib_47622.a(ddr34_phy_init.o)
                0x85215560                ddr34_phy_ddr3_misc
 .text.ddr34_phy_autoidle_on
                0x85215694       0x90 /disk3/bernie/project/RAX20/gpl/v20_build/V1.0.0.20_1.0.11/cfe/build/broadcom/build_cferom_nand/../../../cfe/arch/arm/board/bcm63xx_rom/src/libs/libmemsysinitlib_47622.a(ddr34_phy_init.o)
                0x85215694                ddr34_phy_autoidle_on
 .text.ddr34_phy_init
                0x85215724      0x354 /disk3/bernie/project/RAX20/gpl/v20_build/V1.0.0.20_1.0.11/cfe/build/broadcom/build_cferom_nand/../../../cfe/arch/arm/board/bcm63xx_rom/src/libs/libmemsysinitlib_47622.a(ddr34_phy_init.o)
                0x85215724                ddr34_phy_init
 .text.ddr34_phy_get_aux_from_addr
                0x85215a78       0xa0 /disk3/bernie/project/RAX20/gpl/v20_build/V1.0.0.20_1.0.11/cfe/build/broadcom/build_cferom_nand/../../../cfe/arch/arm/board/bcm63xx_rom/src/libs/libmemsysinitlib_47622.a(ddr34_phy_init.o)
                0x85215a78                ddr34_phy_get_aux_from_addr
 .text.ddr34_phy_write_mrs
                0x85215b18       0x60 /disk3/bernie/project/RAX20/gpl/v20_build/V1.0.0.20_1.0.11/cfe/build/broadcom/build_cferom_nand/../../../cfe/arch/arm/board/bcm63xx_rom/src/libs/libmemsysinitlib_47622.a(ddr34_phy_init.o)
                0x85215b18                ddr34_phy_write_mrs
 .text.ddr34_phy_dram_init
                0x85215b78      0x188 /disk3/bernie/project/RAX20/gpl/v20_build/V1.0.0.20_1.0.11/cfe/build/broadcom/build_cferom_nand/../../../cfe/arch/arm/board/bcm63xx_rom/src/libs/libmemsysinitlib_47622.a(ddr34_phy_init.o)
                0x85215b78                ddr34_phy_dram_init
 .text.ddr34_phy_init_extension
                0x85215d00       0xd0 /disk3/bernie/project/RAX20/gpl/v20_build/V1.0.0.20_1.0.11/cfe/build/broadcom/build_cferom_nand/../../../cfe/arch/arm/board/bcm63xx_rom/src/libs/libmemsysinitlib_47622.a(ddr34_phy_init_extension.o)
                0x85215d00                ddr34_phy_init_extension
 .text.shmoo28_address_control_alignment
                0x85215dd0      0x220 /disk3/bernie/project/RAX20/gpl/v20_build/V1.0.0.20_1.0.11/cfe/build/broadcom/build_cferom_nand/../../../cfe/arch/arm/board/bcm63xx_rom/src/libs/libmemsysinitlib_47622.a(shmoo28_ddr3_address_control_alignment.o)
                0x85215dd0                shmoo28_address_control_alignment
 .text.find_median
                0x85215ff0       0x4c /disk3/bernie/project/RAX20/gpl/v20_build/V1.0.0.20_1.0.11/cfe/build/broadcom/build_cferom_nand/../../../cfe/arch/arm/board/bcm63xx_rom/src/libs/libmemsysinitlib_47622.a(shmoo28_ddr3_zq_calibration.o)
                0x85215ff0                find_median
 .text.shmoo28_zq_calibration
                0x8521603c      0x97c /disk3/bernie/project/RAX20/gpl/v20_build/V1.0.0.20_1.0.11/cfe/build/broadcom/build_cferom_nand/../../../cfe/arch/arm/board/bcm63xx_rom/src/libs/libmemsysinitlib_47622.a(shmoo28_ddr3_zq_calibration.o)
                0x8521603c                shmoo28_zq_calibration
 .text.shmoo28_hp_rx_trim
                0x852169b8      0x20c /disk3/bernie/project/RAX20/gpl/v20_build/V1.0.0.20_1.0.11/cfe/build/broadcom/build_cferom_nand/../../../cfe/arch/arm/board/bcm63xx_rom/src/libs/libmemsysinitlib_47622.a(shmoo28_shared_hp_rx_trim.o)
                0x852169b8                shmoo28_hp_rx_trim
 .text.shmoo28_who_owns_dfi
                0x85216bc4       0x40 /disk3/bernie/project/RAX20/gpl/v20_build/V1.0.0.20_1.0.11/cfe/build/broadcom/build_cferom_nand/../../../cfe/arch/arm/board/bcm63xx_rom/src/libs/libmemsysinitlib_47622.a(shmoo28_shared_misc.o)
                0x85216bc4                shmoo28_who_owns_dfi
 .text.shmoo28_release_all_dfi
                0x85216c04       0x40 /disk3/bernie/project/RAX20/gpl/v20_build/V1.0.0.20_1.0.11/cfe/build/broadcom/build_cferom_nand/../../../cfe/arch/arm/board/bcm63xx_rom/src/libs/libmemsysinitlib_47622.a(shmoo28_shared_misc.o)
                0x85216c04                shmoo28_release_all_dfi
 .text.shmoo28_acquire_dfi
                0x85216c44       0xcc /disk3/bernie/project/RAX20/gpl/v20_build/V1.0.0.20_1.0.11/cfe/build/broadcom/build_cferom_nand/../../../cfe/arch/arm/board/bcm63xx_rom/src/libs/libmemsysinitlib_47622.a(shmoo28_shared_misc.o)
                0x85216c44                shmoo28_acquire_dfi
 .text.shmoo28_compute_phy_pll_clock
                0x85216d10      0x114 /disk3/bernie/project/RAX20/gpl/v20_build/V1.0.0.20_1.0.11/cfe/build/broadcom/build_cferom_nand/../../../cfe/arch/arm/board/bcm63xx_rom/src/libs/libmemsysinitlib_47622.a(shmoo28_shared_misc.o)
                0x85216d10                shmoo28_compute_phy_pll_clock
 .text.shmoo28_ddr3_adjust_clk
                0x85216e24      0x244 /disk3/bernie/project/RAX20/gpl/v20_build/V1.0.0.20_1.0.11/cfe/build/broadcom/build_cferom_nand/../../../cfe/arch/arm/board/bcm63xx_rom/src/libs/libmemsysinitlib_47622.a(shmoo28_shared_misc.o)
                0x85216e24                shmoo28_ddr3_adjust_clk
 .text.shmoo28_ddr3_adjust_bytelane_lde
                0x85217068       0x4c /disk3/bernie/project/RAX20/gpl/v20_build/V1.0.0.20_1.0.11/cfe/build/broadcom/build_cferom_nand/../../../cfe/arch/arm/board/bcm63xx_rom/src/libs/libmemsysinitlib_47622.a(shmoo28_shared_misc.o)
                0x85217068                shmoo28_ddr3_adjust_bytelane_lde
 .text.shmoo28_compute_vdl_per_data_ui
                0x852170b4       0x38 /disk3/bernie/project/RAX20/gpl/v20_build/V1.0.0.20_1.0.11/cfe/build/broadcom/build_cferom_nand/../../../cfe/arch/arm/board/bcm63xx_rom/src/libs/libmemsysinitlib_47622.a(shmoo28_shared_misc.o)
                0x852170b4                shmoo28_compute_vdl_per_data_ui
 .text.shmoo28_set_clock_vdl
                0x852170ec       0x34 /disk3/bernie/project/RAX20/gpl/v20_build/V1.0.0.20_1.0.11/cfe/build/broadcom/build_cferom_nand/../../../cfe/arch/arm/board/bcm63xx_rom/src/libs/libmemsysinitlib_47622.a(shmoo28_shared_misc.o)
                0x852170ec                shmoo28_set_clock_vdl
 .text.shmoo28_print_str
                0x85217120       0x20 /disk3/bernie/project/RAX20/gpl/v20_build/V1.0.0.20_1.0.11/cfe/build/broadcom/build_cferom_nand/../../../cfe/arch/arm/board/bcm63xx_rom/src/libs/libmemsysinitlib_47622.a(shmoo28_shared_print.o)
                0x85217120                shmoo28_print_str
 .text.shmoo28_print_hex
                0x85217140       0x40 /disk3/bernie/project/RAX20/gpl/v20_build/V1.0.0.20_1.0.11/cfe/build/broadcom/build_cferom_nand/../../../cfe/arch/arm/board/bcm63xx_rom/src/libs/libmemsysinitlib_47622.a(shmoo28_shared_print.o)
                0x85217140                shmoo28_print_hex
 .text.shmoo28_print_report
                0x85217180      0x218 /disk3/bernie/project/RAX20/gpl/v20_build/V1.0.0.20_1.0.11/cfe/build/broadcom/build_cferom_nand/../../../cfe/arch/arm/board/bcm63xx_rom/src/libs/libmemsysinitlib_47622.a(shmoo28_shared_print.o)
                0x85217180                shmoo28_print_report
 .text.shmoo28_set_self_refresh
                0x85217398       0x2c /disk3/bernie/project/RAX20/gpl/v20_build/V1.0.0.20_1.0.11/cfe/build/broadcom/build_cferom_nand/../../../cfe/arch/arm/board/bcm63xx_rom/src/libs/libmemsysinitlib_47622.a(shmoo28_phy_g0.o)
                0x85217398                shmoo28_set_self_refresh
 .text.shmoo28_cmd_inj_pall
                0x852173c4       0x24 /disk3/bernie/project/RAX20/gpl/v20_build/V1.0.0.20_1.0.11/cfe/build/broadcom/build_cferom_nand/../../../cfe/arch/arm/board/bcm63xx_rom/src/libs/libmemsysinitlib_47622.a(shmoo28_phy_g0.o)
                0x852173c4                shmoo28_cmd_inj_pall
 .text.shmoo28_safe_clock_vdl_update
                0x852173e8       0xc4 /disk3/bernie/project/RAX20/gpl/v20_build/V1.0.0.20_1.0.11/cfe/build/broadcom/build_cferom_nand/../../../cfe/arch/arm/board/bcm63xx_rom/src/libs/libmemsysinitlib_47622.a(shmoo28_phy_g0.o)
                0x852173e8                shmoo28_safe_clock_vdl_update
 .text.shmoo28_dpfe_sequence_setup
                0x852174ac       0xc4 /disk3/bernie/project/RAX20/gpl/v20_build/V1.0.0.20_1.0.11/cfe/build/broadcom/build_cferom_nand/../../../cfe/arch/arm/board/bcm63xx_rom/src/libs/libmemsysinitlib_47622.a(shmoo28_phy_g0.o)
                0x852174ac                shmoo28_dpfe_sequence_setup
 .text.dpfe_sequencer_refresh_disable
                0x85217570       0x14 /disk3/bernie/project/RAX20/gpl/v20_build/V1.0.0.20_1.0.11/cfe/build/broadcom/build_cferom_nand/../../../cfe/arch/arm/board/bcm63xx_rom/src/libs/libmemsysinitlib_47622.a(shmoo28_phy_g0.o)
                0x85217570                dpfe_sequencer_refresh_disable
 .text.PUTCHAR  0x85217584       0x24 /disk3/bernie/project/RAX20/gpl/v20_build/V1.0.0.20_1.0.11/cfe/build/broadcom/build_cferom_nand/../../../cfe/arch/arm/board/bcm63xx_rom/src/libs/libmemsysinitlib_47622.a(shmoo_custom.o)
                0x85217584                PUTCHAR
 .text.DISABLE_ALL_MEMC_CLIENT_REQS
                0x852175a8       0x24 /disk3/bernie/project/RAX20/gpl/v20_build/V1.0.0.20_1.0.11/cfe/build/broadcom/build_cferom_nand/../../../cfe/arch/arm/board/bcm63xx_rom/src/libs/libmemsysinitlib_47622.a(shmoo_custom.o)
                0x852175a8                DISABLE_ALL_MEMC_CLIENT_REQS
 .text.RESTORE_ALL_MEMC_CLIENT_REQS
                0x852175cc       0x24 /disk3/bernie/project/RAX20/gpl/v20_build/V1.0.0.20_1.0.11/cfe/build/broadcom/build_cferom_nand/../../../cfe/arch/arm/board/bcm63xx_rom/src/libs/libmemsysinitlib_47622.a(shmoo_custom.o)
                0x852175cc                RESTORE_ALL_MEMC_CLIENT_REQS
 .text.DELAY_US
                0x852175f0       0x14 /disk3/bernie/project/RAX20/gpl/v20_build/V1.0.0.20_1.0.11/cfe/build/broadcom/build_cferom_nand/../../../cfe/arch/arm/board/bcm63xx_rom/src/libs/libmemsysinitlib_47622.a(shmoo_custom.o)
                0x852175f0                DELAY_US
 .text.memsys_init_get_ddr_type_str
                0x85217604       0x34 /disk3/bernie/project/RAX20/gpl/v20_build/V1.0.0.20_1.0.11/cfe/build/broadcom/build_cferom_nand/../../../cfe/arch/arm/board/bcm63xx_rom/src/libs/libmemsysinitlib_47622.a(memsys_init_shared.o)
                0x85217604                memsys_init_get_ddr_type_str
 .text.memsys_init_validate_ddr_type
                0x85217638        0xc /disk3/bernie/project/RAX20/gpl/v20_build/V1.0.0.20_1.0.11/cfe/build/broadcom/build_cferom_nand/../../../cfe/arch/arm/board/bcm63xx_rom/src/libs/libmemsysinitlib_47622.a(memsys_init_shared.o)
                0x85217638                memsys_init_validate_ddr_type
 .text.memsys_set_error
                0x85217644       0x74 /disk3/bernie/project/RAX20/gpl/v20_build/V1.0.0.20_1.0.11/cfe/build/broadcom/build_cferom_nand/../../../cfe/arch/arm/board/bcm63xx_rom/src/libs/libmemsysinitlib_47622.a(memsys_init_shared.o)
                0x85217644                memsys_set_error
 .text.memsys_has_error
                0x852176b8       0x28 /disk3/bernie/project/RAX20/gpl/v20_build/V1.0.0.20_1.0.11/cfe/build/broadcom/build_cferom_nand/../../../cfe/arch/arm/board/bcm63xx_rom/src/libs/libmemsysinitlib_47622.a(memsys_init_shared.o)
                0x852176b8                memsys_has_error
 .text.memsys_init_error
                0x852176e0       0x20 /disk3/bernie/project/RAX20/gpl/v20_build/V1.0.0.20_1.0.11/cfe/build/broadcom/build_cferom_nand/../../../cfe/arch/arm/board/bcm63xx_rom/src/libs/libmemsysinitlib_47622.a(memsys_init_shared.o)
                0x852176e0                memsys_init_error
 .text.memsys_get_version
                0x85217700       0x40 /disk3/bernie/project/RAX20/gpl/v20_build/V1.0.0.20_1.0.11/cfe/build/broadcom/build_cferom_nand/../../../cfe/arch/arm/board/bcm63xx_rom/src/libs/libmemsysinitlib_47622.a(memsys_init_shared.o)
                0x85217700                memsys_get_version
 .text.memsys_cleanup
                0x85217740       0x3c /disk3/bernie/project/RAX20/gpl/v20_build/V1.0.0.20_1.0.11/cfe/build/broadcom/build_cferom_nand/../../../cfe/arch/arm/board/bcm63xx_rom/src/libs/libmemsysinitlib_47622.a(memsys_init_shared.o)
                0x85217740                memsys_cleanup
 .text.memsys_init_power_down_unused_lanes
                0x8521777c        0x8 /disk3/bernie/project/RAX20/gpl/v20_build/V1.0.0.20_1.0.11/cfe/build/broadcom/build_cferom_nand/../../../cfe/arch/arm/board/bcm63xx_rom/src/libs/libmemsysinitlib_47622.a(memsys_init_shared.o)
                0x8521777c                memsys_init_power_down_unused_lanes
 .text.memsys_init_update_ldo_bias
                0x85217784       0x74 /disk3/bernie/project/RAX20/gpl/v20_build/V1.0.0.20_1.0.11/cfe/build/broadcom/build_cferom_nand/../../../cfe/arch/arm/board/bcm63xx_rom/src/libs/libmemsysinitlib_47622.a(memsys_init_shared.o)
                0x85217784                memsys_init_update_ldo_bias
 .text.memsys_init_print_dram_timing
                0x852177f8       0xb0 /disk3/bernie/project/RAX20/gpl/v20_build/V1.0.0.20_1.0.11/cfe/build/broadcom/build_cferom_nand/../../../cfe/arch/arm/board/bcm63xx_rom/src/libs/libmemsysinitlib_47622.a(memsys_init_shared.o)
                0x852177f8                memsys_init_print_dram_timing
 .text.shmoo28_get_bytes_to_tune
                0x852178a8       0x24 /disk3/bernie/project/RAX20/gpl/v20_build/V1.0.0.20_1.0.11/cfe/build/broadcom/build_cferom_nand/../../../cfe/arch/arm/board/bcm63xx_rom/src/libs/libmemsysinitlib_47622.a(memsys_init_shared.o)
                0x852178a8                shmoo28_get_bytes_to_tune
 .text.memsys_dispatch_shmoo
                0x852178cc       0xc0 /disk3/bernie/project/RAX20/gpl/v20_build/V1.0.0.20_1.0.11/cfe/build/broadcom/build_cferom_nand/../../../cfe/arch/arm/board/bcm63xx_rom/src/libs/libmemsysinitlib_47622.a(memsys_init_shared.o)
                0x852178cc                memsys_dispatch_shmoo
 .text.memsys_init_validate_ddr_width
                0x8521798c       0x4c /disk3/bernie/project/RAX20/gpl/v20_build/V1.0.0.20_1.0.11/cfe/build/broadcom/build_cferom_nand/../../../cfe/arch/arm/board/bcm63xx_rom/src/libs/libmemsysinitlib_47622.a(memsys_init_shared.o)
                0x8521798c                memsys_init_validate_ddr_width
 .text.memsys_init_save_ddr_info
                0x852179d8       0x78 /disk3/bernie/project/RAX20/gpl/v20_build/V1.0.0.20_1.0.11/cfe/build/broadcom/build_cferom_nand/../../../cfe/arch/arm/board/bcm63xx_rom/src/libs/libmemsysinitlib_47622.a(memsys_init_shared.o)
                0x852179d8                memsys_init_save_ddr_info
 .text.shmoo28_top
                0x85217a50      0x4a8 /disk3/bernie/project/RAX20/gpl/v20_build/V1.0.0.20_1.0.11/cfe/build/broadcom/build_cferom_nand/../../../cfe/arch/arm/board/bcm63xx_rom/src/libs/libmemsysinitlib_47622.a(shmoo28_ddr3_top.o)
                0x85217a50                shmoo28_top
 .text.shmoo28_addx_ctrl
                0x85217ef8        0x8 /disk3/bernie/project/RAX20/gpl/v20_build/V1.0.0.20_1.0.11/cfe/build/broadcom/build_cferom_nand/../../../cfe/arch/arm/board/bcm63xx_rom/src/libs/libmemsysinitlib_47622.a(shmoo28_ddr3_address_control.o)
                0x85217ef8                shmoo28_addx_ctrl
 .text.shmoo28_read_dqs_dq
                0x85217f00      0x63c /disk3/bernie/project/RAX20/gpl/v20_build/V1.0.0.20_1.0.11/cfe/build/broadcom/build_cferom_nand/../../../cfe/arch/arm/board/bcm63xx_rom/src/libs/libmemsysinitlib_47622.a(shmoo28_ddr3_read_dqs_dq.o)
                0x85217f00                shmoo28_read_dqs_dq
 .text.shmoo28_read_enable
                0x8521853c      0x754 /disk3/bernie/project/RAX20/gpl/v20_build/V1.0.0.20_1.0.11/cfe/build/broadcom/build_cferom_nand/../../../cfe/arch/arm/board/bcm63xx_rom/src/libs/libmemsysinitlib_47622.a(shmoo28_ddr3_read_enable.o)
                0x8521853c                shmoo28_read_enable
 .text.shmoo28_write_dqs_dq
                0x85218c90      0x5bc /disk3/bernie/project/RAX20/gpl/v20_build/V1.0.0.20_1.0.11/cfe/build/broadcom/build_cferom_nand/../../../cfe/arch/arm/board/bcm63xx_rom/src/libs/libmemsysinitlib_47622.a(shmoo28_ddr3_write_dqs_dq.o)
                0x85218c90                shmoo28_write_dqs_dq
 .text.shmoo28_ddr3_write_leveling_adjust_lde
                0x8521924c       0x24 /disk3/bernie/project/RAX20/gpl/v20_build/V1.0.0.20_1.0.11/cfe/build/broadcom/build_cferom_nand/../../../cfe/arch/arm/board/bcm63xx_rom/src/libs/libmemsysinitlib_47622.a(shmoo28_ddr3_write_leveling.o)
                0x8521924c                shmoo28_ddr3_write_leveling_adjust_lde
 .text.shmoo28_write_leveling
                0x85219270      0x648 /disk3/bernie/project/RAX20/gpl/v20_build/V1.0.0.20_1.0.11/cfe/build/broadcom/build_cferom_nand/../../../cfe/arch/arm/board/bcm63xx_rom/src/libs/libmemsysinitlib_47622.a(shmoo28_ddr3_write_leveling.o)
                0x85219270                shmoo28_write_leveling
 .text.shmoo28_write_dqs_dm
                0x852198b8      0x6a0 /disk3/bernie/project/RAX20/gpl/v20_build/V1.0.0.20_1.0.11/cfe/build/broadcom/build_cferom_nand/../../../cfe/arch/arm/board/bcm63xx_rom/src/libs/libmemsysinitlib_47622.a(shmoo28_ddr3_write_mask.o)
                0x852198b8                shmoo28_write_dqs_dm
 .text.shmoo28_mem_test
                0x85219f58      0x250 /disk3/bernie/project/RAX20/gpl/v20_build/V1.0.0.20_1.0.11/cfe/build/broadcom/build_cferom_nand/../../../cfe/arch/arm/board/bcm63xx_rom/src/libs/libmemsysinitlib_47622.a(shmoo28_dpfe_edis_mem_test.o)
                0x85219f58                shmoo28_mem_test
 .text.shmoo28_disable_edis_clock_gating
                0x8521a1a8       0x2c /disk3/bernie/project/RAX20/gpl/v20_build/V1.0.0.20_1.0.11/cfe/build/broadcom/build_cferom_nand/../../../cfe/arch/arm/board/bcm63xx_rom/src/libs/libmemsysinitlib_47622.a(shmoo28_shared_edis_control.o)
                0x8521a1a8                shmoo28_disable_edis_clock_gating
 .text.shmoo28_enable_edis_clock_gating
                0x8521a1d4       0x2c /disk3/bernie/project/RAX20/gpl/v20_build/V1.0.0.20_1.0.11/cfe/build/broadcom/build_cferom_nand/../../../cfe/arch/arm/board/bcm63xx_rom/src/libs/libmemsysinitlib_47622.a(shmoo28_shared_edis_control.o)
                0x8521a1d4                shmoo28_enable_edis_clock_gating
 .text.shmoo28_filter_find_largest
                0x8521a200      0x28c /disk3/bernie/project/RAX20/gpl/v20_build/V1.0.0.20_1.0.11/cfe/build/broadcom/build_cferom_nand/../../../cfe/arch/arm/board/bcm63xx_rom/src/libs/libmemsysinitlib_47622.a(shmoo28_shared_filter.o)
                0x8521a200                shmoo28_filter_find_largest
 *(.fini)

.glue_7         0x8521a48c        0x0
 .glue_7        0x8521a48c        0x0 linker stubs

.glue_7t        0x8521a48c        0x0
 .glue_7t       0x8521a48c        0x0 linker stubs

.vfp11_veneer   0x8521a48c        0x0
 .vfp11_veneer  0x8521a48c        0x0 linker stubs

.v4_bx          0x8521a48c        0x0
 .v4_bx         0x8521a48c        0x0 linker stubs

.iplt           0x8521a48c        0x0
 .iplt          0x8521a48c        0x0 init_arm.o

.ARM.exidx      0x8521a48c        0x8
                0x8521a48c                __exidx_start = .
 *(.ARM.exidx* .gnu.linkonce.armexidx.*)
 .ARM.exidx     0x8521a48c        0x8 /opt/toolchains/crosstools-arm-gcc-5.5-linux-4.1-glibc-2.26-binutils-2.28.1/lib/gcc/arm-buildroot-linux-gnueabi/5.5.0/libgcc.a(_udivmoddi4.o)
                0x8521a494                __exidx_end = .
                0x8521a494                . = ALIGN (0x4)
                0x8521a494                _etext = .
                0x8521a494                text_end = .
                0x8521a494                . = ALIGN (0x4)

.rodata         0x8521a494     0x1eac
                0x8521a494                rodata_start = .
 *(.rdata)
 *(.rdata.*)
 *(.rodata)
 .rodata        0x8521a494       0x34 bcm63xx_impl2_ddr_cinit.o
 .rodata        0x8521a4c8       0x10 bcm63xx_aes.o
 *(.rodata.*)
 .rodata.str1.1
                0x8521a4d8       0xb9 nandflash.o
 .rodata.str1.1
                0x8521a591       0xae bcm_ubi.o
 .rodata.str1.1
                0x8521a63f        0xa bcm63xx_boot_nand.o
 .rodata.str1.1
                0x8521a649       0x41 bcmSpiRes.o
 .rodata.str1.1
                0x8521a68a       0x37 bcm63xx_boot.o
 .rodata.str1.1
                0x8521a6c1       0x5c bcm63xx_init.o
 .rodata.str1.1
                0x8521a71d       0x66 bcm63xx_utils.o
 .rodata.str1.1
                0x8521a783      0xc66 bcm63xx_impl2_ddr_cinit.o
                                0xc6c (size before relaxing)
 .rodata.nTd    0x8521b3e9      0x100 bcm63xx_aes.o
 .rodata.nTe    0x8521b4e9      0x100 bcm63xx_aes.o
 *fill*         0x8521b5e9        0x3 
 .rodata.Td     0x8521b5ec      0x400 bcm63xx_aes.o
 .rodata.str1.1
                0x8521b9ec       0x39 dcapi.o
 *fill*         0x8521ba25        0x3 
 .rodata.k.3931
                0x8521ba28      0x100 bcm63xx_sha.o
 .rodata.crc32_table
                0x8521bb28      0x400 ./libcfe.a(lib_crc.o)
 .rodata.ldigits
                0x8521bf28       0x11 ./libcfe.a(lib_printf.o)
 .rodata.str1.1
                0x8521bf39        0x7 ./libcfe.a(lib_printf.o)
 .rodata.digits
                0x8521bf40       0x11 ./libcfe.a(lib_printf.o)
 .rodata.str1.1
                0x8521bf51       0x3f /disk3/bernie/project/RAX20/gpl/v20_build/V1.0.0.20_1.0.11/cfe/build/broadcom/build_cferom_nand/../../../cfe/arch/arm/board/bcm63xx_rom/src/libs/libmemsysinitlib_47622.a(memsys_init_hpg0_generic_memc.o)
                                 0x42 (size before relaxing)
 .rodata.str1.1
                0x8521bf90       0x76 /disk3/bernie/project/RAX20/gpl/v20_build/V1.0.0.20_1.0.11/cfe/build/broadcom/build_cferom_nand/../../../cfe/arch/arm/board/bcm63xx_rom/src/libs/libmemsysinitlib_47622.a(shmoo28_ddr3_address_control_alignment.o)
                                 0x7c (size before relaxing)
 .rodata.str1.1
                0x8521c006       0x69 /disk3/bernie/project/RAX20/gpl/v20_build/V1.0.0.20_1.0.11/cfe/build/broadcom/build_cferom_nand/../../../cfe/arch/arm/board/bcm63xx_rom/src/libs/libmemsysinitlib_47622.a(shmoo28_ddr3_zq_calibration.o)
 .rodata.str1.1
                0x8521c06f       0x24 /disk3/bernie/project/RAX20/gpl/v20_build/V1.0.0.20_1.0.11/cfe/build/broadcom/build_cferom_nand/../../../cfe/arch/arm/board/bcm63xx_rom/src/libs/libmemsysinitlib_47622.a(shmoo28_shared_hp_rx_trim.o)
 .rodata.str1.1
                0x8521c093       0xa8 /disk3/bernie/project/RAX20/gpl/v20_build/V1.0.0.20_1.0.11/cfe/build/broadcom/build_cferom_nand/../../../cfe/arch/arm/board/bcm63xx_rom/src/libs/libmemsysinitlib_47622.a(shmoo28_shared_misc.o)
 .rodata.str1.1
                0x8521c13b        0x4 /disk3/bernie/project/RAX20/gpl/v20_build/V1.0.0.20_1.0.11/cfe/build/broadcom/build_cferom_nand/../../../cfe/arch/arm/board/bcm63xx_rom/src/libs/libmemsysinitlib_47622.a(shmoo28_shared_print.o)
 .rodata.str1.1
                0x8521c13f       0x70 /disk3/bernie/project/RAX20/gpl/v20_build/V1.0.0.20_1.0.11/cfe/build/broadcom/build_cferom_nand/../../../cfe/arch/arm/board/bcm63xx_rom/src/libs/libmemsysinitlib_47622.a(memsys_init_shared.o)
                                 0x73 (size before relaxing)
 .rodata.str1.1
                0x8521c1af       0x42 /disk3/bernie/project/RAX20/gpl/v20_build/V1.0.0.20_1.0.11/cfe/build/broadcom/build_cferom_nand/../../../cfe/arch/arm/board/bcm63xx_rom/src/libs/libmemsysinitlib_47622.a(shmoo28_ddr3_top.o)
 .rodata.str1.1
                0x8521c1f1       0x2a /disk3/bernie/project/RAX20/gpl/v20_build/V1.0.0.20_1.0.11/cfe/build/broadcom/build_cferom_nand/../../../cfe/arch/arm/board/bcm63xx_rom/src/libs/libmemsysinitlib_47622.a(shmoo28_ddr3_read_dqs_dq.o)
                                 0x2c (size before relaxing)
 .rodata.str1.1
                0x8521c21b       0x68 /disk3/bernie/project/RAX20/gpl/v20_build/V1.0.0.20_1.0.11/cfe/build/broadcom/build_cferom_nand/../../../cfe/arch/arm/board/bcm63xx_rom/src/libs/libmemsysinitlib_47622.a(shmoo28_ddr3_read_enable.o)
                                 0x72 (size before relaxing)
 .rodata.str1.1
                0x8521c283       0x10 /disk3/bernie/project/RAX20/gpl/v20_build/V1.0.0.20_1.0.11/cfe/build/broadcom/build_cferom_nand/../../../cfe/arch/arm/board/bcm63xx_rom/src/libs/libmemsysinitlib_47622.a(shmoo28_ddr3_write_dqs_dq.o)
 .rodata.str1.1
                0x8521c293       0x98 /disk3/bernie/project/RAX20/gpl/v20_build/V1.0.0.20_1.0.11/cfe/build/broadcom/build_cferom_nand/../../../cfe/arch/arm/board/bcm63xx_rom/src/libs/libmemsysinitlib_47622.a(shmoo28_ddr3_write_leveling.o)
 .rodata.str1.1
                0x8521c32b       0x10 /disk3/bernie/project/RAX20/gpl/v20_build/V1.0.0.20_1.0.11/cfe/build/broadcom/build_cferom_nand/../../../cfe/arch/arm/board/bcm63xx_rom/src/libs/libmemsysinitlib_47622.a(shmoo28_ddr3_write_mask.o)
                                 0x18 (size before relaxing)
                0x8521c340                . = ALIGN (0x8)
 *fill*         0x8521c33b        0x5 
                0x8521c340                rodata_end = .

.rel.dyn        0x8521c340        0x0
 .rel.iplt      0x8521c340        0x0 init_arm.o
                0x8521c340                . = ALIGN (0x4)

.data           0x8521c340     0x36d8
                0x8521c340                data_start = .
                0x8521c340                _fdata = .
 *(.data)
 .data          0x8521c340     0x1004 exception.o
                0x8521c340                trap_hook
                0x8521c344                exc_stack
 *(.data.*)
 .data.g_bname_cmp_len
                0x8521d344        0x4 bcm63xx_boot_nand.o
                0x8521d344                g_bname_cmp_len
 .data.g_ubi_seqno_id
                0x8521d348        0xb bcm63xx_boot_nand.o
                0x8521d348                g_ubi_seqno_id
 *fill*         0x8521d353        0x1 
 .data.g_bname_actual_len
                0x8521d354        0x4 bcm63xx_boot_nand.o
                0x8521d354                g_bname_actual_len
 .data.g_bname  0x8521d358        0xd bcm63xx_boot_nand.o
                0x8521d358                g_bname
 *fill*         0x8521d365        0x3 
 .data.bcmSpiCtrlState
                0x8521d368       0x20 bcmSpiRes.o
                0x8521d368                bcmSpiCtrlState
 .data.bcmHsPllFreq
                0x8521d388        0x4 bcmHsSpi.o
                0x8521d388                bcmHsPllFreq
 .data.hsSpiMaxRW
                0x8521d38c        0x4 bcmHsSpi.o
                0x8521d38c                hsSpiMaxRW
 .data.spi_flash_clock
                0x8521d390        0x4 spinandflash.o
 .data.spi_max_op_len
                0x8521d394        0x4 spinandflash.o
 .data.str_ssc  0x8521d398       0x10 bcm63xx_impl2_ddr_cinit.o
                0x8521d398                str_ssc
 .data.str_speed
                0x8521d3a8       0x48 bcm63xx_impl2_ddr_cinit.o
                0x8521d3a8                str_speed
 .data.memc_addr_tbl
                0x8521d3f0      0x900 bcm63xx_impl2_ddr_cinit.o
                0x8521d3f0                memc_addr_tbl
 .data.mcb_47622A_780MHz_16b_dev2Gx8_DDR3_1600K_ssc_1per_HT_ASR
                0x8521dcf0      0x260 mcb.o
                0x8521dcf0                mcb_47622A_780MHz_16b_dev2Gx8_DDR3_1600K_ssc_1per_HT_ASR
 .data.mcb_47622A_780MHz_16b_dev8Gx16_DDR3_1600K_ssc_1per_HT_ASR
                0x8521df50      0x260 mcb.o
                0x8521df50                mcb_47622A_780MHz_16b_dev8Gx16_DDR3_1600K_ssc_1per_HT_ASR
 .data.mcb_47622A_780MHz_16b_dev4Gx8_DDR3_1600K_ssc_1per_HT_ASR
                0x8521e1b0      0x260 mcb.o
                0x8521e1b0                mcb_47622A_780MHz_16b_dev4Gx8_DDR3_1600K_ssc_1per_HT_ASR
 .data.mcb_47622A_1067MHz_16b_dev8Gx8_DDR3_2133N_ssc_1per_HT_ASR
                0x8521e410      0x260 mcb.o
                0x8521e410                mcb_47622A_1067MHz_16b_dev8Gx8_DDR3_2133N_ssc_1per_HT_ASR
 .data.mcb_47622A_780MHz_16b_dev2Gx16_DDR3_1600K_ssc_1per_HT_ASR
                0x8521e670      0x260 mcb.o
                0x8521e670                mcb_47622A_780MHz_16b_dev2Gx16_DDR3_1600K_ssc_1per_HT_ASR
 .data.mcb_47622A_1067MHz_16b_dev2Gx16_DDR3_2133N_ssc_1per_HT_ASR
                0x8521e8d0      0x260 mcb.o
                0x8521e8d0                mcb_47622A_1067MHz_16b_dev2Gx16_DDR3_2133N_ssc_1per_HT_ASR
 .data.mcb_47622A_1067MHz_16b_dev8Gx16_DDR3_2133N_ssc_1per_HT_ASR
                0x8521eb30      0x260 mcb.o
                0x8521eb30                mcb_47622A_1067MHz_16b_dev8Gx16_DDR3_2133N_ssc_1per_HT_ASR
 .data.mcb_47622A_1067MHz_16b_dev4Gx8_DDR3_2133N_ssc_1per_HT_ASR
                0x8521ed90      0x260 mcb.o
                0x8521ed90                mcb_47622A_1067MHz_16b_dev4Gx8_DDR3_2133N_ssc_1per_HT_ASR
 .data.mcb_47622A_1067MHz_16b_dev2Gx8_DDR3_2133N_ssc_1per_HT_ASR
                0x8521eff0      0x260 mcb.o
                0x8521eff0                mcb_47622A_1067MHz_16b_dev2Gx8_DDR3_2133N_ssc_1per_HT_ASR
 .data.mcb_47622A_780MHz_16b_dev4Gx16_DDR3_1600K_ssc_1per_HT_ASR
                0x8521f250      0x260 mcb.o
                0x8521f250                mcb_47622A_780MHz_16b_dev4Gx16_DDR3_1600K_ssc_1per_HT_ASR
 .data.mcb_47622A_1067MHz_16b_dev4Gx16_DDR3_2133N_ssc_1per_HT_ASR
                0x8521f4b0      0x260 mcb.o
                0x8521f4b0                mcb_47622A_1067MHz_16b_dev4Gx16_DDR3_2133N_ssc_1per_HT_ASR
 .data.mcb_47622A_780MHz_16b_dev8Gx8_DDR3_1600K_ssc_1per_HT_ASR
                0x8521f710      0x260 mcb.o
                0x8521f710                mcb_47622A_780MHz_16b_dev8Gx8_DDR3_1600K_ssc_1per_HT_ASR
 .data.MCB      0x8521f970       0xa8 mcb.o
                0x8521f970                MCB
 *(.sdata)
                0x8521fa18                . = ALIGN (0x4)
                0x8521fa18                data_end = .
                0x8521fa18                _edata = .
                0x00013a18                _romsize = (_edata - _ftext)

.igot.plt       0x8521fa18        0x0
 .igot.plt      0x8521fa18        0x0 init_arm.o
                0x8521fa18                . = ALIGN (0x4)

.bss            0x8521fa18     0x144c
                0x8521fa18                _fbss = .
                0x8521fa18                bss_start = .
 *(.sbss)
 *(.scommon)
 *(.bss)
 *(.bss.*)
 .bss._obj      0x8521fa18      0x254 bcm63xx_sec.o
 .bss.g_chip    0x8521fc6c       0x2c nandflash.o
                0x8521fc6c                g_chip
 .bss.g_fname_actual_len
                0x8521fc98        0x4 bcm63xx_boot_nand.o
                0x8521fc98                g_fname_actual_len
 .bss.g_fname_cmp_len
                0x8521fc9c        0x4 bcm63xx_boot_nand.o
                0x8521fc9c                g_fname_cmp_len
 .bss.spi_flash_busnum
                0x8521fca0        0x4 spinandflash.o
 .bss.g_spinand_chip
                0x8521fca4       0x24 spinandflash.o
                0x8521fca4                g_spinand_chip
 .bss.pmc_mode  0x8521fcc8        0x4 pmc_drv.o
 .bss.fast_cpu_clock
                0x8521fccc        0x4 bcm63xx_clock.o
                0x8521fccc                fast_cpu_clock
 .bss.nvram_data
                0x8521fcd0      0x400 bcm63xx_utils.o
 .bss.mc_cfg    0x852200d0      0x314 bcm63xx_impl2_ddr_cinit.o
 .bss.is_safemode
                0x852203e4        0x4 bcm63xx_impl2_ddr_cinit.o
                0x852203e4                is_safemode
 .bss.memcfg    0x852203e8        0x4 bcm63xx_impl2_ddr_cinit.o
                0x852203e8                memcfg
 .bss.memc_dram_profile
                0x852203ec       0xbc bcm63xx_impl2_ddr_cinit.o
 .bss.output.4185
                0x852204a8      0x120 bcm63xx_rsa.o
 .bss.tmp.4186  0x852205c8      0x248 bcm63xx_rsa.o
 .bss.input.4183
                0x85220810      0x120 bcm63xx_rsa.o
 .bss.modulus.4184
                0x85220930      0x120 bcm63xx_rsa.o
 .bss.buffer.3960
                0x85220a50      0x400 ./libcfe.a(lib_printf.o)
 .bss.xprinthook
                0x85220e50        0x4 ./libcfe.a(lib_printf.o)
                0x85220e50                xprinthook
 .bss.nested.3959
                0x85220e54        0x1 ./libcfe.a(lib_printf.o)
 *fill*         0x85220e55        0x3 
 .bss.memsys_global_top_params_ptr
                0x85220e58        0x4 /disk3/bernie/project/RAX20/gpl/v20_build/V1.0.0.20_1.0.11/cfe/build/broadcom/build_cferom_nand/../../../cfe/arch/arm/board/bcm63xx_rom/src/libs/libmemsysinitlib_47622.a(memsys_init_shared.o)
                0x85220e58                memsys_global_top_params_ptr
 .bss.memsys_global_flow_control_callbacks_ptr
                0x85220e5c        0x4 /disk3/bernie/project/RAX20/gpl/v20_build/V1.0.0.20_1.0.11/cfe/build/broadcom/build_cferom_nand/../../../cfe/arch/arm/board/bcm63xx_rom/src/libs/libmemsysinitlib_47622.a(memsys_init_shared.o)
                0x85220e5c                memsys_global_flow_control_callbacks_ptr
 .bss.memsys_global_system_callbacks_ptr
                0x85220e60        0x4 /disk3/bernie/project/RAX20/gpl/v20_build/V1.0.0.20_1.0.11/cfe/build/broadcom/build_cferom_nand/../../../cfe/arch/arm/board/bcm63xx_rom/src/libs/libmemsysinitlib_47622.a(memsys_init_shared.o)
                0x85220e60                memsys_global_system_callbacks_ptr
 *(COMMON)
                0x85220e64                . = ALIGN (0x4)
                0x85220e64                bss_end = .

/DISCARD/
 *(.dynstr*)
 *(.dynamic*)
 *(.plt*)
 *(.interp*)
 *(.gnu*)
                0x85220e64                _end = .
Address of section .text set to 0x8520c000
LOAD init_arm.o
LOAD exception.o
LOAD secondary_entry.o
LOAD bcm63xx_storage_dev.o
LOAD bcm63xx_common.o
LOAD bcm63xx_ipc.o
LOAD bcm63xx_sec.o
LOAD nandflash.o
LOAD bcm_ubi.o
LOAD bcm63xx_boot_nand.o
LOAD bcmSpiRes.o
LOAD bcmHsSpi.o
LOAD spinandflash.o
LOAD pmc_drv.o
LOAD clk_rst.o
LOAD bcm_otp_impl1.o
LOAD bcm63xx_ddr.o
LOAD bcm63xx_main.o
LOAD bcm63xx_boot.o
LOAD bcm63xx_clock.o
LOAD bcm63xx_init.o
LOAD bcm63xx_utils.o
LOAD bcm63xx_impl1_rom_boot.o
LOAD bcm63xx_impl2_ddr_cinit.o
LOAD mcb.o
LOAD bcm63xx_impl4_common.o
LOAD bcm63xx_impl2_smp.o
LOAD bcm63xx_impl1_otp.o
LOAD 47622_mmu_map.o
LOAD bcm63xx_aes.o
LOAD bcm63xx_encr_if.o
LOAD LzmaDecode.o
LOAD dcapi.o
LOAD bcm63xx_rsa.o
LOAD bcm63xx_sha.o
LOAD bcm63xx_auth_if.o
LOAD noflashimg.o
LOAD ./libcfe.a
LOAD /disk3/bernie/project/RAX20/gpl/v20_build/V1.0.0.20_1.0.11/cfe/build/broadcom/build_cferom_nand/../../../cfe/arch/arm/board/bcm63xx_rom/src/libs/libmemsysinitlib_47622.a
LOAD /opt/toolchains/crosstools-arm-gcc-5.5-linux-4.1-glibc-2.26-binutils-2.28.1/lib/gcc/arm-buildroot-linux-gnueabi/5.5.0/libgcc.a
OUTPUT(cfe47622rom elf32-littlearm)

.ARM.attributes
                0x00000000       0x2f
 .ARM.attributes
                0x00000000       0x1f init_arm.o
 .ARM.attributes
                0x0000001f       0x1d exception.o
 .ARM.attributes
                0x0000003c       0x2d bcm63xx_sec.o
 .ARM.attributes
                0x00000069       0x2d nandflash.o
 .ARM.attributes
                0x00000096       0x2d bcm_ubi.o
 .ARM.attributes
                0x000000c3       0x2d bcm63xx_boot_nand.o
 .ARM.attributes
                0x000000f0       0x2d bcmSpiRes.o
 .ARM.attributes
                0x0000011d       0x2d bcmHsSpi.o
 .ARM.attributes
                0x0000014a       0x2d spinandflash.o
 .ARM.attributes
                0x00000177       0x2d pmc_drv.o
 .ARM.attributes
                0x000001a4       0x2d bcm_otp_impl1.o
 .ARM.attributes
                0x000001d1       0x2d bcm63xx_ddr.o
 .ARM.attributes
                0x000001fe       0x2d bcm63xx_main.o
 .ARM.attributes
                0x0000022b       0x2d bcm63xx_boot.o
 .ARM.attributes
                0x00000258       0x2d bcm63xx_clock.o
 .ARM.attributes
                0x00000285       0x2d bcm63xx_init.o
 .ARM.attributes
                0x000002b2       0x2d bcm63xx_utils.o
 .ARM.attributes
                0x000002df       0x1d bcm63xx_impl1_rom_boot.o
 .ARM.attributes
                0x000002fc       0x2d bcm63xx_impl2_ddr_cinit.o
 .ARM.attributes
                0x00000329       0x2d mcb.o
 .ARM.attributes
                0x00000356       0x1d bcm63xx_impl4_common.o
 .ARM.attributes
                0x00000373       0x1d 47622_mmu_map.o
 .ARM.attributes
                0x00000390       0x2d bcm63xx_aes.o
 .ARM.attributes
                0x000003bd       0x2d bcm63xx_encr_if.o
 .ARM.attributes
                0x000003ea       0x2d LzmaDecode.o
 .ARM.attributes
                0x00000417       0x2d dcapi.o
 .ARM.attributes
                0x00000444       0x2d bcm63xx_rsa.o
 .ARM.attributes
                0x00000471       0x2d bcm63xx_sha.o
 .ARM.attributes
                0x0000049e       0x2d bcm63xx_auth_if.o
 .ARM.attributes
                0x000004cb       0x1d ./libcfe.a(armv7_l1cache.o)
 .ARM.attributes
                0x000004e8       0x1d ./libcfe.a(armv7_cpuinit.o)
 .ARM.attributes
                0x00000505       0x1d ./libcfe.a(mmu_map.o)
 .ARM.attributes
                0x00000522       0x2d ./libcfe.a(lib_string.o)
 .ARM.attributes
                0x0000054f       0x2d ./libcfe.a(lib_crc.o)
 .ARM.attributes
                0x0000057c       0x2d ./libcfe.a(lib_printf.o)
 .ARM.attributes
                0x000005a9       0x2d /disk3/bernie/project/RAX20/gpl/v20_build/V1.0.0.20_1.0.11/cfe/build/broadcom/build_cferom_nand/../../../cfe/arch/arm/board/bcm63xx_rom/src/libs/libmemsysinitlib_47622.a(memsys_init_hpg0_generic_memc.o)
 .ARM.attributes
                0x000005d6       0x2d /disk3/bernie/project/RAX20/gpl/v20_build/V1.0.0.20_1.0.11/cfe/build/broadcom/build_cferom_nand/../../../cfe/arch/arm/board/bcm63xx_rom/src/libs/libmemsysinitlib_47622.a(ddr34_phy_init.o)
 .ARM.attributes
                0x00000603       0x2d /disk3/bernie/project/RAX20/gpl/v20_build/V1.0.0.20_1.0.11/cfe/build/broadcom/build_cferom_nand/../../../cfe/arch/arm/board/bcm63xx_rom/src/libs/libmemsysinitlib_47622.a(ddr34_phy_init_extension.o)
 .ARM.attributes
                0x00000630       0x2d /disk3/bernie/project/RAX20/gpl/v20_build/V1.0.0.20_1.0.11/cfe/build/broadcom/build_cferom_nand/../../../cfe/arch/arm/board/bcm63xx_rom/src/libs/libmemsysinitlib_47622.a(shmoo28_ddr3_address_control_alignment.o)
 .ARM.attributes
                0x0000065d       0x2d /disk3/bernie/project/RAX20/gpl/v20_build/V1.0.0.20_1.0.11/cfe/build/broadcom/build_cferom_nand/../../../cfe/arch/arm/board/bcm63xx_rom/src/libs/libmemsysinitlib_47622.a(shmoo28_ddr3_zq_calibration.o)
 .ARM.attributes
                0x0000068a       0x2d /disk3/bernie/project/RAX20/gpl/v20_build/V1.0.0.20_1.0.11/cfe/build/broadcom/build_cferom_nand/../../../cfe/arch/arm/board/bcm63xx_rom/src/libs/libmemsysinitlib_47622.a(shmoo28_shared_hp_rx_trim.o)
 .ARM.attributes
                0x000006b7       0x2d /disk3/bernie/project/RAX20/gpl/v20_build/V1.0.0.20_1.0.11/cfe/build/broadcom/build_cferom_nand/../../../cfe/arch/arm/board/bcm63xx_rom/src/libs/libmemsysinitlib_47622.a(shmoo28_shared_misc.o)
 .ARM.attributes
                0x000006e4       0x2d /disk3/bernie/project/RAX20/gpl/v20_build/V1.0.0.20_1.0.11/cfe/build/broadcom/build_cferom_nand/../../../cfe/arch/arm/board/bcm63xx_rom/src/libs/libmemsysinitlib_47622.a(shmoo28_shared_print.o)
 .ARM.attributes
                0x00000711       0x2d /disk3/bernie/project/RAX20/gpl/v20_build/V1.0.0.20_1.0.11/cfe/build/broadcom/build_cferom_nand/../../../cfe/arch/arm/board/bcm63xx_rom/src/libs/libmemsysinitlib_47622.a(shmoo28_phy_g0.o)
 .ARM.attributes
                0x0000073e       0x2d /disk3/bernie/project/RAX20/gpl/v20_build/V1.0.0.20_1.0.11/cfe/build/broadcom/build_cferom_nand/../../../cfe/arch/arm/board/bcm63xx_rom/src/libs/libmemsysinitlib_47622.a(shmoo_custom.o)
 .ARM.attributes
                0x0000076b       0x2d /disk3/bernie/project/RAX20/gpl/v20_build/V1.0.0.20_1.0.11/cfe/build/broadcom/build_cferom_nand/../../../cfe/arch/arm/board/bcm63xx_rom/src/libs/libmemsysinitlib_47622.a(memsys_init_shared.o)
 .ARM.attributes
                0x00000798       0x2d /disk3/bernie/project/RAX20/gpl/v20_build/V1.0.0.20_1.0.11/cfe/build/broadcom/build_cferom_nand/../../../cfe/arch/arm/board/bcm63xx_rom/src/libs/libmemsysinitlib_47622.a(shmoo28_ddr3_top.o)
 .ARM.attributes
                0x000007c5       0x2d /disk3/bernie/project/RAX20/gpl/v20_build/V1.0.0.20_1.0.11/cfe/build/broadcom/build_cferom_nand/../../../cfe/arch/arm/board/bcm63xx_rom/src/libs/libmemsysinitlib_47622.a(shmoo28_ddr3_address_control.o)
 .ARM.attributes
                0x000007f2       0x2d /disk3/bernie/project/RAX20/gpl/v20_build/V1.0.0.20_1.0.11/cfe/build/broadcom/build_cferom_nand/../../../cfe/arch/arm/board/bcm63xx_rom/src/libs/libmemsysinitlib_47622.a(shmoo28_ddr3_read_dqs_dq.o)
 .ARM.attributes
                0x0000081f       0x2d /disk3/bernie/project/RAX20/gpl/v20_build/V1.0.0.20_1.0.11/cfe/build/broadcom/build_cferom_nand/../../../cfe/arch/arm/board/bcm63xx_rom/src/libs/libmemsysinitlib_47622.a(shmoo28_ddr3_read_enable.o)
 .ARM.attributes
                0x0000084c       0x2d /disk3/bernie/project/RAX20/gpl/v20_build/V1.0.0.20_1.0.11/cfe/build/broadcom/build_cferom_nand/../../../cfe/arch/arm/board/bcm63xx_rom/src/libs/libmemsysinitlib_47622.a(shmoo28_ddr3_write_dqs_dq.o)
 .ARM.attributes
                0x00000879       0x2d /disk3/bernie/project/RAX20/gpl/v20_build/V1.0.0.20_1.0.11/cfe/build/broadcom/build_cferom_nand/../../../cfe/arch/arm/board/bcm63xx_rom/src/libs/libmemsysinitlib_47622.a(shmoo28_ddr3_write_leveling.o)
 .ARM.attributes
                0x000008a6       0x2d /disk3/bernie/project/RAX20/gpl/v20_build/V1.0.0.20_1.0.11/cfe/build/broadcom/build_cferom_nand/../../../cfe/arch/arm/board/bcm63xx_rom/src/libs/libmemsysinitlib_47622.a(shmoo28_ddr3_write_mask.o)
 .ARM.attributes
                0x000008d3       0x2d /disk3/bernie/project/RAX20/gpl/v20_build/V1.0.0.20_1.0.11/cfe/build/broadcom/build_cferom_nand/../../../cfe/arch/arm/board/bcm63xx_rom/src/libs/libmemsysinitlib_47622.a(shmoo28_dpfe_edis_mem_test.o)
 .ARM.attributes
                0x00000900       0x2d /disk3/bernie/project/RAX20/gpl/v20_build/V1.0.0.20_1.0.11/cfe/build/broadcom/build_cferom_nand/../../../cfe/arch/arm/board/bcm63xx_rom/src/libs/libmemsysinitlib_47622.a(shmoo28_shared_edis_control.o)
 .ARM.attributes
                0x0000092d       0x2d /disk3/bernie/project/RAX20/gpl/v20_build/V1.0.0.20_1.0.11/cfe/build/broadcom/build_cferom_nand/../../../cfe/arch/arm/board/bcm63xx_rom/src/libs/libmemsysinitlib_47622.a(shmoo28_shared_filter.o)
 .ARM.attributes
                0x0000095a       0x29 /opt/toolchains/crosstools-arm-gcc-5.5-linux-4.1-glibc-2.26-binutils-2.28.1/lib/gcc/arm-buildroot-linux-gnueabi/5.5.0/libgcc.a(_udivsi3.o)
 .ARM.attributes
                0x00000983       0x29 /opt/toolchains/crosstools-arm-gcc-5.5-linux-4.1-glibc-2.26-binutils-2.28.1/lib/gcc/arm-buildroot-linux-gnueabi/5.5.0/libgcc.a(_divsi3.o)
 .ARM.attributes
                0x000009ac       0x29 /opt/toolchains/crosstools-arm-gcc-5.5-linux-4.1-glibc-2.26-binutils-2.28.1/lib/gcc/arm-buildroot-linux-gnueabi/5.5.0/libgcc.a(_aeabi_uldivmod.o)
 .ARM.attributes
                0x000009d5       0x29 /opt/toolchains/crosstools-arm-gcc-5.5-linux-4.1-glibc-2.26-binutils-2.28.1/lib/gcc/arm-buildroot-linux-gnueabi/5.5.0/libgcc.a(_dvmd_lnx.o)
 .ARM.attributes
                0x000009fe       0x39 /opt/toolchains/crosstools-arm-gcc-5.5-linux-4.1-glibc-2.26-binutils-2.28.1/lib/gcc/arm-buildroot-linux-gnueabi/5.5.0/libgcc.a(_udivmoddi4.o)
 .ARM.attributes
                0x00000a37       0x29 /opt/toolchains/crosstools-arm-gcc-5.5-linux-4.1-glibc-2.26-binutils-2.28.1/lib/gcc/arm-buildroot-linux-gnueabi/5.5.0/libgcc.a(_lshrdi3.o)
 .ARM.attributes
                0x00000a60       0x29 /opt/toolchains/crosstools-arm-gcc-5.5-linux-4.1-glibc-2.26-binutils-2.28.1/lib/gcc/arm-buildroot-linux-gnueabi/5.5.0/libgcc.a(_ashldi3.o)

.comment        0x00000000       0x40
 .comment       0x00000000       0x21 bcm63xx_sec.o
                                 0x22 (size before relaxing)
 .comment       0x00000021       0x22 nandflash.o
 .comment       0x00000021       0x22 bcm_ubi.o
 .comment       0x00000021       0x22 bcm63xx_boot_nand.o
 .comment       0x00000021       0x22 bcmSpiRes.o
 .comment       0x00000021       0x22 bcmHsSpi.o
 .comment       0x00000021       0x22 spinandflash.o
 .comment       0x00000021       0x22 pmc_drv.o
 .comment       0x00000021       0x22 bcm_otp_impl1.o
 .comment       0x00000021       0x22 bcm63xx_ddr.o
 .comment       0x00000021       0x22 bcm63xx_main.o
 .comment       0x00000021       0x22 bcm63xx_boot.o
 .comment       0x00000021       0x22 bcm63xx_clock.o
 .comment       0x00000021       0x22 bcm63xx_init.o
 .comment       0x00000021       0x22 bcm63xx_utils.o
 .comment       0x00000021       0x22 bcm63xx_impl2_ddr_cinit.o
 .comment       0x00000021       0x22 mcb.o
 .comment       0x00000021       0x22 bcm63xx_aes.o
 .comment       0x00000021       0x22 bcm63xx_encr_if.o
 .comment       0x00000021       0x22 LzmaDecode.o
 .comment       0x00000021       0x22 dcapi.o
 .comment       0x00000021       0x22 bcm63xx_rsa.o
 .comment       0x00000021       0x22 bcm63xx_sha.o
 .comment       0x00000021       0x22 bcm63xx_auth_if.o
 .comment       0x00000021       0x22 ./libcfe.a(lib_string.o)
 .comment       0x00000021       0x22 ./libcfe.a(lib_crc.o)
 .comment       0x00000021       0x22 ./libcfe.a(lib_printf.o)
 .comment       0x00000021       0x1f /disk3/bernie/project/RAX20/gpl/v20_build/V1.0.0.20_1.0.11/cfe/build/broadcom/build_cferom_nand/../../../cfe/arch/arm/board/bcm63xx_rom/src/libs/libmemsysinitlib_47622.a(memsys_init_hpg0_generic_memc.o)
                                 0x20 (size before relaxing)
 .comment       0x00000040       0x20 /disk3/bernie/project/RAX20/gpl/v20_build/V1.0.0.20_1.0.11/cfe/build/broadcom/build_cferom_nand/../../../cfe/arch/arm/board/bcm63xx_rom/src/libs/libmemsysinitlib_47622.a(ddr34_phy_init.o)
 .comment       0x00000040       0x20 /disk3/bernie/project/RAX20/gpl/v20_build/V1.0.0.20_1.0.11/cfe/build/broadcom/build_cferom_nand/../../../cfe/arch/arm/board/bcm63xx_rom/src/libs/libmemsysinitlib_47622.a(ddr34_phy_init_extension.o)
 .comment       0x00000040       0x20 /disk3/bernie/project/RAX20/gpl/v20_build/V1.0.0.20_1.0.11/cfe/build/broadcom/build_cferom_nand/../../../cfe/arch/arm/board/bcm63xx_rom/src/libs/libmemsysinitlib_47622.a(shmoo28_ddr3_address_control_alignment.o)
 .comment       0x00000040       0x20 /disk3/bernie/project/RAX20/gpl/v20_build/V1.0.0.20_1.0.11/cfe/build/broadcom/build_cferom_nand/../../../cfe/arch/arm/board/bcm63xx_rom/src/libs/libmemsysinitlib_47622.a(shmoo28_ddr3_zq_calibration.o)
 .comment       0x00000040       0x20 /disk3/bernie/project/RAX20/gpl/v20_build/V1.0.0.20_1.0.11/cfe/build/broadcom/build_cferom_nand/../../../cfe/arch/arm/board/bcm63xx_rom/src/libs/libmemsysinitlib_47622.a(shmoo28_shared_hp_rx_trim.o)
 .comment       0x00000040       0x20 /disk3/bernie/project/RAX20/gpl/v20_build/V1.0.0.20_1.0.11/cfe/build/broadcom/build_cferom_nand/../../../cfe/arch/arm/board/bcm63xx_rom/src/libs/libmemsysinitlib_47622.a(shmoo28_shared_misc.o)
 .comment       0x00000040       0x20 /disk3/bernie/project/RAX20/gpl/v20_build/V1.0.0.20_1.0.11/cfe/build/broadcom/build_cferom_nand/../../../cfe/arch/arm/board/bcm63xx_rom/src/libs/libmemsysinitlib_47622.a(shmoo28_shared_print.o)
 .comment       0x00000040       0x20 /disk3/bernie/project/RAX20/gpl/v20_build/V1.0.0.20_1.0.11/cfe/build/broadcom/build_cferom_nand/../../../cfe/arch/arm/board/bcm63xx_rom/src/libs/libmemsysinitlib_47622.a(shmoo28_phy_g0.o)
 .comment       0x00000040       0x20 /disk3/bernie/project/RAX20/gpl/v20_build/V1.0.0.20_1.0.11/cfe/build/broadcom/build_cferom_nand/../../../cfe/arch/arm/board/bcm63xx_rom/src/libs/libmemsysinitlib_47622.a(shmoo_custom.o)
 .comment       0x00000040       0x20 /disk3/bernie/project/RAX20/gpl/v20_build/V1.0.0.20_1.0.11/cfe/build/broadcom/build_cferom_nand/../../../cfe/arch/arm/board/bcm63xx_rom/src/libs/libmemsysinitlib_47622.a(memsys_init_shared.o)
 .comment       0x00000040       0x20 /disk3/bernie/project/RAX20/gpl/v20_build/V1.0.0.20_1.0.11/cfe/build/broadcom/build_cferom_nand/../../../cfe/arch/arm/board/bcm63xx_rom/src/libs/libmemsysinitlib_47622.a(shmoo28_ddr3_top.o)
 .comment       0x00000040       0x20 /disk3/bernie/project/RAX20/gpl/v20_build/V1.0.0.20_1.0.11/cfe/build/broadcom/build_cferom_nand/../../../cfe/arch/arm/board/bcm63xx_rom/src/libs/libmemsysinitlib_47622.a(shmoo28_ddr3_address_control.o)
 .comment       0x00000040       0x20 /disk3/bernie/project/RAX20/gpl/v20_build/V1.0.0.20_1.0.11/cfe/build/broadcom/build_cferom_nand/../../../cfe/arch/arm/board/bcm63xx_rom/src/libs/libmemsysinitlib_47622.a(shmoo28_ddr3_read_dqs_dq.o)
 .comment       0x00000040       0x20 /disk3/bernie/project/RAX20/gpl/v20_build/V1.0.0.20_1.0.11/cfe/build/broadcom/build_cferom_nand/../../../cfe/arch/arm/board/bcm63xx_rom/src/libs/libmemsysinitlib_47622.a(shmoo28_ddr3_read_enable.o)
 .comment       0x00000040       0x20 /disk3/bernie/project/RAX20/gpl/v20_build/V1.0.0.20_1.0.11/cfe/build/broadcom/build_cferom_nand/../../../cfe/arch/arm/board/bcm63xx_rom/src/libs/libmemsysinitlib_47622.a(shmoo28_ddr3_write_dqs_dq.o)
 .comment       0x00000040       0x20 /disk3/bernie/project/RAX20/gpl/v20_build/V1.0.0.20_1.0.11/cfe/build/broadcom/build_cferom_nand/../../../cfe/arch/arm/board/bcm63xx_rom/src/libs/libmemsysinitlib_47622.a(shmoo28_ddr3_write_leveling.o)
 .comment       0x00000040       0x20 /disk3/bernie/project/RAX20/gpl/v20_build/V1.0.0.20_1.0.11/cfe/build/broadcom/build_cferom_nand/../../../cfe/arch/arm/board/bcm63xx_rom/src/libs/libmemsysinitlib_47622.a(shmoo28_ddr3_write_mask.o)
 .comment       0x00000040       0x20 /disk3/bernie/project/RAX20/gpl/v20_build/V1.0.0.20_1.0.11/cfe/build/broadcom/build_cferom_nand/../../../cfe/arch/arm/board/bcm63xx_rom/src/libs/libmemsysinitlib_47622.a(shmoo28_dpfe_edis_mem_test.o)
 .comment       0x00000040       0x20 /disk3/bernie/project/RAX20/gpl/v20_build/V1.0.0.20_1.0.11/cfe/build/broadcom/build_cferom_nand/../../../cfe/arch/arm/board/bcm63xx_rom/src/libs/libmemsysinitlib_47622.a(shmoo28_shared_edis_control.o)
 .comment       0x00000040       0x20 /disk3/bernie/project/RAX20/gpl/v20_build/V1.0.0.20_1.0.11/cfe/build/broadcom/build_cferom_nand/../../../cfe/arch/arm/board/bcm63xx_rom/src/libs/libmemsysinitlib_47622.a(shmoo28_shared_filter.o)
 .comment       0x00000040       0x22 /opt/toolchains/crosstools-arm-gcc-5.5-linux-4.1-glibc-2.26-binutils-2.28.1/lib/gcc/arm-buildroot-linux-gnueabi/5.5.0/libgcc.a(_udivmoddi4.o)

.note.GNU-stack
                0x00000000        0x0
 .note.GNU-stack
                0x00000000        0x0 bcm63xx_sec.o
 .note.GNU-stack
                0x00000000        0x0 nandflash.o
 .note.GNU-stack
                0x00000000        0x0 bcm_ubi.o
 .note.GNU-stack
                0x00000000        0x0 bcm63xx_boot_nand.o
 .note.GNU-stack
                0x00000000        0x0 bcmSpiRes.o
 .note.GNU-stack
                0x00000000        0x0 bcmHsSpi.o
 .note.GNU-stack
                0x00000000        0x0 spinandflash.o
 .note.GNU-stack
                0x00000000        0x0 pmc_drv.o
 .note.GNU-stack
                0x00000000        0x0 bcm_otp_impl1.o
 .note.GNU-stack
                0x00000000        0x0 bcm63xx_ddr.o
 .note.GNU-stack
                0x00000000        0x0 bcm63xx_main.o
 .note.GNU-stack
                0x00000000        0x0 bcm63xx_boot.o
 .note.GNU-stack
                0x00000000        0x0 bcm63xx_clock.o
 .note.GNU-stack
                0x00000000        0x0 bcm63xx_init.o
 .note.GNU-stack
                0x00000000        0x0 bcm63xx_utils.o
 .note.GNU-stack
                0x00000000        0x0 bcm63xx_impl2_ddr_cinit.o
 .note.GNU-stack
                0x00000000        0x0 mcb.o
 .note.GNU-stack
                0x00000000        0x0 bcm63xx_aes.o
 .note.GNU-stack
                0x00000000        0x0 bcm63xx_encr_if.o
 .note.GNU-stack
                0x00000000        0x0 LzmaDecode.o
 .note.GNU-stack
                0x00000000        0x0 dcapi.o
 .note.GNU-stack
                0x00000000        0x0 bcm63xx_rsa.o
 .note.GNU-stack
                0x00000000        0x0 bcm63xx_sha.o
 .note.GNU-stack
                0x00000000        0x0 bcm63xx_auth_if.o
 .note.GNU-stack
                0x00000000        0x0 ./libcfe.a(lib_string.o)
 .note.GNU-stack
                0x00000000        0x0 ./libcfe.a(lib_crc.o)
 .note.GNU-stack
                0x00000000        0x0 ./libcfe.a(lib_printf.o)
 .note.GNU-stack
                0x00000000        0x0 /disk3/bernie/project/RAX20/gpl/v20_build/V1.0.0.20_1.0.11/cfe/build/broadcom/build_cferom_nand/../../../cfe/arch/arm/board/bcm63xx_rom/src/libs/libmemsysinitlib_47622.a(memsys_init_hpg0_generic_memc.o)
 .note.GNU-stack
                0x00000000        0x0 /disk3/bernie/project/RAX20/gpl/v20_build/V1.0.0.20_1.0.11/cfe/build/broadcom/build_cferom_nand/../../../cfe/arch/arm/board/bcm63xx_rom/src/libs/libmemsysinitlib_47622.a(ddr34_phy_init.o)
 .note.GNU-stack
                0x00000000        0x0 /disk3/bernie/project/RAX20/gpl/v20_build/V1.0.0.20_1.0.11/cfe/build/broadcom/build_cferom_nand/../../../cfe/arch/arm/board/bcm63xx_rom/src/libs/libmemsysinitlib_47622.a(ddr34_phy_init_extension.o)
 .note.GNU-stack
                0x00000000        0x0 /disk3/bernie/project/RAX20/gpl/v20_build/V1.0.0.20_1.0.11/cfe/build/broadcom/build_cferom_nand/../../../cfe/arch/arm/board/bcm63xx_rom/src/libs/libmemsysinitlib_47622.a(shmoo28_ddr3_address_control_alignment.o)
 .note.GNU-stack
                0x00000000        0x0 /disk3/bernie/project/RAX20/gpl/v20_build/V1.0.0.20_1.0.11/cfe/build/broadcom/build_cferom_nand/../../../cfe/arch/arm/board/bcm63xx_rom/src/libs/libmemsysinitlib_47622.a(shmoo28_ddr3_zq_calibration.o)
 .note.GNU-stack
                0x00000000        0x0 /disk3/bernie/project/RAX20/gpl/v20_build/V1.0.0.20_1.0.11/cfe/build/broadcom/build_cferom_nand/../../../cfe/arch/arm/board/bcm63xx_rom/src/libs/libmemsysinitlib_47622.a(shmoo28_shared_hp_rx_trim.o)
 .note.GNU-stack
                0x00000000        0x0 /disk3/bernie/project/RAX20/gpl/v20_build/V1.0.0.20_1.0.11/cfe/build/broadcom/build_cferom_nand/../../../cfe/arch/arm/board/bcm63xx_rom/src/libs/libmemsysinitlib_47622.a(shmoo28_shared_misc.o)
 .note.GNU-stack
                0x00000000        0x0 /disk3/bernie/project/RAX20/gpl/v20_build/V1.0.0.20_1.0.11/cfe/build/broadcom/build_cferom_nand/../../../cfe/arch/arm/board/bcm63xx_rom/src/libs/libmemsysinitlib_47622.a(shmoo28_shared_print.o)
 .note.GNU-stack
                0x00000000        0x0 /disk3/bernie/project/RAX20/gpl/v20_build/V1.0.0.20_1.0.11/cfe/build/broadcom/build_cferom_nand/../../../cfe/arch/arm/board/bcm63xx_rom/src/libs/libmemsysinitlib_47622.a(shmoo28_phy_g0.o)
 .note.GNU-stack
                0x00000000        0x0 /disk3/bernie/project/RAX20/gpl/v20_build/V1.0.0.20_1.0.11/cfe/build/broadcom/build_cferom_nand/../../../cfe/arch/arm/board/bcm63xx_rom/src/libs/libmemsysinitlib_47622.a(shmoo_custom.o)
 .note.GNU-stack
                0x00000000        0x0 /disk3/bernie/project/RAX20/gpl/v20_build/V1.0.0.20_1.0.11/cfe/build/broadcom/build_cferom_nand/../../../cfe/arch/arm/board/bcm63xx_rom/src/libs/libmemsysinitlib_47622.a(memsys_init_shared.o)
 .note.GNU-stack
                0x00000000        0x0 /disk3/bernie/project/RAX20/gpl/v20_build/V1.0.0.20_1.0.11/cfe/build/broadcom/build_cferom_nand/../../../cfe/arch/arm/board/bcm63xx_rom/src/libs/libmemsysinitlib_47622.a(shmoo28_ddr3_top.o)
 .note.GNU-stack
                0x00000000        0x0 /disk3/bernie/project/RAX20/gpl/v20_build/V1.0.0.20_1.0.11/cfe/build/broadcom/build_cferom_nand/../../../cfe/arch/arm/board/bcm63xx_rom/src/libs/libmemsysinitlib_47622.a(shmoo28_ddr3_address_control.o)
 .note.GNU-stack
                0x00000000        0x0 /disk3/bernie/project/RAX20/gpl/v20_build/V1.0.0.20_1.0.11/cfe/build/broadcom/build_cferom_nand/../../../cfe/arch/arm/board/bcm63xx_rom/src/libs/libmemsysinitlib_47622.a(shmoo28_ddr3_read_dqs_dq.o)
 .note.GNU-stack
                0x00000000        0x0 /disk3/bernie/project/RAX20/gpl/v20_build/V1.0.0.20_1.0.11/cfe/build/broadcom/build_cferom_nand/../../../cfe/arch/arm/board/bcm63xx_rom/src/libs/libmemsysinitlib_47622.a(shmoo28_ddr3_read_enable.o)
 .note.GNU-stack
                0x00000000        0x0 /disk3/bernie/project/RAX20/gpl/v20_build/V1.0.0.20_1.0.11/cfe/build/broadcom/build_cferom_nand/../../../cfe/arch/arm/board/bcm63xx_rom/src/libs/libmemsysinitlib_47622.a(shmoo28_ddr3_write_dqs_dq.o)
 .note.GNU-stack
                0x00000000        0x0 /disk3/bernie/project/RAX20/gpl/v20_build/V1.0.0.20_1.0.11/cfe/build/broadcom/build_cferom_nand/../../../cfe/arch/arm/board/bcm63xx_rom/src/libs/libmemsysinitlib_47622.a(shmoo28_ddr3_write_leveling.o)
 .note.GNU-stack
                0x00000000        0x0 /disk3/bernie/project/RAX20/gpl/v20_build/V1.0.0.20_1.0.11/cfe/build/broadcom/build_cferom_nand/../../../cfe/arch/arm/board/bcm63xx_rom/src/libs/libmemsysinitlib_47622.a(shmoo28_ddr3_write_mask.o)
 .note.GNU-stack
                0x00000000        0x0 /disk3/bernie/project/RAX20/gpl/v20_build/V1.0.0.20_1.0.11/cfe/build/broadcom/build_cferom_nand/../../../cfe/arch/arm/board/bcm63xx_rom/src/libs/libmemsysinitlib_47622.a(shmoo28_dpfe_edis_mem_test.o)
 .note.GNU-stack
                0x00000000        0x0 /disk3/bernie/project/RAX20/gpl/v20_build/V1.0.0.20_1.0.11/cfe/build/broadcom/build_cferom_nand/../../../cfe/arch/arm/board/bcm63xx_rom/src/libs/libmemsysinitlib_47622.a(shmoo28_shared_edis_control.o)
 .note.GNU-stack
                0x00000000        0x0 /disk3/bernie/project/RAX20/gpl/v20_build/V1.0.0.20_1.0.11/cfe/build/broadcom/build_cferom_nand/../../../cfe/arch/arm/board/bcm63xx_rom/src/libs/libmemsysinitlib_47622.a(shmoo28_shared_filter.o)
 .note.GNU-stack
                0x00000000        0x0 /opt/toolchains/crosstools-arm-gcc-5.5-linux-4.1-glibc-2.26-binutils-2.28.1/lib/gcc/arm-buildroot-linux-gnueabi/5.5.0/libgcc.a(_udivsi3.o)
 .note.GNU-stack
                0x00000000        0x0 /opt/toolchains/crosstools-arm-gcc-5.5-linux-4.1-glibc-2.26-binutils-2.28.1/lib/gcc/arm-buildroot-linux-gnueabi/5.5.0/libgcc.a(_divsi3.o)
 .note.GNU-stack
                0x00000000        0x0 /opt/toolchains/crosstools-arm-gcc-5.5-linux-4.1-glibc-2.26-binutils-2.28.1/lib/gcc/arm-buildroot-linux-gnueabi/5.5.0/libgcc.a(_aeabi_uldivmod.o)
 .note.GNU-stack
                0x00000000        0x0 /opt/toolchains/crosstools-arm-gcc-5.5-linux-4.1-glibc-2.26-binutils-2.28.1/lib/gcc/arm-buildroot-linux-gnueabi/5.5.0/libgcc.a(_dvmd_lnx.o)
 .note.GNU-stack
                0x00000000        0x0 /opt/toolchains/crosstools-arm-gcc-5.5-linux-4.1-glibc-2.26-binutils-2.28.1/lib/gcc/arm-buildroot-linux-gnueabi/5.5.0/libgcc.a(_udivmoddi4.o)
 .note.GNU-stack
                0x00000000        0x0 /opt/toolchains/crosstools-arm-gcc-5.5-linux-4.1-glibc-2.26-binutils-2.28.1/lib/gcc/arm-buildroot-linux-gnueabi/5.5.0/libgcc.a(_lshrdi3.o)
 .note.GNU-stack
                0x00000000        0x0 /opt/toolchains/crosstools-arm-gcc-5.5-linux-4.1-glibc-2.26-binutils-2.28.1/lib/gcc/arm-buildroot-linux-gnueabi/5.5.0/libgcc.a(_ashldi3.o)

.debug_line     0x00000000     0xba11
 .debug_line    0x00000000      0x28a init_arm.o
 .debug_line    0x0000028a      0x1c2 exception.o
 .debug_line    0x0000044c      0x4fc bcm63xx_sec.o
 .debug_line    0x00000948      0x515 nandflash.o
 .debug_line    0x00000e5d      0x331 bcm_ubi.o
 .debug_line    0x0000118e      0x7c7 bcm63xx_boot_nand.o
 .debug_line    0x00001955      0x278 bcmSpiRes.o
 .debug_line    0x00001bcd      0x353 bcmHsSpi.o
 .debug_line    0x00001f20      0x413 spinandflash.o
 .debug_line    0x00002333      0x75a pmc_drv.o
 .debug_line    0x00002a8d      0x3a2 bcm_otp_impl1.o
 .debug_line    0x00002e2f      0x29a bcm63xx_ddr.o
 .debug_line    0x000030c9      0x16f bcm63xx_main.o
 .debug_line    0x00003238      0x35a bcm63xx_boot.o
 .debug_line    0x00003592      0x30a bcm63xx_clock.o
 .debug_line    0x0000389c      0x3ee bcm63xx_init.o
 .debug_line    0x00003c8a      0x44c bcm63xx_utils.o
 .debug_line    0x000040d6      0x181 bcm63xx_impl1_rom_boot.o
 .debug_line    0x00004257      0x5f4 bcm63xx_impl2_ddr_cinit.o
 .debug_line    0x0000484b      0xe03 mcb.o
 .debug_line    0x0000564e      0x1a7 bcm63xx_impl4_common.o
 .debug_line    0x000057f5      0x100 47622_mmu_map.o
 .debug_line    0x000058f5      0x1d6 bcm63xx_aes.o
 .debug_line    0x00005acb      0x1b0 bcm63xx_encr_if.o
 .debug_line    0x00005c7b      0x3a8 LzmaDecode.o
 .debug_line    0x00006023      0x23f dcapi.o
 .debug_line    0x00006262      0x4d9 bcm63xx_rsa.o
 .debug_line    0x0000673b      0x261 bcm63xx_sha.o
 .debug_line    0x0000699c      0x11b bcm63xx_auth_if.o
 .debug_line    0x00006ab7      0x21d ./libcfe.a(armv7_l1cache.o)
 .debug_line    0x00006cd4      0x17d ./libcfe.a(armv7_cpuinit.o)
 .debug_line    0x00006e51      0x10e ./libcfe.a(mmu_map.o)
 .debug_line    0x00006f5f      0x424 ./libcfe.a(lib_string.o)
 .debug_line    0x00007383      0x133 ./libcfe.a(lib_crc.o)
 .debug_line    0x000074b6      0x2e3 ./libcfe.a(lib_printf.o)
 .debug_line    0x00007799      0x31e /disk3/bernie/project/RAX20/gpl/v20_build/V1.0.0.20_1.0.11/cfe/build/broadcom/build_cferom_nand/../../../cfe/arch/arm/board/bcm63xx_rom/src/libs/libmemsysinitlib_47622.a(memsys_init_hpg0_generic_memc.o)
 .debug_line    0x00007ab7      0x652 /disk3/bernie/project/RAX20/gpl/v20_build/V1.0.0.20_1.0.11/cfe/build/broadcom/build_cferom_nand/../../../cfe/arch/arm/board/bcm63xx_rom/src/libs/libmemsysinitlib_47622.a(ddr34_phy_init.o)
 .debug_line    0x00008109      0x1c0 /disk3/bernie/project/RAX20/gpl/v20_build/V1.0.0.20_1.0.11/cfe/build/broadcom/build_cferom_nand/../../../cfe/arch/arm/board/bcm63xx_rom/src/libs/libmemsysinitlib_47622.a(ddr34_phy_init_extension.o)
 .debug_line    0x000082c9      0x1fb /disk3/bernie/project/RAX20/gpl/v20_build/V1.0.0.20_1.0.11/cfe/build/broadcom/build_cferom_nand/../../../cfe/arch/arm/board/bcm63xx_rom/src/libs/libmemsysinitlib_47622.a(shmoo28_ddr3_address_control_alignment.o)
 .debug_line    0x000084c4      0x3db /disk3/bernie/project/RAX20/gpl/v20_build/V1.0.0.20_1.0.11/cfe/build/broadcom/build_cferom_nand/../../../cfe/arch/arm/board/bcm63xx_rom/src/libs/libmemsysinitlib_47622.a(shmoo28_ddr3_zq_calibration.o)
 .debug_line    0x0000889f      0x270 /disk3/bernie/project/RAX20/gpl/v20_build/V1.0.0.20_1.0.11/cfe/build/broadcom/build_cferom_nand/../../../cfe/arch/arm/board/bcm63xx_rom/src/libs/libmemsysinitlib_47622.a(shmoo28_shared_hp_rx_trim.o)
 .debug_line    0x00008b0f      0x47d /disk3/bernie/project/RAX20/gpl/v20_build/V1.0.0.20_1.0.11/cfe/build/broadcom/build_cferom_nand/../../../cfe/arch/arm/board/bcm63xx_rom/src/libs/libmemsysinitlib_47622.a(shmoo28_shared_misc.o)
 .debug_line    0x00008f8c      0x286 /disk3/bernie/project/RAX20/gpl/v20_build/V1.0.0.20_1.0.11/cfe/build/broadcom/build_cferom_nand/../../../cfe/arch/arm/board/bcm63xx_rom/src/libs/libmemsysinitlib_47622.a(shmoo28_shared_print.o)
 .debug_line    0x00009212      0x24a /disk3/bernie/project/RAX20/gpl/v20_build/V1.0.0.20_1.0.11/cfe/build/broadcom/build_cferom_nand/../../../cfe/arch/arm/board/bcm63xx_rom/src/libs/libmemsysinitlib_47622.a(shmoo28_phy_g0.o)
 .debug_line    0x0000945c      0x1fe /disk3/bernie/project/RAX20/gpl/v20_build/V1.0.0.20_1.0.11/cfe/build/broadcom/build_cferom_nand/../../../cfe/arch/arm/board/bcm63xx_rom/src/libs/libmemsysinitlib_47622.a(shmoo_custom.o)
 .debug_line    0x0000965a      0x3d1 /disk3/bernie/project/RAX20/gpl/v20_build/V1.0.0.20_1.0.11/cfe/build/broadcom/build_cferom_nand/../../../cfe/arch/arm/board/bcm63xx_rom/src/libs/libmemsysinitlib_47622.a(memsys_init_shared.o)
 .debug_line    0x00009a2b      0x309 /disk3/bernie/project/RAX20/gpl/v20_build/V1.0.0.20_1.0.11/cfe/build/broadcom/build_cferom_nand/../../../cfe/arch/arm/board/bcm63xx_rom/src/libs/libmemsysinitlib_47622.a(shmoo28_ddr3_top.o)
 .debug_line    0x00009d34      0x17f /disk3/bernie/project/RAX20/gpl/v20_build/V1.0.0.20_1.0.11/cfe/build/broadcom/build_cferom_nand/../../../cfe/arch/arm/board/bcm63xx_rom/src/libs/libmemsysinitlib_47622.a(shmoo28_ddr3_address_control.o)
 .debug_line    0x00009eb3      0x398 /disk3/bernie/project/RAX20/gpl/v20_build/V1.0.0.20_1.0.11/cfe/build/broadcom/build_cferom_nand/../../../cfe/arch/arm/board/bcm63xx_rom/src/libs/libmemsysinitlib_47622.a(shmoo28_ddr3_read_dqs_dq.o)
 .debug_line    0x0000a24b      0x406 /disk3/bernie/project/RAX20/gpl/v20_build/V1.0.0.20_1.0.11/cfe/build/broadcom/build_cferom_nand/../../../cfe/arch/arm/board/bcm63xx_rom/src/libs/libmemsysinitlib_47622.a(shmoo28_ddr3_read_enable.o)
 .debug_line    0x0000a651      0x357 /disk3/bernie/project/RAX20/gpl/v20_build/V1.0.0.20_1.0.11/cfe/build/broadcom/build_cferom_nand/../../../cfe/arch/arm/board/bcm63xx_rom/src/libs/libmemsysinitlib_47622.a(shmoo28_ddr3_write_dqs_dq.o)
 .debug_line    0x0000a9a8      0x3ea /disk3/bernie/project/RAX20/gpl/v20_build/V1.0.0.20_1.0.11/cfe/build/broadcom/build_cferom_nand/../../../cfe/arch/arm/board/bcm63xx_rom/src/libs/libmemsysinitlib_47622.a(shmoo28_ddr3_write_leveling.o)
 .debug_line    0x0000ad92      0x391 /disk3/bernie/project/RAX20/gpl/v20_build/V1.0.0.20_1.0.11/cfe/build/broadcom/build_cferom_nand/../../../cfe/arch/arm/board/bcm63xx_rom/src/libs/libmemsysinitlib_47622.a(shmoo28_ddr3_write_mask.o)
 .debug_line    0x0000b123      0x25c /disk3/bernie/project/RAX20/gpl/v20_build/V1.0.0.20_1.0.11/cfe/build/broadcom/build_cferom_nand/../../../cfe/arch/arm/board/bcm63xx_rom/src/libs/libmemsysinitlib_47622.a(shmoo28_dpfe_edis_mem_test.o)
 .debug_line    0x0000b37f      0x192 /disk3/bernie/project/RAX20/gpl/v20_build/V1.0.0.20_1.0.11/cfe/build/broadcom/build_cferom_nand/../../../cfe/arch/arm/board/bcm63xx_rom/src/libs/libmemsysinitlib_47622.a(shmoo28_shared_edis_control.o)
 .debug_line    0x0000b511      0x214 /disk3/bernie/project/RAX20/gpl/v20_build/V1.0.0.20_1.0.11/cfe/build/broadcom/build_cferom_nand/../../../cfe/arch/arm/board/bcm63xx_rom/src/libs/libmemsysinitlib_47622.a(shmoo28_shared_filter.o)
 .debug_line    0x0000b725       0x73 /opt/toolchains/crosstools-arm-gcc-5.5-linux-4.1-glibc-2.26-binutils-2.28.1/lib/gcc/arm-buildroot-linux-gnueabi/5.5.0/libgcc.a(_udivsi3.o)
 .debug_line    0x0000b798       0x7f /opt/toolchains/crosstools-arm-gcc-5.5-linux-4.1-glibc-2.26-binutils-2.28.1/lib/gcc/arm-buildroot-linux-gnueabi/5.5.0/libgcc.a(_divsi3.o)
 .debug_line    0x0000b817       0x57 /opt/toolchains/crosstools-arm-gcc-5.5-linux-4.1-glibc-2.26-binutils-2.28.1/lib/gcc/arm-buildroot-linux-gnueabi/5.5.0/libgcc.a(_aeabi_uldivmod.o)
 .debug_line    0x0000b86e       0x5a /opt/toolchains/crosstools-arm-gcc-5.5-linux-4.1-glibc-2.26-binutils-2.28.1/lib/gcc/arm-buildroot-linux-gnueabi/5.5.0/libgcc.a(_dvmd_lnx.o)
 .debug_line    0x0000b8c8       0x8f /opt/toolchains/crosstools-arm-gcc-5.5-linux-4.1-glibc-2.26-binutils-2.28.1/lib/gcc/arm-buildroot-linux-gnueabi/5.5.0/libgcc.a(_udivmoddi4.o)
 .debug_line    0x0000b957       0x5d /opt/toolchains/crosstools-arm-gcc-5.5-linux-4.1-glibc-2.26-binutils-2.28.1/lib/gcc/arm-buildroot-linux-gnueabi/5.5.0/libgcc.a(_lshrdi3.o)
 .debug_line    0x0000b9b4       0x5d /opt/toolchains/crosstools-arm-gcc-5.5-linux-4.1-glibc-2.26-binutils-2.28.1/lib/gcc/arm-buildroot-linux-gnueabi/5.5.0/libgcc.a(_ashldi3.o)

.debug_info     0x00000000    0x237f6
 .debug_info    0x00000000      0x110 init_arm.o
 .debug_info    0x00000110      0x111 exception.o
 .debug_info    0x00000221      0x930 bcm63xx_sec.o
 .debug_info    0x00000b51     0x1327 nandflash.o
 .debug_info    0x00001e78      0x66a bcm_ubi.o
 .debug_info    0x000024e2     0x1754 bcm63xx_boot_nand.o
 .debug_info    0x00003c36      0x55e bcmSpiRes.o
 .debug_info    0x00004194      0x932 bcmHsSpi.o
 .debug_info    0x00004ac6      0xc06 spinandflash.o
 .debug_info    0x000056cc     0x325f pmc_drv.o
 .debug_info    0x0000892b      0x7a9 bcm_otp_impl1.o
 .debug_info    0x000090d4      0x156 bcm63xx_ddr.o
 .debug_info    0x0000922a       0xf6 bcm63xx_main.o
 .debug_info    0x00009320      0x3e4 bcm63xx_boot.o
 .debug_info    0x00009704      0x2ac bcm63xx_clock.o
 .debug_info    0x000099b0      0x54b bcm63xx_init.o
 .debug_info    0x00009efb     0x20ee bcm63xx_utils.o
 .debug_info    0x0000bfe9      0x129 bcm63xx_impl1_rom_boot.o
 .debug_info    0x0000c112     0x366c bcm63xx_impl2_ddr_cinit.o
 .debug_info    0x0000f77e      0x45e mcb.o
 .debug_info    0x0000fbdc      0x12a bcm63xx_impl4_common.o
 .debug_info    0x0000fd06      0x123 47622_mmu_map.o
 .debug_info    0x0000fe29      0x452 bcm63xx_aes.o
 .debug_info    0x0001027b      0x5c3 bcm63xx_encr_if.o
 .debug_info    0x0001083e      0x4e9 LzmaDecode.o
 .debug_info    0x00010d27      0x2f5 dcapi.o
 .debug_info    0x0001101c     0x18c8 bcm63xx_rsa.o
 .debug_info    0x000128e4      0x673 bcm63xx_sha.o