Archive member included to satisfy reference by file (symbol)

./libcfe.a(exchandler.o)      bcm63xx_main.o (cfe_setup_exceptions)
./libcfe.a(lib_setjmp.o)      ./libcfe.a(exchandler.o) (lib_setjmp)
./libcfe.a(armv7_l1cache.o)   init_arm.o (armv7_l1cache_enable_i)
./libcfe.a(armv7_cpuinit.o)   init_arm.o (armv7_gic_secure_init)
./libcfe.a(mmu_map.o)         47622_mmu_map.o (mmu_init_table)
./libcfe.a(lib_malloc.o)      dev_arm_pl011_uart.o (kmempool)
./libcfe.a(lib_printf.o)      dev_arm_pl011_uart.o (xsprintf)
./libcfe.a(lib_queue.o)       bcm63xx_env_subr.o (q_enqueue)
./libcfe.a(lib_string.o)      bcm63xx_board.o (lib_strcpy)
./libcfe.a(lib_crc.o)         bcm63xx_util.o (lib_get_crc32)
./libcfe.a(cfe_attach.o)      dev_arm_pl011_uart.o (cfe_attach)
./libcfe.a(cfe_iocb_dispatch.o)
                              bcm63xx_main.o (cfe_device_poll)
./libcfe.a(cfe_devfuncs.o)    bcm63xx_sec.o (cfe_flushcache)
./libcfe.a(cfe_console.o)     bcm63xx_httpd.o (g_console_abort)
./libcfe.a(cfe_mem.o)         ./libcfe.a(cfe_iocb_dispatch.o) (mem_bootarea_start)
./libcfe.a(cfe_timer.o)       bcm63xx_httpd.o (cfe_ticks)
./libcfe.a(cfe_background.o)  bcm63xx_main.o (cfe_bg_init)
./libcfe.a(build_date.o)      bcm63xx_main.o (builddate)
./libcfe.a(cfe_filesys.o)     bcm63xx_ldr_raw.o (cfe_findfilesys)
./libcfe.a(ui_command.o)      bcm63xx_cmd.o (cmd_getarg)
./libcfe.a(ui_cmddisp.o)      bcm63xx_cmd.o (ui_showerror)
./libcfe.a(ui_tftpd.o)        ./libcfe.a(cfe_timer.o) (get_tftpd_state)
./libcfe.a(ui_netcmds.o)      bcm63xx_cmd.o (ui_init_netcmds)
./libcfe.a(net_tftp.o)        ./libcfe.a(cfe_filesys.o) (tftp_fileops)
./libcfe.a(net_ip.o)          bcm63xx_net_icmp.o (_ip_alloc)
./libcfe.a(net_dns.o)         ./libcfe.a(ui_netcmds.o) (dns_lookup)
./libcfe.a(net_arp.o)         ./libcfe.a(net_ip.o) (_arp_lookup_and_send)
./libcfe.a(net_api.o)         ./libcfe.a(net_tftp.o) (udp_alloc)
./libcfe.a(net_tcp.o)         ./libcfe.a(net_api.o) (_tcp_init)
./libcfe.a(net_tcpbuf.o)      ./libcfe.a(net_tcp.o) (tmb_init)
./libcfe.a(net_nmrp.o)        bcm63xx_cmd.o (nmrp_server_detected)
./libcfe.a(dcapi.o)           bcm63xx_util.o (LzmaGetUncompSize)
./libcfe.a(fdt_ro.o)          bcm63xx_dtb.o (fdt_path_offset)
./libcfe.a(fdt_rw.o)          bcm63xx_dtb.o (fdt_setprop)
./libcfe.a(fdt_wip.o)         ./libcfe.a(fdt_rw.o) (_fdt_node_end_offset)
./libcfe.a(arm_arena.o)       ./libcfe.a(cfe_mem.o) (cfe_bootarea_init)
./libcfe.a(armv7_arena.o)     ./libcfe.a(cfe_mem.o) (armv7_arena_init)
./libcfe.a(lib_string2.o)     ./libcfe.a(cfe_attach.o) (lib_strdup)
./libcfe.a(lib_arena.o)       ./libcfe.a(armv7_arena.o) (arena_init)
./libcfe.a(net_ether.o)       ./libcfe.a(net_ip.o) (eth_broadcast)
./libcfe.a(net_udp.o)         ./libcfe.a(net_api.o) (_udp_socket)
./libcfe.a(LzmaDecode.o)      ./libcfe.a(dcapi.o) (LzmaDecodeProperties)
./libcfe.a(fdt.o)             ./libcfe.a(fdt_ro.o) (fdt_check_header)
/opt/toolchains/crosstools-arm-gcc-5.5-linux-4.1-glibc-2.26-binutils-2.28.1/lib/gcc/arm-buildroot-linux-gnueabi/5.5.0/libgcc.a(_udivsi3.o)
                              bcm63xx_storage_dev.o (__aeabi_uidiv)
/opt/toolchains/crosstools-arm-gcc-5.5-linux-4.1-glibc-2.26-binutils-2.28.1/lib/gcc/arm-buildroot-linux-gnueabi/5.5.0/libgcc.a(_divsi3.o)
                              dev_arm_pl011_uart.o (__aeabi_idiv)
/opt/toolchains/crosstools-arm-gcc-5.5-linux-4.1-glibc-2.26-binutils-2.28.1/lib/gcc/arm-buildroot-linux-gnueabi/5.5.0/libgcc.a(_aeabi_uldivmod.o)
                              ./libcfe.a(lib_printf.o) (__aeabi_uldivmod)
/opt/toolchains/crosstools-arm-gcc-5.5-linux-4.1-glibc-2.26-binutils-2.28.1/lib/gcc/arm-buildroot-linux-gnueabi/5.5.0/libgcc.a(_dvmd_lnx.o)
                              /opt/toolchains/crosstools-arm-gcc-5.5-linux-4.1-glibc-2.26-binutils-2.28.1/lib/gcc/arm-buildroot-linux-gnueabi/5.5.0/libgcc.a(_udivsi3.o) (__aeabi_idiv0)
/opt/toolchains/crosstools-arm-gcc-5.5-linux-4.1-glibc-2.26-binutils-2.28.1/lib/gcc/arm-buildroot-linux-gnueabi/5.5.0/libgcc.a(_udivmoddi4.o)
                              /opt/toolchains/crosstools-arm-gcc-5.5-linux-4.1-glibc-2.26-binutils-2.28.1/lib/gcc/arm-buildroot-linux-gnueabi/5.5.0/libgcc.a(_aeabi_uldivmod.o) (__udivmoddi4)
/opt/toolchains/crosstools-arm-gcc-5.5-linux-4.1-glibc-2.26-binutils-2.28.1/lib/gcc/arm-buildroot-linux-gnueabi/5.5.0/libgcc.a(_lshrdi3.o)
                              /opt/toolchains/crosstools-arm-gcc-5.5-linux-4.1-glibc-2.26-binutils-2.28.1/lib/gcc/arm-buildroot-linux-gnueabi/5.5.0/libgcc.a(_udivmoddi4.o) (__aeabi_llsr)
/opt/toolchains/crosstools-arm-gcc-5.5-linux-4.1-glibc-2.26-binutils-2.28.1/lib/gcc/arm-buildroot-linux-gnueabi/5.5.0/libgcc.a(_ashldi3.o)
                              /opt/toolchains/crosstools-arm-gcc-5.5-linux-4.1-glibc-2.26-binutils-2.28.1/lib/gcc/arm-buildroot-linux-gnueabi/5.5.0/libgcc.a(_udivmoddi4.o) (__aeabi_llsl)

Discarded input sections

 .text          0x00000000        0x0 init_arm.o
 .data          0x00000000        0x0 init_arm.o
[...]
Memory Configuration

Name             Origin             Length             Attributes
*default*        0x00000000         0xffffffff

Linker script and memory map


.text           0x00f00000    0x52ac4
                0x00f00000                _ftext = .
                0x00f00000                text_start = .
 *(.text.startup)
 .text.startup  0x00f00000      0xa04 init_arm.o
                0x00f00000                startup
                0x00f00040                mem_textreloc
                0x00f00044                mem_textbase
                0x00f00048                mem_textsize
                0x00f0004c                mem_totalsize
                0x00f00050                mem_usablesize
                0x00f00054                mem_topofmem
                0x00f00058                mem_heapstart
                0x00f0005c                mem_bottomofmem
                0x00f00060                mem_datareloc
                0x00f00064                mem_stacktop
                0x00f00068                mem_stackbottom
                0x00f0006c                cpu_prid
                0x00f00070                rom_option
                0x00f00074                fmw_arg0
                0x00f00078                segment_table
                0x00f0056c                _cferom_size
                0x00f00580                nvram_data_storage
 *(.init)
 *(.text)
 *fill*         0x00f00a04       0x1c 
 .text          0x00f00a20       0x4c exception.o
 *fill*         0x00f00a6c        0x4 
 .text          0x00f00a70        0x8 secondary_entry.o
                0x00f00a70                sec_entry_begin
 .text          0x00f00a78       0xc8 /opt/toolchains/crosstools-arm-gcc-5.5-linux-4.1-glibc-2.26-binutils-2.28.1/lib/gcc/arm-buildroot-linux-gnueabi/5.5.0/libgcc.a(_udivsi3.o)
                0x00f00a78                __udivsi3
                0x00f00a78                __aeabi_uidiv
                0x00f00b20                __aeabi_uidivmod
 .text          0x00f00b40       0xfc /opt/toolchains/crosstools-arm-gcc-5.5-linux-4.1-glibc-2.26-binutils-2.28.1/lib/gcc/arm-buildroot-linux-gnueabi/5.5.0/libgcc.a(_divsi3.o)
                0x00f00b40                __aeabi_idiv
                0x00f00b40                __divsi3
                0x00f00c1c                __aeabi_idivmod
 .text          0x00f00c3c       0x3c /opt/toolchains/crosstools-arm-gcc-5.5-linux-4.1-glibc-2.26-binutils-2.28.1/lib/gcc/arm-buildroot-linux-gnueabi/5.5.0/libgcc.a(_aeabi_uldivmod.o)
                0x00f00c3c                __aeabi_uldivmod
 .text          0x00f00c78       0x10 /opt/toolchains/crosstools-arm-gcc-5.5-linux-4.1-glibc-2.26-binutils-2.28.1/lib/gcc/arm-buildroot-linux-gnueabi/5.5.0/libgcc.a(_dvmd_lnx.o)
                0x00f00c78                __aeabi_ldiv0
                0x00f00c78                __aeabi_idiv0
 .text          0x00f00c88      0x118 /opt/toolchains/crosstools-arm-gcc-5.5-linux-4.1-glibc-2.26-binutils-2.28.1/lib/gcc/arm-buildroot-linux-gnueabi/5.5.0/libgcc.a(_udivmoddi4.o)
                0x00f00c88                __udivmoddi4
 .text          0x00f00da0       0x1c /opt/toolchains/crosstools-arm-gcc-5.5-linux-4.1-glibc-2.26-binutils-2.28.1/lib/gcc/arm-buildroot-linux-gnueabi/5.5.0/libgcc.a(_lshrdi3.o)
                0x00f00da0                __aeabi_llsr
                0x00f00da0                __lshrdi3
 .text          0x00f00dbc       0x1c /opt/toolchains/crosstools-arm-gcc-5.5-linux-4.1-glibc-2.26-binutils-2.28.1/lib/gcc/arm-buildroot-linux-gnueabi/5.5.0/libgcc.a(_ashldi3.o)
                0x00f00dbc                __ashldi3
                0x00f00dbc                __aeabi_llsl
 *(.text.*)
 .text._cfe_flushcache
                0x00f00dd8       0x10 init_arm.o
                0x00f00dd8                _cfe_flushcache
 .text.cfe_nonsecure
                0x00f00de8       0x8c init_arm.o
                0x00f00de8                cfe_nonsecure
 .text.cfe_launch
                0x00f00e74       0x30 init_arm.o
                0x00f00e74                cfe_launch
 .text.RunProgram
                0x00f00ea4       0x30 init_arm.o
                0x00f00ea4                RunProgram
 .text.get_SP   0x00f00ed4        0x8 init_arm.o
                0x00f00ed4                get_SP
 .text.cfe_save_context
                0x00f00edc       0x14 init_arm.o
                0x00f00edc                cfe_save_context
 .text.cfe_restore_context
                0x00f00ef0       0x14 init_arm.o
                0x00f00ef0                cfe_restore_context
 .text.cpu_apientry
                0x00f00f04        0x4 init_arm.o
                0x00f00f04                cpu_apientry
 .text.__traps  0x00f00f08      0x1d4 exception.o
                0x00f00f08                __traps
                0x00f00f08                tr_und
                0x00f00f2c                tr_swi
                0x00f00f50                tr_iab
                0x00f00f80                tr_dab
                0x00f00fb0                tr_bad
                0x00f00fe0                tr_irq
                0x00f01010                tr_fiq
 .text.raise    0x00f010dc        0x8 exception.o
                0x00f010dc                raise
 .text._exc_set_trap
                0x00f010e4       0x18 exception.o
                0x00f010e4                _exc_set_trap
 .text.armv7_exception_init
                0x00f010fc       0x60 exception.o
                0x00f010fc                armv7_exception_init
 .text._exc_restart
                0x00f0115c        0xc exception.o
                0x00f0115c                _exc_restart
 .text.cfe_warmstart
                0x00f01168        0x4 exception.o
                0x00f01168                cfe_warmstart
 *fill*         0x00f0116c       0x14 
 .text.secondary_startup
                0x00f01180      0x168 secondary_entry.o
                0x00f01180                secondary_startup
                0x00f012e8                sec_entry_end
 .text._bcm63xx_fix_pll
                0x00f012e8       0x18 bcm63xx_common.o
 .text.bcm_cmn_wd_reset
                0x00f01300       0x30 bcm63xx_common.o
                0x00f01300                bcm_cmn_wd_reset
 .text.bcm_cmn_wd_set
                0x00f01330       0x90 bcm63xx_common.o
                0x00f01330                bcm_cmn_wd_set
 .text.cfe_mailbox_status_isset
                0x00f013c0       0x38 bcm63xx_ipc.o
                0x00f013c0                cfe_mailbox_status_isset
 .text.bcm_otp_get_boot_sec_state
                0x00f013f8       0xf4 bcm63xx_sec.o
 .text._query_boot_status
                0x00f014ec       0x64 bcm63xx_sec.o
 .text.cfe_sec_init
                0x00f01550      0x1f8 bcm63xx_sec.o
                0x00f01550                cfe_sec_init
 .text.cfe_sec_shred_credentials
                0x00f01748       0x58 bcm63xx_sec.o
 .text._query_sec_console_status
                0x00f017a0       0x50 bcm63xx_sec.o
 .text.cfe_sec_is_console_nonsec
                0x00f017f0       0x34 bcm63xx_sec.o
                0x00f017f0                cfe_sec_is_console_nonsec
 .text.cfe_sec_set_console_privLvl
                0x00f01824       0xe0 bcm63xx_sec.o
                0x00f01824                cfe_sec_set_console_privLvl
 .text.cfe_sec_set_rng_access_permissions
                0x00f01904       0x34 bcm63xx_sec.o
                0x00f01904                cfe_sec_set_rng_access_permissions
 .text.cfe_sec_set_sotp_access_permissions
                0x00f01938       0x34 bcm63xx_sec.o
                0x00f01938                cfe_sec_set_sotp_access_permissions
 .text.pl011_set_baudrate
                0x00f0196c       0x74 dev_arm_pl011_uart.o
 .text.pl011_uart_probe
                0x00f019e0       0x7c dev_arm_pl011_uart.o
 .text.pl011_uart_open
                0x00f01a5c       0x74 dev_arm_pl011_uart.o
 .text.pl011_uart_read
                0x00f01ad0       0xac dev_arm_pl011_uart.o
 .text.pl011_uart_inpstat
                0x00f01b7c       0x54 dev_arm_pl011_uart.o
 .text.pl011_uart_write
                0x00f01bd0       0xc8 dev_arm_pl011_uart.o
 .text.pl011_uart_ioctl
                0x00f01c98       0xb8 dev_arm_pl011_uart.o
 .text.pl011_uart_close
                0x00f01d50       0x24 dev_arm_pl011_uart.o
 .text.BcmSpi_SetCtrlState
                0x00f01d74       0x84 bcmSpiRes.o
                0x00f01d74                BcmSpi_SetCtrlState
 .text.BcmSpi_SetFlashCtrl
                0x00f01df8       0x80 bcmSpiRes.o
                0x00f01df8                BcmSpi_SetFlashCtrl
 .text.BcmSpi_GetMaxRWSize
                0x00f01e78       0x44 bcmSpiRes.o
                0x00f01e78                BcmSpi_GetMaxRWSize
 .text.BcmSpi_Write
                0x00f01ebc       0x7c bcmSpiRes.o
                0x00f01ebc                BcmSpi_Write
 .text.BcmSpi_MultibitRead
                0x00f01f38       0x70 bcmSpiRes.o
                0x00f01f38                BcmSpi_MultibitRead
 .text.bcm_set_pinmux
                0x00f01fa8       0x80 bcm_pinmux_impl1.o
                0x00f01fa8                bcm_set_pinmux
 .text.bcm_init_pinmux
                0x00f02028      0x350 bcm_pinmux_impl1.o
                0x00f02028                bcm_init_pinmux
 .text.bcm_set_padctrl
                0x00f02378       0x7c bcm_misc_hw_init_impl6.o
 .text.bcm_misc_hw_xmii_pads_init
                0x00f023f4      0x310 bcm_misc_hw_init_impl6.o
 .text.bcm_misc_hw_set_intr_mux
                0x00f02704      0x134 bcm_misc_hw_init_impl6.o
 .text.bcm_misc_hw_intr_mux_init
                0x00f02838      0x164 bcm_misc_hw_init_impl6.o
                0x00f02838                bcm_misc_hw_intr_mux_init
 .text.bcm_misc_hw_init
                0x00f0299c       0x1c bcm_misc_hw_init_impl6.o
                0x00f0299c                bcm_misc_hw_init
 .text.bcm_gpio_set_dir
                0x00f029b8      0x160 bcm_gpio_impl1.o
                0x00f029b8                bcm_gpio_set_dir
 .text.bcm_gpio_get_data
                0x00f02b18       0x90 bcm_gpio_impl1.o
                0x00f02b18                bcm_gpio_get_data
 .text.bcm_gpio_set_data
                0x00f02ba8      0x170 bcm_gpio_impl1.o
                0x00f02ba8                bcm_gpio_set_data
 .text.bcm_common_gpio_init
                0x00f02d18       0x94 bcm_gpio_impl1.o
                0x00f02d18                bcm_common_gpio_init
 .text.otp_wait_status
                0x00f02dac       0x80 bcm_otp_impl1.o
 .text.bcm_otp_get_row
                0x00f02e2c       0x34 bcm_otp_impl1.o
                0x00f02e2c                bcm_otp_get_row
 .text.bcm_otp_get_row_ecc
                0x00f02e60      0x16c bcm_otp_impl1.o
                0x00f02e60                bcm_otp_get_row_ecc
 .text.sotp_sec89_both_readlocked
                0x00f02fcc       0x74 bcm_otp_impl1.o
                0x00f02fcc                sotp_sec89_both_readlocked
 .text.bcm_otp_fld_secure_rows
                0x00f03040       0x28 bcm_otp_impl1.o
                0x00f03040                bcm_otp_fld_secure_rows
 .text.bcm_otp_is_btrm_boot
                0x00f03068       0x28 bcm_otp_impl1.o
                0x00f03068                bcm_otp_is_btrm_boot
 .text.bcm_otp_is_boot_secure
                0x00f03090       0xc0 bcm_otp_impl1.o
                0x00f03090                bcm_otp_is_boot_secure
 .text.bcm_otp_is_boot_mfg_secure
                0x00f03150       0xe8 bcm_otp_impl1.o
                0x00f03150                bcm_otp_is_boot_mfg_secure
 .text.bcm_otp_get_nr_cpus
                0x00f03238       0x48 bcm_otp_impl1.o
                0x00f03238                bcm_otp_get_nr_cpus
 .text.led_do_set
                0x00f03280      0x1dc bcm_led_impl4.o
 .text.bcm_led_driver_get_optled_map
                0x00f0345c       0x20 bcm_led_impl4.o
                0x00f0345c                bcm_led_driver_get_optled_map
 .text.bcm_led_driver_set
                0x00f0347c      0x134 bcm_led_impl4.o
                0x00f0347c                bcm_led_driver_set
 .text.bcm_led_zero_flash_rate
                0x00f035b0       0x20 bcm_led_impl4.o
                0x00f035b0                bcm_led_zero_flash_rate
 .text.bcm_led_set_source
                0x00f035d0       0x44 bcm_led_impl4.o
                0x00f035d0                bcm_led_set_source
 .text.bcm_common_led_init
                0x00f03614       0x8c bcm_led_impl4.o
                0x00f03614                bcm_common_led_init
 .text.bcm_common_led_setAllSoftLedsOff
                0x00f036a0      0x1dc bcm_led_impl4.o
                0x00f036a0                bcm_common_led_setAllSoftLedsOff
 .text.init_pkt_desc
                0x00f0387c       0xd0 dev_bcm63xx_eth_impl4.o
 .text.__sp_enable_tdma
                0x00f0394c       0x7c dev_bcm63xx_eth_impl4.o
 .text.sp_enable_tdma
                0x00f039c8       0x34 dev_bcm63xx_eth_impl4.o
 .text.__sp_enable_rdma
                0x00f039fc       0x88 dev_bcm63xx_eth_impl4.o
 .text.sp_enable_rdma
                0x00f03a84       0x34 dev_bcm63xx_eth_impl4.o
                0x00f03a84                sp_enable_rdma
 .text.sp_reset
                0x00f03ab8      0x1f8 dev_bcm63xx_eth_impl4.o
                0x00f03ab8                sp_reset
 .text.__sp_init
                0x00f03cb0      0x2b0 dev_bcm63xx_eth_impl4.o
 .text.sp_init  0x00f03f60      0x128 dev_bcm63xx_eth_impl4.o
                0x00f03f60                sp_init
 .text.__sp_poll
                0x00f04088       0x60 dev_bcm63xx_eth_impl4.o
 .text.sp_poll  0x00f040e8       0xb4 dev_bcm63xx_eth_impl4.o
 .text.__sp_read
                0x00f0419c      0x130 dev_bcm63xx_eth_impl4.o
                0x00f0419c                __sp_read
 .text.sp_read  0x00f042cc       0x68 dev_bcm63xx_eth_impl4.o
                0x00f042cc                sp_read
 .text.__sp_write
                0x00f04334      0x10c dev_bcm63xx_eth_impl4.o
                0x00f04334                __sp_write
 .text.sp_write
                0x00f04440       0x7c dev_bcm63xx_eth_impl4.o
                0x00f04440                sp_write
 .text.bcm63xx_ether_probe
                0x00f044bc      0x190 dev_bcm63xx_eth_impl4.o
 .text.bcm63xx_ether_open
                0x00f0464c       0x24 dev_bcm63xx_eth_impl4.o
 .text.bcm63xx_ether_read
                0x00f04670       0x80 dev_bcm63xx_eth_impl4.o
 .text.bcm63xx_ether_inpstat
                0x00f046f0       0x28 dev_bcm63xx_eth_impl4.o
 .text.bcm63xx_ether_write
                0x00f04718       0x58 dev_bcm63xx_eth_impl4.o
 .text.bcm63xx_ether_ioctl
                0x00f04770       0x28 dev_bcm63xx_eth_impl4.o
 .text.bcm63xx_ether_close
                0x00f04798       0x28 dev_bcm63xx_eth_impl4.o
 .text.bcm_ethsw_led_init
                0x00f047c0      0x7d4 bcm_swled_impl2.o
                0x00f047c0                bcm_ethsw_led_init
 .text.bcm_ethsw_phy_read_reg
                0x00f04f94      0x160 bcm_ethsw_impl1.o
                0x00f04f94                bcm_ethsw_phy_read_reg
 .text.bcm_ethsw_phy_write_reg
                0x00f050f4       0xe4 bcm_ethsw_impl1.o
                0x00f050f4                bcm_ethsw_phy_write_reg
 .text.bcm_ethsw_phy_write_exp_reg
                0x00f051d8       0x60 bcm_ethsw_impl1.o
                0x00f051d8                bcm_ethsw_phy_write_exp_reg
 .text.bcm_ethsw_phy_write_misc_reg
                0x00f05238       0xb4 bcm_ethsw_impl1.o
                0x00f05238                bcm_ethsw_phy_write_misc_reg
 .text.phy_advertise_caps
                0x00f052ec      0x1d0 bcm_ethsw_impl1.o
 .text.phy_write_ext_bank_reg
                0x00f054bc       0xa0 bcm_ethsw_impl1.o
                0x00f054bc                phy_write_ext_bank_reg
 .text.sw_rreg  0x00f0555c      0x1d8 bcm_ethsw_impl1.o
 .text.sw_wreg  0x00f05734      0x1a8 bcm_ethsw_impl1.o
 .text.sw_reset
                0x00f058dc       0xcc bcm_ethsw_impl1.o
 .text.sw_hw_ready
                0x00f059a8       0x88 bcm_ethsw_impl1.o
 .text.sw_setup
                0x00f05a30      0x2a0 bcm_ethsw_impl1.o
 .text.sw_reg_save
                0x00f05cd0       0xb4 bcm_ethsw_impl1.o
 .text.sw_open  0x00f05d84       0xac bcm_ethsw_impl1.o
 .text.phy_rgmii_enable_ib_st
                0x00f05e30       0x8c bcm_ethsw_impl1.o
 .text.phy_rgmii_setup
                0x00f05ebc      0x1c0 bcm_ethsw_impl1.o
 .text.config_serdes
                0x00f0607c       0xf0 bcm_ethsw_impl1.o
 .text.phy_sgmii_init
                0x00f0616c       0xcc bcm_ethsw_impl1.o
 .text.phy_sgmii_setup
                0x00f06238       0x44 bcm_ethsw_impl1.o
 .text.phy_adjust_afe
                0x00f0627c      0x178 bcm_ethsw_impl1.o
 .text.phy_fixup
                0x00f063f4       0x40 bcm_ethsw_impl1.o
 .text.all_gphy_init_power_workaround
                0x00f06434      0x178 bcm_ethsw_impl1.o
                0x00f06434                all_gphy_init_power_workaround
 .text.bcm_ethsw_init
                0x00f065ac      0x324 bcm_ethsw_impl1.o
                0x00f065ac                bcm_ethsw_init
 .text.bcm_ethsw_open
                0x00f068d0       0x30 bcm_ethsw_impl1.o
                0x00f068d0                bcm_ethsw_open
 .text.pmc_sysport_power_up
                0x00f06900       0x2c pmc_sysport.o
                0x00f06900                pmc_sysport_power_up
 .text.pmc_sysport_reset_system_port
                0x00f0692c       0xd4 pmc_sysport.o
                0x00f0692c                pmc_sysport_reset_system_port
 .text.kerSysFlashInit
                0x00f06a00       0xf4 dev_bcm63xx_flash.o
                0x00f06a00                kerSysFlashInit
 .text.erase_misc_partition
                0x00f06af4      0x220 dev_bcm63xx_flash.o
                0x00f06af4                erase_misc_partition
 .text.getNumBootBlks
                0x00f06d14       0xf8 dev_bcm63xx_flash.o
                0x00f06d14                getNumBootBlks
 .text.validateNandPartTbl
                0x00f06e0c      0xd10 dev_bcm63xx_flash.o
                0x00f06e0c                validateNandPartTbl
 .text.kerSysFlashAddrInfoGet
                0x00f07b1c       0x30 dev_bcm63xx_flash.o
                0x00f07b1c                kerSysFlashAddrInfoGet
 .text.kerSysErasePsi
                0x00f07b4c       0xd8 dev_bcm63xx_flash.o
                0x00f07b4c                kerSysErasePsi
 .text.kerSysBcmImageSet
                0x00f07c24      0x354 dev_bcm63xx_flash.o
                0x00f07c24                kerSysBcmImageSet
 .text.get_flash_boot_cfe_version
                0x00f07f78       0xac dev_bcm63xx_flash.o
                0x00f07f78                get_flash_boot_cfe_version
 .text.kerSysSetBootImageState
                0x00f08024       0x28 dev_bcm63xx_flash.o
                0x00f08024                kerSysSetBootImageState
 .text.kerSysGetBootImageState
                0x00f0804c      0x150 dev_bcm63xx_flash.o
                0x00f0804c                kerSysGetBootImageState
 .text.strap_check_spinand
                0x00f0819c       0x38 flash_api.o
 .text.display_flash_info
                0x00f081d4      0x1a0 flash_api.o
 .text.flash_init
                0x00f08374      0x21c flash_api.o
                0x00f08374                flash_init
 .text.flash_sector_erase_int
                0x00f08590       0x5c flash_api.o
                0x00f08590                flash_sector_erase_int
 .text.flash_read_buf
                0x00f085ec       0x6c flash_api.o
                0x00f085ec                flash_read_buf
 .text.flash_write_buf
                0x00f08658       0x6c flash_api.o
                0x00f08658                flash_write_buf
 .text.flash_get_numsectors
                0x00f086c4       0x44 flash_api.o
                0x00f086c4                flash_get_numsectors
 .text.flash_get_sector_size
                0x00f08708       0x5c flash_api.o
                0x00f08708                flash_get_sector_size
 .text.flash_get_memptr
                0x00f08764       0x5c flash_api.o
                0x00f08764                flash_get_memptr
 .text.flash_get_blk
                0x00f087c0       0x54 flash_api.o
                0x00f087c0                flash_get_blk
 .text.flash_get_total_size
                0x00f08814       0x44 flash_api.o
                0x00f08814                flash_get_total_size
 .text.flash_dev_specific_cmd
                0x00f08858       0x64 flash_api.o
                0x00f08858                flash_dev_specific_cmd
 .text.flash_get_flash_type
                0x00f088bc       0x44 flash_api.o
                0x00f088bc                flash_get_flash_type
 .text.flash_init_info
                0x00f08900      0x934 flash_common.o
                0x00f08900                flash_init_info
 .text.flash_get_reserved_bytes_auxfs
                0x00f09234       0x4c flash_common.o
                0x00f09234                flash_get_reserved_bytes_auxfs
 .text.flash_get_reserved_bytes_at_end
                0x00f09280       0x80 flash_common.o
                0x00f09280                flash_get_reserved_bytes_at_end
 .text.board_console_init
                0x00f09300       0x40 bcm63xx_devs.o
                0x00f09300                board_console_init
 .text.cci500_enable
                0x00f09340       0x34 bcm63xx_devs.o
 .text.cfe_enable_ns_access
                0x00f09374       0x34 bcm63xx_devs.o
 .text.board_device_init
                0x00f093a8       0x48 bcm63xx_devs.o
                0x00f093a8                board_device_init
 .text.board_bootdevice_init
                0x00f093f0       0x14 bcm63xx_devs.o
                0x00f093f0                board_bootdevice_init
 .text.board_netdevice_init
                0x00f09404       0x34 bcm63xx_devs.o
                0x00f09404                board_netdevice_init
 .text.board_final_init
                0x00f09438      0x138 bcm63xx_devs.o
                0x00f09438                board_final_init
 .text.checkForResetToDefaultHold
                0x00f09570      0x128 bcm63xx_devs.o
 .text.setLed   0x00f09698       0x50 bcm63xx_devs.o
                0x00f09698                setLed
 .text.setAllLedsOff
                0x00f096e8       0x14 bcm63xx_devs.o
                0x00f096e8                setAllLedsOff
 .text.setPowerOnLedOn
                0x00f096fc       0x68 bcm63xx_devs.o
                0x00f096fc                setPowerOnLedOn
 .text.setBreakIntoCfeLed
                0x00f09764       0x68 bcm63xx_devs.o
                0x00f09764                setBreakIntoCfeLed
 .text.softReset
                0x00f097cc       0x44 bcm63xx_devs.o
                0x00f097cc                softReset
 .text.calculate_checksum
                0x00f09810      0x1f0 bcm63xx_devs.o
 .text.verify_checksum
                0x00f09a00       0xb8 bcm63xx_devs.o
                0x00f09a00                verify_checksum
 .text.flash_region_num
                0x00f09ab8       0x84 bcm63xx_devs.o
                0x00f09ab8                flash_region_num
 .text.enable_load_default_mode
                0x00f09b3c       0x54 bcm63xx_devs.o
                0x00f09b3c                enable_load_default_mode
 .text.power_led_off
                0x00f09b90       0x34 bcm63xx_devs.o
                0x00f09b90                power_led_off
 .text.power_led_toggle
                0x00f09bc4       0x38 bcm63xx_devs.o
                0x00f09bc4                power_led_toggle
 .text.diagnostic_led_on
                0x00f09bfc      0x138 bcm63xx_devs.o
                0x00f09bfc                diagnostic_led_on
 .text.diagnostic_led_off
                0x00f09d34      0x138 bcm63xx_devs.o
                0x00f09d34                diagnostic_led_off
 .text.diagnostic_led_toggle
                0x00f09e6c       0x68 bcm63xx_devs.o
                0x00f09e6c                diagnostic_led_toggle
 .text.chk_rst_btn_event
                0x00f09ed4       0x28 bcm63xx_devs.o
                0x00f09ed4                chk_rst_btn_event
 .text.parseWlanDeviceFeature
                0x00f09efc      0x150 bcm63xx_board.o
 .text.getWlanDeviceFeatureBoardParam
                0x00f0a04c       0xc0 bcm63xx_board.o
 .text.setWlanDeviceFeatureBoardParam
                0x00f0a10c      0x124 bcm63xx_board.o
                0x00f0a10c                setWlanDeviceFeatureBoardParam
 .text.parsehwaddr
                0x00f0a230      0x2c4 bcm63xx_board.o
 .text.parseMacAddr
                0x00f0a4f4       0x30 bcm63xx_board.o
 .text.parseBoardIdStr
                0x00f0a524       0x74 bcm63xx_board.o
 .text.parseVoiceBoardIdStr
                0x00f0a598       0x74 bcm63xx_board.o
 .text.parseDectSupportStr
                0x00f0a60c       0x74 bcm63xx_board.o
 .text.parseMacAddrCount
                0x00f0a680       0x4c bcm63xx_board.o
 .text.parsePsiSize
                0x00f0a6cc       0x4c bcm63xx_board.o
 .text.parseBackupPsi
                0x00f0a718       0x4c bcm63xx_board.o
 .text.parseSyslogSize
                0x00f0a764       0x4c bcm63xx_board.o
 .text.parseAuxFSPercent
                0x00f0a7b0       0x4c bcm63xx_board.o
 .text.charIsHex
                0x00f0a7fc       0x78 bcm63xx_board.o
 .text.parseGponSN
                0x00f0a874       0x9c bcm63xx_board.o
 .text.parseGponPW
                0x00f0a910       0x3c bcm63xx_board.o
 .text.parseWpsDevicePin
                0x00f0a94c      0x100 bcm63xx_board.o
 .text.__get_partition_size
                0x00f0aa4c      0x140 bcm63xx_board.o
 .text.__uf_partition_size
                0x00f0ab8c       0x80 bcm63xx_board.o
 .text.parsePartitionSizeStr
                0x00f0ac0c       0x54 bcm63xx_board.o
 .text.macNumToStr
                0x00f0ac60       0xc4 bcm63xx_board.o
 .text.gponParamsInitialized
                0x00f0ad24      0x120 bcm63xx_board.o
 .text.getGponBoardParam
                0x00f0ae44      0x1d4 bcm63xx_board.o
 .text.setGponBoardParam
                0x00f0b018       0xa8 bcm63xx_board.o
                0x00f0b018                setGponBoardParam
 .text.gWpsDevicePinParamsInitialized
                0x00f0b0c0       0x88 bcm63xx_board.o
 .text.getWpsDevicePinBoardParam
                0x00f0b148       0xb4 bcm63xx_board.o
 .text.setWpsDevicePinBoardParam
                0x00f0b1fc       0x7c bcm63xx_board.o
                0x00f0b1fc                setWpsDevicePinBoardParam
 .text.getVoiceSupportStatus
                0x00f0b278      0x130 bcm63xx_board.o
 .text.getVoiceBoardParam
                0x00f0b3a8      0x180 bcm63xx_board.o
 .text.setVoiceBoardParam
                0x00f0b528      0x3c0 bcm63xx_board.o
                0x00f0b528                setVoiceBoardParam
 .text.getBoardParam
                0x00f0b8e8      0x438 bcm63xx_board.o
                0x00f0b8e8                getBoardParam
 .text.setPartitionSizes
                0x00f0bd20      0x344 bcm63xx_board.o
                0x00f0bd20                setPartitionSizes
 .text.checkCompatBoardId
                0x00f0c064       0xa4 bcm63xx_board.o
 .text.setBoardParam
                0x00f0c108      0x5f0 bcm63xx_board.o
                0x00f0c108                setBoardParam
 .text.displayBoardParam
                0x00f0c6f8      0x59c bcm63xx_board.o
                0x00f0c6f8                displayBoardParam
 .text.ui_cmd_set_board_param
                0x00f0cc94      0x140 bcm63xx_cmd.o
 .text.ui_cmd_reset
                0x00f0cdd4       0x6c bcm63xx_cmd.o
 .text.ui_cmd_set_memsize
                0x00f0ce40      0x14c bcm63xx_cmd.o
 .text.yesno    0x00f0cf8c       0x54 bcm63xx_cmd.o
                0x00f0cf8c                yesno
 .text.ui_cmd_erase_psi
                0x00f0cfe0       0xf4 bcm63xx_cmd.o
 .text.ui_cmd_erase_nand
                0x00f0d0d4      0x680 bcm63xx_cmd.o
 .text.ui_cmd_erase
                0x00f0d754      0x2c8 bcm63xx_cmd.o
 .text.loadRaw  0x00f0da1c       0xb8 bcm63xx_cmd.o
 .text.format_host_file_name
                0x00f0dad4       0xc4 bcm63xx_cmd.o
 .text.ui_cmd_flash_image
                0x00f0db98      0x1f4 bcm63xx_cmd.o
 .text.ui_cmd_set_bootarg
                0x00f0dd8c       0xac bcm63xx_cmd.o
 .text.ui_cmd_load_dtb
                0x00f0de38       0xd8 bcm63xx_cmd.o
 .text.ui_cmd_write_whole_image
                0x00f0df10      0x178 bcm63xx_cmd.o
 .text.ui_cmd_flash_router_image
                0x00f0e088      0x49c bcm63xx_cmd.o
 .text.cfe_go   0x00f0e524       0xa0 bcm63xx_cmd.o
                0x00f0e524                cfe_go
 .text.bootImage
                0x00f0e5c4       0xd4 bcm63xx_cmd.o
 .text.bootCompressedImage
                0x00f0e698       0x28 bcm63xx_cmd.o
 .text.bootElfRamfsImage
                0x00f0e6c0      0x184 bcm63xx_cmd.o
 .text.bootNandImageFromRootfs
                0x00f0e844      0x470 bcm63xx_cmd.o
 .text.bootNandImage
                0x00f0ecb4      0x478 bcm63xx_cmd.o
 .text.boot_ramfs
                0x00f0f12c      0x260 bcm63xx_cmd.o
 .text.auto_run
                0x00f0f38c      0x27c bcm63xx_cmd.o
 .text.ui_cmd_run_program
                0x00f0f608      0x230 bcm63xx_cmd.o
 .text.ui_cmd_print_system_info
                0x00f0f838       0x2c bcm63xx_cmd.o
 .text.ui_cmd_change_bootline
                0x00f0f864       0x2c bcm63xx_cmd.o
 .text.ui_cmd_set_afe_id
                0x00f0f890       0x2c bcm63xx_cmd.o
 .text.ui_cmd_set_ddr_config
                0x00f0f8bc       0x2c bcm63xx_cmd.o
 .text.ui_cmd_set_avs_config
                0x00f0f8e8      0x140 bcm63xx_cmd.o
 .text.ui_dumphex
                0x00f0fa28      0x2fc bcm63xx_cmd.o
                0x00f0fa28                ui_dumphex
 .text.ui_dumpaddr
                0x00f0fd24      0x4c4 bcm63xx_cmd.o
                0x00f0fd24                ui_dumpaddr
 .text.ui_cmd_dump_words
                0x00f101e8       0x9c bcm63xx_cmd.o
 .text.ui_cmd_dump_halfwords
                0x00f10284       0x9c bcm63xx_cmd.o
 .text.ui_cmd_dump_bytes
                0x00f10320       0x9c bcm63xx_cmd.o
 .text.dump_nand
                0x00f103bc      0x288 bcm63xx_cmd.o
                0x00f103bc                dump_nand
 .text.ui_cmd_dump_nand
                0x00f10644      0x1c8 bcm63xx_cmd.o
 .text.ui_cmd_read_nand
                0x00f1080c       0x48 bcm63xx_cmd.o
 .text.ui_cmd_compare_blocks
                0x00f10854      0x670 bcm63xx_cmd.o
 .text.ui_cmd_find_string
                0x00f10ec4      0x200 bcm63xx_cmd.o
 .text.ui_cmd_find_bad_blocks
                0x00f110c4       0xa4 bcm63xx_cmd.o
 .text.ui_cmd_find_bad_bits
                0x00f11168      0x4c0 bcm63xx_cmd.o
 .text.ui_cmd_erase_nand_blk
                0x00f11628      0x144 bcm63xx_cmd.o
 .text.ui_cmd_force_spi_nand
                0x00f1176c       0x6c bcm63xx_cmd.o
 .text.ui_cmd_force_parallel_nand
                0x00f117d8       0x6c bcm63xx_cmd.o
 .text.ui_cmd_enable_raw_flash_write
                0x00f11844       0x8c bcm63xx_cmd.o
 .text.ui_cmd_set_kernp
                0x00f118d0      0x198 bcm63xx_cmd.o
 .text.ui_cmd_set_mem
                0x00f11a68      0x148 bcm63xx_cmd.o
 .text.ui_cmd_phy
                0x00f11bb0      0x12c bcm63xx_cmd.o
 .text.get_pvtmon_result
                0x00f11cdc       0x78 bcm63xx_cmd.o
 .text.set_ldo_vreg_ctrl
                0x00f11d54       0x54 bcm63xx_cmd.o
 .text.set_1p0_ldo_voltage
                0x00f11da8      0x234 bcm63xx_cmd.o
 .text.ui_cmd_vreg
                0x00f11fdc      0x16c bcm63xx_cmd.o
 .text.ui_cmd_set_force_mode
                0x00f12148      0x1cc bcm63xx_cmd.o
 .text.ui_cmd_spi_access
                0x00f12314       0x2c bcm63xx_cmd.o
 .text.ui_cmd_pmdio_access
                0x00f12340       0x2c bcm63xx_cmd.o
 .text.ui_cmd_set_cpufreq
                0x00f1236c       0x88 bcm63xx_cmd.o
 .text.ui_cmd_pmc_close_avs
                0x00f123f4      0x2ac bcm63xx_cmd.o
 .text.ui_cmd_pmc_cmd
                0x00f126a0      0x3f4 bcm63xx_cmd.o
 .text.ui_cmd_pmc_log
                0x00f12a94       0x4c bcm63xx_cmd.o
 .text.ui_cmd_write_loaded_imge
                0x00f12ae0       0xec bcm63xx_cmd.o
 .text.ui_cmd_loadb
                0x00f12bcc      0x3ac bcm63xx_cmd.o
 .text.ui_cmd_go
                0x00f12f78       0x60 bcm63xx_cmd.o
 .text.ui_cmd_set_partition_size
                0x00f12fd8       0x6c bcm63xx_cmd.o
 .text.ui_cmd_erase_misc_partition
                0x00f13044       0x8c bcm63xx_cmd.o
 .text.ui_cmd_meminfo
                0x00f130d0       0x34 bcm63xx_cmd.o
 .text.ui_cmd_nmrp
                0x00f13104       0x2c bcm63xx_cmd.o
                0x00f13104                ui_cmd_nmrp
 .text.ui_cmd_mem_test
                0x00f13130     0x13c8 bcm63xx_cmd.o
 .text.ui_init_bcm63xx_cmds
                0x00f144f8      0xb38 bcm63xx_cmd.o
 .text.runDelay
                0x00f15030       0xc4 bcm63xx_cmd.o
 .text.preboot_init
                0x00f150f4       0x18 bcm63xx_cmd.o
 .text.bcm63xx_run_ex
                0x00f1510c      0x1bc bcm63xx_cmd.o
                0x00f1510c                bcm63xx_run_ex
 .text.blparms_init
                0x00f152c8       0x44 bcm63xx_blparms.o
                0x00f152c8                blparms_init
 .text.blparms_set_int
                0x00f1530c       0x9c bcm63xx_blparms.o
                0x00f1530c                blparms_set_int
 .text.xparms_init
                0x00f153a8       0x84 bcm63xx_blparms.o
 .text.xparms_get
                0x00f1542c       0x24 bcm63xx_blparms.o
 .text.xparms_input
                0x00f15450      0x108 bcm63xx_blparms.o
 .text.chars_seq
                0x00f15558       0xa8 bcm63xx_blparms.o
 .text.char_ifeq
                0x00f15600       0x78 bcm63xx_blparms.o
 .text.not2chars_seq
                0x00f15678       0xbc bcm63xx_blparms.o
 .text.xparms_chek_tuples
                0x00f15734      0x13c bcm63xx_blparms.o
 .text.xparms_verify
                0x00f15870       0x68 bcm63xx_blparms.o
 .text.blparms_add_extra_parms
                0x00f158d8      0x1c8 bcm63xx_blparms.o
                0x00f158d8                blparms_add_extra_parms
 .text.blparms_set_bootcmd
                0x00f15aa0       0xd8 bcm63xx_blparms.o
                0x00f15aa0                blparms_set_bootcmd
 .text.is_cma_rsvmem_enabled
                0x00f15b78       0x7c bcm63xx_blparms.o
 .text.get_rsvmem_size
                0x00f15bf4       0x9c bcm63xx_blparms.o
 .text.set_rsvmem_offset_size
                0x00f15c90       0x90 bcm63xx_blparms.o
 .text.del_rsvmem
                0x00f15d20       0x80 bcm63xx_blparms.o
 .text.set_reserved_memory
                0x00f15da0      0x264 bcm63xx_blparms.o
                0x00f15da0                set_reserved_memory
 .text.dtb_set_bootcmd
                0x00f16004      0x120 bcm63xx_blparms.o
 .text.dtb_install
                0x00f16124      0x16c bcm63xx_blparms.o
                0x00f16124                dtb_install
 .text.blparms_install
                0x00f16290       0xd8 bcm63xx_blparms.o
                0x00f16290                blparms_install
 .text.bpstrcmp
                0x00f16368       0xf4 bp_funcs.o
                0x00f16368                bpstrcmp
 .text.BpGetElem
                0x00f1645c      0x1cc bp_funcs.o
                0x00f1645c                BpGetElem
 .text.BpGetNextElem
                0x00f16628       0x7c bp_funcs.o
 .text.BpGetSubCp
                0x00f166a4       0x60 bp_funcs.o
                0x00f166a4                BpGetSubCp
 .text.BpGetSubPtr
                0x00f16704       0x60 bp_funcs.o
                0x00f16704                BpGetSubPtr
 .text.BpGetSubUc
                0x00f16764       0x60 bp_funcs.o
                0x00f16764                BpGetSubUc
 .text.BpGetSubUs
                0x00f167c4       0x60 bp_funcs.o
                0x00f167c4                BpGetSubUs
 .text.BpGetSubUl
                0x00f16824       0x60 bp_funcs.o
                0x00f16824                BpGetSubUl
 .text.BpGetCp  0x00f16884       0x90 bp_funcs.o
                0x00f16884                BpGetCp
 .text.BpGetUs  0x00f16914       0x94 bp_funcs.o
                0x00f16914                BpGetUs
 .text.BpGetUl  0x00f169a8       0x90 bp_funcs.o
                0x00f169a8                BpGetUl
 .text.BpGetLastElem
                0x00f16a38       0x50 bp_funcs.o
                0x00f16a38                BpGetLastElem
 .text.BpEnumElement
                0x00f16a88       0xc8 bp_funcs.o
                0x00f16a88                BpEnumElement
 .text.BpEnumUs
                0x00f16b50       0x6c bp_funcs.o
                0x00f16b50                BpEnumUs
 .text.BpEnumUl
                0x00f16bbc       0x6c bp_funcs.o
                0x00f16bbc                BpEnumUl
 .text.BpGetVoipDspConfig
                0x00f16c28      0x380 bp_funcs.o
                0x00f16c28                BpGetVoipDspConfig
 .text.BpSetBoardId
                0x00f16fa8       0xb0 bp_funcs.o
                0x00f16fa8                BpSetBoardId
 .text.BpGetBoardId
                0x00f17058       0x90 bp_funcs.o
                0x00f17058                BpGetBoardId
 .text.BpGetBoardIdNameByIndex
                0x00f170e8       0x34 bp_funcs.o
                0x00f170e8                BpGetBoardIdNameByIndex
 .text.BPGetNumBoardIds
                0x00f1711c       0x50 bp_funcs.o
                0x00f1711c                BPGetNumBoardIds
 .text.BpUseTemplate
                0x00f1716c       0x74 bp_funcs.o
                0x00f1716c                BpUseTemplate
 .text.BpIsIdFromTemplate
                0x00f171e0       0xb0 bp_funcs.o
                0x00f171e0                BpIsIdFromTemplate
 .text.BpIsElemFromTemplate
                0x00f17290       0x58 bp_funcs.o
                0x00f17290                BpIsElemFromTemplate
 .text.BpGetBoardParamsFromElem
                0x00f172e8       0x98 bp_funcs.o
                0x00f172e8                BpGetBoardParamsFromElem
 .text.BpGetComment
                0x00f17380       0x2c bp_funcs.o
                0x00f17380                BpGetComment
 .text.BpEnumCompatChipId
                0x00f173ac       0x34 bp_funcs.o
                0x00f173ac                BpEnumCompatChipId
 .text.BpEnumGpioInitState
                0x00f173e0       0x34 bp_funcs.o
                0x00f173e0                BpEnumGpioInitState
 .text.IsParamPortHwLed
                0x00f17414      0x128 bp_funcs.o
 .text.GetSwitchBpSearchStopId
                0x00f1753c       0xe0 bp_funcs.o
 .text.GetEthernetMacInfo
                0x00f1761c      0xd54 bp_funcs.o
 .text.BpGetEthernetMacInfoArrayPtr
                0x00f18370       0x8c bp_funcs.o
                0x00f18370                BpGetEthernetMacInfoArrayPtr
 .text.BpGetGpio
                0x00f183fc       0x64 bp_funcs.o
                0x00f183fc                BpGetGpio
 .text.BpGetExtIntrGpio
                0x00f18460       0xbc bp_funcs.o
                0x00f18460                BpGetExtIntrGpio
 .text.BpGetBootloaderPowerOnLedGpio
                0x00f1851c       0x2c bp_funcs.o
                0x00f1851c                BpGetBootloaderPowerOnLedGpio
 .text.BpGetBootloaderStopLedGpio
                0x00f18548       0x2c bp_funcs.o
                0x00f18548                BpGetBootloaderStopLedGpio
 .text.BpGetAggregateLnkLedGpio
                0x00f18574       0x2c bp_funcs.o
                0x00f18574                BpGetAggregateLnkLedGpio
 .text.BpGetAggregateActLedGpio
                0x00f185a0       0x2c bp_funcs.o
                0x00f185a0                BpGetAggregateActLedGpio
 .text.BpGetResetToDefaultExtIntr
                0x00f185cc       0xa0 bp_funcs.o
                0x00f185cc                BpGetResetToDefaultExtIntr
 .text.BpGetResetToDefaultExtIntrGpio
                0x00f1866c       0xd4 bp_funcs.o
                0x00f1866c                BpGetResetToDefaultExtIntrGpio
 .text.BpGetGphyBaseAddress
                0x00f18740       0x2c bp_funcs.o
                0x00f18740                BpGetGphyBaseAddress
 .text.BpGetExtIntrNumGpio
                0x00f1876c       0xc0 bp_funcs.o
                0x00f1876c                BpGetExtIntrNumGpio
 .text.BpCheckExtIntr
                0x00f1882c      0x198 bp_funcs.o
                0x00f1882c                BpCheckExtIntr
 .text.BpGetLedGpio
                0x00f189c4       0x68 bp_funcs.o
                0x00f189c4                BpGetLedGpio
 .text.BpGetMemoryConfig
                0x00f18a2c       0x2c bp_funcs.o
                0x00f18a2c                BpGetMemoryConfig
 .text.BpGetSerialLedShiftOrder
                0x00f18a58       0x2c bp_funcs.o
                0x00f18a58                BpGetSerialLedShiftOrder
 .text.BpGetMaxNumCpu
                0x00f18a84       0x2c bp_funcs.o
                0x00f18a84                BpGetMaxNumCpu
 .text.BpGrepElemList
                0x00f18ab0       0x7c bp_funcs.o
 .text.BpGrepPinmuxListOnly
                0x00f18b2c      0x24c bp_funcs.o
 .text.BpGetIfacePinmux
                0x00f18d78      0x118 bp_funcs.o
                0x00f18d78                BpGetIfacePinmux
 .text.BpGetAllPinmux
                0x00f18e90      0xd4c bp_funcs.o
                0x00f18e90                BpGetAllPinmux
 .text.BpGetButtonInfo
                0x00f19bdc      0x27c bp_funcs.o
                0x00f19bdc                BpGetButtonInfo
 .text.BpGetButtonInfoByIdx
                0x00f19e58       0x94 bp_funcs.o
                0x00f19e58                BpGetButtonInfoByIdx
 .text.BpCheckPhyIntfIdExist
                0x00f19eec       0xa0 bp_funcs.o
 .text.BpGetIntfStart
                0x00f19f8c       0xc8 bp_funcs.o
                0x00f19f8c                BpGetIntfStart
 .text.BpIsPhyIntfInitDone
                0x00f1a054       0x24 bp_funcs.o
                0x00f1a054                BpIsPhyIntfInitDone
 .text.BpInitPhyIntfInfo
                0x00f1a078      0x3e8 bp_funcs.o
                0x00f1a078                BpInitPhyIntfInfo
 .text.BpGetPhyIntfInfo
                0x00f1a460       0x64 bp_funcs.o
                0x00f1a460                BpGetPhyIntfInfo
 .text.BpGetAdvLedInfoInIntf
                0x00f1a4c4      0x204 bp_funcs.o
 .text.BpGetAllAdvLedInfo
                0x00f1a6c8       0xf4 bp_funcs.o
                0x00f1a6c8                BpGetAllAdvLedInfo
 .text.bpmemcpy
                0x00f1a7bc       0x80 boardparms_voice.o
 .text.bpstrcpy
                0x00f1a83c       0x68 boardparms_voice.o
 .text.BpDectPopulated
                0x00f1a8a4       0x34 boardparms_voice.o
                0x00f1a8a4                BpDectPopulated
 .text.BpSetVoiceBoardId
                0x00f1a8d8       0xc0 boardparms_voice.o
                0x00f1a8d8                BpSetVoiceBoardId
 .text.BpGetNumVoiceBoardIds
                0x00f1a998       0x94 boardparms_voice.o
                0x00f1a998                BpGetNumVoiceBoardIds
 .text.BpGetVoiceBoardIdNameByIndex
                0x00f1aa2c       0xcc boardparms_voice.o
                0x00f1aa2c                BpGetVoiceBoardIdNameByIndex
 .text.BpGetVoiceDectType
                0x00f1aaf8       0x70 boardparms_voice.o
                0x00f1aaf8                BpGetVoiceDectType
 .text.BpGetVoiceBoardStartElemPtr
                0x00f1ab68       0xec boardparms_voice.o
 .text.BpGetVoicePmuxBp
                0x00f1ac54      0x6f0 boardparms_voice.o
                0x00f1ac54                BpGetVoicePmuxBp
 .text.BpIsIntfEnabled
                0x00f1b344       0x88 boardparms_voice.o
 .text.BpElemExists
                0x00f1b3cc       0x5c boardparms_voice.o
 .text.UtilGetChipId
                0x00f1b428       0x34 shared_utils.o
                0x00f1b428                UtilGetChipId
 .text.UtilGetChipName
                0x00f1b45c       0x88 shared_utils.o
                0x00f1b45c                UtilGetChipName
 .text.check_jffs_ubi_magic
                0x00f1b4e4      0x238 bcm63xx_util.o
 .text.cfe_stack_check
                0x00f1b71c       0xf4 bcm63xx_util.o
                0x00f1b71c                cfe_stack_check
 .text.cfe_stack_info
                0x00f1b810       0x78 bcm63xx_util.o
                0x00f1b810                cfe_stack_info
 .text.cfe_heap_info
                0x00f1b888      0x128 bcm63xx_util.o
                0x00f1b888                cfe_heap_info
 .text.cfe_mem_info
                0x00f1b9b0      0x120 bcm63xx_util.o
                0x00f1b9b0                cfe_mem_info
 .text.cfe_free_mem_info
                0x00f1bad0       0x84 bcm63xx_util.o
                0x00f1bad0                cfe_free_mem_info
 .text.cfe_get_mempool_ptr
                0x00f1bb54       0x34 bcm63xx_util.o
                0x00f1bb54                cfe_get_mempool_ptr
 .text.cfe_get_mempool_size
                0x00f1bb88       0x34 bcm63xx_util.o
                0x00f1bb88                cfe_get_mempool_size
 .text.parseFilename
                0x00f1bbbc       0x3c bcm63xx_util.o
 .text.parseChoiceFh
                0x00f1bbf8       0x5c bcm63xx_util.o
 .text.parseBootPartition
                0x00f1bc54       0x4c bcm63xx_util.o
 .text.parseChoice09
                0x00f1bca0       0x54 bcm63xx_util.o
 .text.lib_parseipaddr
                0x00f1bcf4      0x220 bcm63xx_util.o
                0x00f1bcf4                lib_parseipaddr
 .text.parsexdigit
                0x00f1bf14       0xa8 bcm63xx_util.o
                0x00f1bf14                parsexdigit
 .text.convertMaskStr
                0x00f1bfbc      0x130 bcm63xx_util.o
 .text.parseIpAddr
                0x00f1c0ec       0xbc bcm63xx_util.o
 .text.parseGwIpAddr
                0x00f1c1a8       0x44 bcm63xx_util.o
 .text.parseAfeId
                0x00f1c1ec       0x24 bcm63xx_util.o
 .text.parseDdrConfig
                0x00f1c210       0x24 bcm63xx_util.o
 .text.verifyImageDDRType
                0x00f1c234      0x170 bcm63xx_util.o
 .text.enet_init
                0x00f1c3a4      0x12c bcm63xx_util.o
                0x00f1c3a4                enet_init
 .text.checkChipId
                0x00f1c4d0       0xfc bcm63xx_util.o
 .text.verifyTag
                0x00f1c5cc      0x118 bcm63xx_util.o
                0x00f1c5cc                verifyTag
 .text.getRomParam
                0x00f1c6e4       0x4c bcm63xx_util.o
                0x00f1c6e4                getRomParam
 .text.read_blk
                0x00f1c730       0x4c bcm63xx_util.o
 .text.write_blk
                0x00f1c77c       0x4c bcm63xx_util.o
 .text.erase_blk
                0x00f1c7c8       0x3c bcm63xx_util.o
 .text.getSplitFromPartition
                0x00f1c804      0x5a4 bcm63xx_util.o
 .text.getTagFromPartition
                0x00f1cda8      0xa88 bcm63xx_util.o
                0x00f1cda8                getTagFromPartition
 .text.findBootImageDirEntry
                0x00f1d830      0x98c bcm63xx_util.o
                0x00f1d830                findBootImageDirEntry
 .text.getType  0x00f1e1bc      0x328 bcm63xx_util.o
 .text.getSeqNum
                0x00f1e4e4       0x50 bcm63xx_util.o
                0x00f1e4e4                getSeqNum
 .text.commit   0x00f1e534      0x354 bcm63xx_util.o
                0x00f1e534                commit
 .text.findBootBlock
                0x00f1e888      0x1ec bcm63xx_util.o
                0x00f1e888                findBootBlock
 .text.getPartitionFromTag
                0x00f1ea74      0x104 bcm63xx_util.o
                0x00f1ea74                getPartitionFromTag
 .text.getBootImageTag
                0x00f1eb78      0x144 bcm63xx_util.o
                0x00f1eb78                getBootImageTag
 .text.UpdateImageSequenceNumber
                0x00f1ecbc       0xbc bcm63xx_util.o
 .text.flashImage
                0x00f1ed78      0x160 bcm63xx_util.o
                0x00f1ed78                flashImage
 .text.flashImageSpiNor
                0x00f1eed8      0x7e4 bcm63xx_util.o
 .text.readBlk  0x00f1f6bc       0x60 bcm63xx_util.o
 .text.writeBlk
                0x00f1f71c       0x60 bcm63xx_util.o
 .text.nandUpdateImageSequenceNumber
                0x00f1f77c      0xa54 bcm63xx_util.o
 .text.writeWholeImageRaw
                0x00f201d0       0x64 bcm63xx_util.o
                0x00f201d0                writeWholeImageRaw
 .text.writeWholeImageDataPartition
                0x00f20234      0x274 bcm63xx_util.o
                0x00f20234                writeWholeImageDataPartition
 .text.findBootBlockInImage
                0x00f204a8       0xec bcm63xx_util.o
 .text.available_space_in_partition
                0x00f20594      0x12c bcm63xx_util.o
 .text.checkImageSizeForNand
                0x00f206c0      0x1e0 bcm63xx_util.o
 .text.nvram_data_mirror_search
                0x00f208a0      0x150 bcm63xx_util.o
 .text.writeWholeImage
                0x00f209f0      0x96c bcm63xx_util.o
                0x00f209f0                writeWholeImage
 .text.displayPromptUsage
                0x00f2135c       0x40 bcm63xx_util.o
                0x00f2135c                displayPromptUsage
 .text.processPrompt
                0x00f2139c      0x544 bcm63xx_util.o
                0x00f2139c                processPrompt
 .text.convertBootInfo
                0x00f218e0      0x1b8 bcm63xx_util.o
 .text.getBootLine
                0x00f21a98      0x2d4 bcm63xx_util.o
                0x00f21a98                getBootLine
 .text.printSysInfo
                0x00f21d6c      0x11c bcm63xx_util.o
                0x00f21d6c                printSysInfo
 .text.changeBootLine
                0x00f21e88      0x238 bcm63xx_util.o
                0x00f21e88                changeBootLine
 .text.setDefaultBootline
                0x00f220c0      0x104 bcm63xx_util.o
                0x00f220c0                setDefaultBootline
 .text.hex2Str  0x00f221c4      0x118 bcm63xx_util.o
 .text.changeAfeId
                0x00f222dc      0x104 bcm63xx_util.o
                0x00f222dc                changeAfeId
 .text.changeDDRConfig
                0x00f223e0       0x98 bcm63xx_util.o
                0x00f223e0                changeDDRConfig
 .text.nvFeatureGet
                0x00f22478       0x4c bcm63xx_util.o
                0x00f22478                nvFeatureGet
 .text.nvFeatureSet
                0x00f224c4      0x134 bcm63xx_util.o
                0x00f224c4                nvFeatureSet
 .text.getAVSConfig
                0x00f225f8       0x1c bcm63xx_util.o
                0x00f225f8                getAVSConfig
 .text.setAVSConfig
                0x00f22614       0x70 bcm63xx_util.o
                0x00f22614                setAVSConfig
 .text.validateMemoryConfig
                0x00f22684       0x84 bcm63xx_util.o
                0x00f22684                validateMemoryConfig
 .text.cfe_set_cpu_freq
                0x00f22708      0x110 bcm63xx_util.o
                0x00f22708                cfe_set_cpu_freq
 .text.convert_to_data_partition_entry_to_bytes
                0x00f22818       0x88 bcm63xx_util.o
                0x00f22818                convert_to_data_partition_entry_to_bytes
 .text.jffs2_is_jffs2
                0x00f228a0       0x38 bcm63xx_util.o
 .text.jffs2_is_dentry
                0x00f228d8       0x38 bcm63xx_util.o
 .text.jffs2_is_inode
                0x00f22910       0x38 bcm63xx_util.o
 .text.jffs2_match_dentry
                0x00f22948       0x6c bcm63xx_util.o
 .text.jffs2_get_dentry
                0x00f229b4      0x1b0 bcm63xx_util.o
 .text.jffs2_match_inode
                0x00f22b64      0x154 bcm63xx_util.o
 .text.jffs2_get_inode_size
                0x00f22cb8      0x1b8 bcm63xx_util.o
 .text.jffs2_get_inode_file
                0x00f22e70      0x328 bcm63xx_util.o
 .text.jffs2_find_dentry
                0x00f23198       0xd0 bcm63xx_util.o
 .text.jffs2_find_file
                0x00f23268       0x9c bcm63xx_util.o
 .text.read_blk_cb
                0x00f23304       0x4c bcm63xx_util.o
 .text.ubi_find_file
                0x00f23350      0x1e4 bcm63xx_util.o
 .text.cfe_fs_is_jffs2
                0x00f23534       0x28 bcm63xx_util.o
 .text.cfe_fs_is_ubi
                0x00f2355c       0x3c bcm63xx_util.o
 .text.cfe_fs_get_dentry_type
                0x00f23598      0x1c4 bcm63xx_util.o
 .text.cfe_fs_find_file
                0x00f2375c      0x148 bcm63xx_util.o
                0x00f2375c                cfe_fs_find_file
 .text.get_rootfs_offset
                0x00f238a4      0x1c0 bcm63xx_util.o
                0x00f238a4                get_rootfs_offset
 .text.cfe_fs_fetch_file
                0x00f23a64       0xcc bcm63xx_util.o
                0x00f23a64                cfe_fs_fetch_file
 .text.cfe_load_boot_file
                0x00f23b30      0x28c bcm63xx_util.o
                0x00f23b30                cfe_load_boot_file
 .text.min_data_partition_size_kb
                0x00f23dbc       0x68 bcm63xx_util.o
                0x00f23dbc                min_data_partition_size_kb
 .text.brcm_enforce_ui_cmd_restrictions
                0x00f23e24       0x3c bcm63xx_util.o
 .text.brcm_cmd_addcmd
                0x00f23e60       0x78 bcm63xx_util.o
                0x00f23e60                brcm_cmd_addcmd
 .text.set_nand_chosen_root
                0x00f23ed8       0xa0 bcm63xx_util.o
                0x00f23ed8                set_nand_chosen_root
 .text.get_nand_chosen_root
                0x00f23f78       0x20 bcm63xx_util.o
                0x00f23f78                get_nand_chosen_root
 .text.cfe_findbootblock
                0x00f23f98       0xb8 bcm63xx_ldr_raw.o
 .text.bcm63xx_cfe_rawload
                0x00f24050      0x408 bcm63xx_ldr_raw.o
                0x00f24050                bcm63xx_cfe_rawload
 .text.readprogsegment
                0x00f24458       0x94 bcm63xx_ldr_elf.o
 .text.readclearbss
                0x00f244ec       0x6c bcm63xx_ldr_elf.o
 .text.elfgetshdr
                0x00f24558      0x150 bcm63xx_ldr_elf.o
 .text.elfload_internal
                0x00f246a8      0x78c bcm63xx_ldr_elf.o
 .text.bcm63xx_cfe_elfload
                0x00f24e34      0x154 bcm63xx_ldr_elf.o
                0x00f24e34                bcm63xx_cfe_elfload
 .text.cfe_setup_default_env
                0x00f24f88       0x84 bcm63xx_main.o
 .text.cfe_ledstr
                0x00f2500c       0x20 bcm63xx_main.o
                0x00f2500c                cfe_ledstr
 .text.cfe_say_hello
                0x00f2502c       0xc4 bcm63xx_main.o
 .text.cfe_restart
                0x00f250f0       0x14 bcm63xx_main.o
                0x00f250f0                cfe_restart
 .text.cfe_start
                0x00f25104       0x24 bcm63xx_main.o
                0x00f25104                cfe_start
 .text.cfe_startup_info
                0x00f25128       0xbc bcm63xx_main.o
 .text.handle_cfe_abort
                0x00f251e4       0x7c bcm63xx_main.o
 .text.cfe_main
                0x00f25260       0xfc bcm63xx_main.o
                0x00f25260                cfe_main
 .text.cfe_command_loop
                0x00f2535c      0x11c bcm63xx_main.o
                0x00f2535c                cfe_command_loop
 .text.cfe_errortext
                0x00f25478       0x3c bcm63xx_main.o
                0x00f25478                cfe_errortext
 .text.calculateCpuSpeed
                0x00f254b4       0x60 bcm63xx_main.o
 .text.cfe_get_sdram_size
                0x00f25514       0x28 bcm63xx_main.o
                0x00f25514                cfe_get_sdram_size
 .text.cfe_set_prompt
                0x00f2553c       0x64 bcm63xx_main.o
 .text.cfe_init_sdram_size
                0x00f255a0       0x98 bcm63xx_main.o
 .text.env_findenv
                0x00f25638       0xa0 bcm63xx_env_subr.o
 .text.env_enum
                0x00f256d8       0xfc bcm63xx_env_subr.o
                0x00f256d8                env_enum
 .text.env_delenv
                0x00f257d4       0x74 bcm63xx_env_subr.o
                0x00f257d4                env_delenv
 .text.env_getenv
                0x00f25848       0x44 bcm63xx_env_subr.o
                0x00f25848                env_getenv
 .text.env_setenv
                0x00f2588c      0x14c bcm63xx_env_subr.o
                0x00f2588c                env_setenv
 .text.env_save
                0x00f259d8       0x1c bcm63xx_env_subr.o
                0x00f259d8                env_save
 .text.cfe_web_check
                0x00f259f4       0x34 bcm63xx_httpd.o
                0x00f259f4                cfe_web_check
 .text.cfe_web_fg_process
                0x00f25a28      0x200 bcm63xx_httpd.o
                0x00f25a28                cfe_web_fg_process
 .text.cfe_web_poll
                0x00f25c28      0x1d8 bcm63xx_httpd.o
                0x00f25c28                cfe_web_poll
 .text.cfe_web_listen
                0x00f25e00      0x17c bcm63xx_httpd.o
 .text.cfe_web_bg_process
                0x00f25f7c      0x4c4 bcm63xx_httpd.o
 .text.cfe_web_gets
                0x00f26440      0x15c bcm63xx_httpd.o
 .text.read_first_hdr
                0x00f2659c       0x98 bcm63xx_httpd.o
 .text.read_remaining_hdrs
                0x00f26634      0x118 bcm63xx_httpd.o
 .text.read_post_data
                0x00f2674c       0xec bcm63xx_httpd.o
 .text.parse_post_data
                0x00f26838      0x6d0 bcm63xx_httpd.o
 .text.send_error
                0x00f26f08      0x140 bcm63xx_httpd.o
 .text.send_headers
                0x00f27048      0x280 bcm63xx_httpd.o
 .text.send_page
                0x00f272c8      0x360 bcm63xx_httpd.o
 .text.cfe_web_tcp_send
                0x00f27628       0xb0 bcm63xx_httpd.o
 .text.get_web_var_value
                0x00f276d8      0x1d0 bcm63xx_httpd_web_var.o
 .text.cfe_web_get_num_web_vars
                0x00f278a8       0x5c bcm63xx_httpd_web_var.o
                0x00f278a8                cfe_web_get_num_web_vars
 .text.cfe_web_get_web_var
                0x00f27904      0x1f4 bcm63xx_httpd_web_var.o
                0x00f27904                cfe_web_get_web_var
 .text.check_jffs_ubi_magic
                0x00f27af8      0x238 bcm63xx_nvram.o
 .text.nv_mirror_alloc
                0x00f27d30       0x20 bcm63xx_nvram.o
 .text.populate_nv_mirror_info
                0x00f27d50      0x338 bcm63xx_nvram.o
 .text.nvram_write_mirrors
                0x00f28088      0x210 bcm63xx_nvram.o
 .text.nvram_alloc
                0x00f28298       0x20 bcm63xx_nvram.o
 .text.nvram_write
                0x00f282b8       0x50 bcm63xx_nvram.o
 .text.nvram_mirror_read
                0x00f28308      0x1a8 bcm63xx_nvram.o
 .text.nvram_read
                0x00f284b0       0xf8 bcm63xx_nvram.o
 .text.cfe_nvram_read_verify
                0x00f285a8       0x74 bcm63xx_nvram.o
                0x00f285a8                cfe_nvram_read_verify
 .text.cfe_nvram_init
                0x00f2861c       0xb0 bcm63xx_nvram.o
                0x00f2861c                cfe_nvram_init
 .text.cfe_nvram_sync
                0x00f286cc       0x28 bcm63xx_nvram.o
                0x00f286cc                cfe_nvram_sync
 .text.cfe_nvram_get
                0x00f286f4       0x24 bcm63xx_nvram.o
                0x00f286f4                cfe_nvram_get
 .text.nvram_set
                0x00f28718       0xbc bcm63xx_nvram.o
 .text.cfe_nvram_set
                0x00f287d4       0x40 bcm63xx_nvram.o
                0x00f287d4                cfe_nvram_set
 .text.cfe_nvram_copy_to
                0x00f28814       0x38 bcm63xx_nvram.o
                0x00f28814                cfe_nvram_copy_to
 .text.cfe_nvram_update
                0x00f2884c       0x78 bcm63xx_nvram.o
                0x00f2884c                cfe_nvram_update
 .text.cfe_nvram_update_member
                0x00f288c4       0x68 bcm63xx_nvram.o
                0x00f288c4                cfe_nvram_update_member
 .text.nvram_read_dev
                0x00f2892c       0xa0 bcm63xx_nvram.o
 .text.nvram_write_dev
                0x00f289cc      0x1dc bcm63xx_nvram.o
 .text.cfe_nvram_erase
                0x00f28ba8       0x44 bcm63xx_nvram.o
                0x00f28ba8                cfe_nvram_erase
 .text.icmp_rx_callback
                0x00f28bec      0x218 bcm63xx_net_icmp.o
 .text._icmp_init
                0x00f28e04       0x9c bcm63xx_net_icmp.o
                0x00f28e04                _icmp_init
 .text._icmp_uninit
                0x00f28ea0       0x40 bcm63xx_net_icmp.o
                0x00f28ea0                _icmp_uninit
 .text._icmp_ping
                0x00f28ee0       0x30 bcm63xx_net_icmp.o
                0x00f28ee0                _icmp_ping
 .text.parse_ubi
                0x00f28f10     0x2450 bcm_ubi.o
                0x00f28f10                parse_ubi
 .text.hsSpiReadP0
                0x00f2b360       0xc8 bcmHsSpi.o
 .text.hsSpiWriteP0
                0x00f2b428       0xa0 bcmHsSpi.o
 .text.hsSpiTransEnd
                0x00f2b4c8       0x78 bcmHsSpi.o
 .text.hsSpiTransPoll
                0x00f2b540       0xcc bcmHsSpi.o
 .text.hsSpiSetProfile
                0x00f2b60c      0x1d4 bcmHsSpi.o
 .text.hsSpiSetGlobalState
                0x00f2b7e0       0xac bcmHsSpi.o
 .text.BcmHsSpiMultibitRead
                0x00f2b88c       0xf4 bcmHsSpi.o
                0x00f2b88c                BcmHsSpiMultibitRead
 .text.BcmHsSpiWrite
                0x00f2b980       0x64 bcmHsSpi.o
                0x00f2b980                BcmHsSpiWrite
 .text.BcmHsSpiGetMaxRWSize
                0x00f2b9e4       0x40 bcmHsSpi.o
                0x00f2b9e4                BcmHsSpiGetMaxRWSize
 .text.BcmHsSpiSetup
                0x00f2ba24       0xfc bcmHsSpi.o
                0x00f2ba24                BcmHsSpiSetup
 .text.BcmHsSpiSetFlashCtrl
                0x00f2bb20      0x114 bcmHsSpi.o
                0x00f2bb20                BcmHsSpiSetFlashCtrl
 .text.nand_reset_device
                0x00f2bc34       0x34 nandflash.o
 .text.nand_flash_init
                0x00f2bc68      0x1f8 nandflash.o
                0x00f2bc68                nand_flash_init
 .text.nand_init_cleanmarker
                0x00f2be60      0x130 nandflash.o
 .text.nand_adjust_cfg
                0x00f2bf90      0xa4c nandflash.o
 .text.nand_is_blk_bad
                0x00f2c9dc      0x14c nandflash.o
 .text.nand_is_blk_cleanmarker
                0x00f2cb28      0x204 nandflash.o
 .text.nand_initialize_spare_area
                0x00f2cd2c      0x150 nandflash.o
 .text.nand_mark_bad_blk
                0x00f2ce7c      0x194 nandflash.o
 .text.nand_flash_sector_erase_int
                0x00f2d010       0x80 nandflash.o
 .text.nand_flash_read_buf
                0x00f2d090      0x230 nandflash.o
 .text.nand_flash_write_buf
                0x00f2d2c0      0x270 nandflash.o
 .text.nand_flash_get_memptr
                0x00f2d530       0x38 nandflash.o
 .text.nand_flash_get_blk
                0x00f2d568       0x3c nandflash.o
 .text.nand_flash_get_total_size
                0x00f2d5a4       0x24 nandflash.o
 .text.nand_flash_dev_specific_cmd
                0x00f2d5c8      0x35c nandflash.o
 .text.nand_flash_get_sector_size
                0x00f2d924       0x30 nandflash.o
 .text.nand_flash_get_numsectors
                0x00f2d954       0x38 nandflash.o
 .text.nandflash_copy_from_cache
                0x00f2d98c      0x1b8 nandflash.o
                0x00f2d98c                nandflash_copy_from_cache
 .text.nandflash_copy_from_spare
                0x00f2db44      0x1c8 nandflash.o
                0x00f2db44                nandflash_copy_from_spare
 .text.nandflash_copy_to_cache
                0x00f2dd0c      0x13c nandflash.o
                0x00f2dd0c                nandflash_copy_to_cache
 .text.nandflash_copy_to_spare
                0x00f2de48       0xf8 nandflash.o
                0x00f2de48                nandflash_copy_to_spare
 .text.nandflash_wait_status
                0x00f2df40       0xc0 nandflash.o
 .text.nandflash_wait_cmd
                0x00f2e000       0x1c nandflash.o
                0x00f2e000                nandflash_wait_cmd
 .text.nandflash_wait_device
                0x00f2e01c       0x1c nandflash.o
                0x00f2e01c                nandflash_wait_device
 .text.nandflash_wait_cache
                0x00f2e038       0x1c nandflash.o
                0x00f2e038                nandflash_wait_cache
 .text.nandflash_wait_spare
                0x00f2e054       0x1c nandflash.o
                0x00f2e054                nandflash_wait_spare
 .text.turn_off_ecc
                0x00f2e070       0x54 nandflash.o
 .text.nandflash_check_ecc
                0x00f2e0c4       0x8c nandflash.o
 .text.check_ecc_for_ffs
                0x00f2e150      0x124 nandflash.o
 .text.nandflash_write_spare_area
                0x00f2e274      0x28c nandflash.o
 .text.nandflash_read_spare_area
                0x00f2e500      0x180 nandflash.o
 .text.nandflash_read_page
                0x00f2e680      0x394 nandflash.o
 .text.nandflash_write_page
                0x00f2ea14      0x320 nandflash.o
 .text.nandflash_block_erase
                0x00f2ed34      0x12c nandflash.o
 .text.dump_spare
                0x00f2ee60      0x204 nandflash.o
                0x00f2ee60                dump_spare
 .text.read_spare_data
                0x00f2f064      0x198 nandflash.o
                0x00f2f064                read_spare_data
 .text.spiRead  0x00f2f1fc       0x40 spinandflash.o
 .text.spiWrite
                0x00f2f23c       0x50 spinandflash.o
 .text.spi_nand_read_cfg
                0x00f2f28c      0xad4 spinandflash.o
 .text.spi_nand_init
                0x00f2fd60      0x2c0 spinandflash.o
                0x00f2fd60                spi_nand_init
 .text.spi_nand_row_addr
                0x00f30020       0x90 spinandflash.o
 .text.spi_nand_col_addr
                0x00f300b0       0xdc spinandflash.o
 .text.spi_nand_reset
                0x00f3018c       0x64 spinandflash.o
 .text.spi_xfr  0x00f301f0      0x1c8 spinandflash.o
 .text.count_bits
                0x00f303b8       0xc0 spinandflash.o
 .text.spi_nand_page_read
                0x00f30478      0x11c spinandflash.o
                0x00f30478                spi_nand_page_read
 .text.spi_nand_read_page
                0x00f30594      0x5a0 spinandflash.o
 .text.spi_nand_read_buf
                0x00f30b34      0x334 spinandflash.o
                0x00f30b34                spi_nand_read_buf
 .text.spi_nand_status
                0x00f30e68       0x20 spinandflash.o
 .text.spi_nand_ready
                0x00f30e88       0x2c spinandflash.o
 .text.spi_nand_cmd
                0x00f30eb4       0x78 spinandflash.o
 .text.spi_nand_get_cmd
                0x00f30f2c       0x90 spinandflash.o
 .text.spi_nand_set_feat
                0x00f30fbc       0x68 spinandflash.o
 .text.spi_nand_ecc
                0x00f31024       0x60 spinandflash.o
 .text.spi_nand_get_numsectors
                0x00f31084       0x24 spinandflash.o
                0x00f31084                spi_nand_get_numsectors
 .text.spi_nand_get_sector_size
                0x00f310a8       0x30 spinandflash.o
                0x00f310a8                spi_nand_get_sector_size
 .text.spi_nand_get_total_size
                0x00f310d8       0x24 spinandflash.o
 .text.spi_nand_dev_specific_cmd
                0x00f310fc      0x2c0 spinandflash.o
 .text.spi_nand_get_device_id
                0x00f313bc       0xe4 spinandflash.o
 .text.spi_nand_sector_erase_blk
                0x00f314a0      0x234 spinandflash.o
 .text.spi_nand_write_enable
                0x00f316d4       0x94 spinandflash.o
 .text.spi_nand_write_disable
                0x00f31768       0x5c spinandflash.o
 .text.spi_nand_page_write
                0x00f317c4      0x208 spinandflash.o
 .text.spi_nand_write_page
                0x00f319cc      0x5dc spinandflash.o
 .text.spi_nand_write_buf
                0x00f31fa8      0x650 spinandflash.o
 .text.spi_nand_wel
                0x00f325f8       0x2c spinandflash.o
 .text.spi_nand_is_blk_bad
                0x00f32624       0xe4 spinandflash.o
 .text.spi_nand_mark_bad_blk
                0x00f32708       0xac spinandflash.o
 .text.spi_nand_get_memptr
                0x00f327b4       0x38 spinandflash.o
 .text.spi_nand_get_blk
                0x00f327ec       0x38 spinandflash.o
 .text.spi_nand_place_jffs2_clean_marker
                0x00f32824      0x13c spinandflash.o
 .text.spi_nand_is_cleanmarker
                0x00f32960      0x208 spinandflash.o
                0x00f32960                spi_nand_is_cleanmarker
 .text.dump_spi_spare
                0x00f32b68      0x220 spinandflash.o
                0x00f32b68                dump_spi_spare
 .text.deviceAddressable
                0x00f32d88       0x28 pmc_drv.o
 .text.pmc_spin_lock
                0x00f32db0       0x18 pmc_drv.o
 .text.pmc_spin_unlock
                0x00f32dc8       0x18 pmc_drv.o
 .text.read_bpcm_reg_direct
                0x00f32de0      0x118 pmc_drv.o
 .text.write_bpcm_reg_direct
                0x00f32ef8      0x110 pmc_drv.o
 .text.is_pmc_running
                0x00f33008       0x44 pmc_drv.o
 .text.SendAndWait
                0x00f3304c      0x330 pmc_drv.o
 .text.SendCmd  0x00f3337c       0xb0 pmc_drv.o
 .text.SendCommand
                0x00f3342c       0x60 pmc_drv.o
 .text.GetRevision
                0x00f3348c       0x94 pmc_drv.o
                0x00f3348c                GetRevision
 .text.pvtmon_enable
                0x00f33520      0x114 pmc_drv.o
 .text.read_pvt_direct
                0x00f33634       0xd4 pmc_drv.o
 .text.GetPVT   0x00f33708       0x34 pmc_drv.o
                0x00f33708                GetPVT
 .text.ReadBPCMRegister
                0x00f3373c       0x68 pmc_drv.o
                0x00f3373c                ReadBPCMRegister
 .text.WriteBPCMRegister
                0x00f337a4       0x68 pmc_drv.o
                0x00f337a4                WriteBPCMRegister
 .text.PowerOnDevice
                0x00f3380c       0x9c pmc_drv.o
                0x00f3380c                PowerOnDevice
 .text.PowerOnZone
                0x00f338a8       0xec pmc_drv.o
                0x00f338a8                PowerOnZone
 .text.CloseAVS
                0x00f33994       0xc8 pmc_drv.o
                0x00f33994                CloseAVS
 .text.PMCcmd   0x00f33a5c       0x34 pmc_drv.o
                0x00f33a5c                PMCcmd
 .text.WaitPmc  0x00f33a90       0xb8 pmc_drv.o
                0x00f33a90                WaitPmc
 .text.pmc_initmode
                0x00f33b48       0x44 pmc_drv.o
                0x00f33b48                pmc_initmode
 .text.pmc_log  0x00f33b8c       0xb8 pmc_drv.o
                0x00f33b8c                pmc_log
 .text.pmc_boot
                0x00f33c44      0x130 pmc_drv.o
 .text.pmc_init
                0x00f33d74       0x88 pmc_drv.o
                0x00f33d74                pmc_init
 .text.pmc_reset
                0x00f33dfc       0x18 pmc_drv.o
                0x00f33dfc                pmc_reset
 .text.pmc_convert_pvtmon
                0x00f33e14      0x15c pmc_drv.o
                0x00f33e14                pmc_convert_pvtmon
 .text.pmc_get_tracktemp
                0x00f33f70       0x98 pmc_drv.o
                0x00f33f70                pmc_get_tracktemp
 .text.pmc_set_tracktemp
                0x00f34008       0x7c pmc_drv.o
                0x00f34008                pmc_set_tracktemp
 .text.pll_ch_freq_set
                0x00f34084      0x268 clk_rst.o
                0x00f34084                pll_ch_freq_set
 .text.fdt32_to_cpu
                0x00f342ec       0x64 bcm63xx_dtb.o
 .text.fdt64_to_cpu
                0x00f34350      0x198 bcm63xx_dtb.o
 .text.fdt_setprop_u32
                0x00f344e8       0x60 bcm63xx_dtb.o
 .text.get_dtb_ptr
                0x00f34548       0x44 bcm63xx_dtb.o
 .text.dtb_load
                0x00f3458c      0x128 bcm63xx_dtb.o
 .text.dtb_setprop
                0x00f346b4       0x6c bcm63xx_dtb.o
 .text.dtb_getprop
                0x00f34720       0x64 bcm63xx_dtb.o
 .text.dtb_delnode
                0x00f34784       0x54 bcm63xx_dtb.o
 .text.dtb_init
                0x00f347d8       0xe4 bcm63xx_dtb.o
                0x00f347d8                dtb_init
 .text.dtb_prepare_fdt
                0x00f348bc      0x11c bcm63xx_dtb.o
 .text.dtb_set_prepare_status
                0x00f349d8       0x58 bcm63xx_dtb.o
 .text.dtb_get_prepare_status
                0x00f34a30       0x4c bcm63xx_dtb.o
                0x00f34a30                dtb_get_prepare_status
 .text.dtb_prepare
                0x00f34a7c      0x144 bcm63xx_dtb.o
                0x00f34a7c                dtb_prepare
 .text.dtb_done
                0x00f34bc0       0xa0 bcm63xx_dtb.o
                0x00f34bc0                dtb_done
 .text.dtb_append_data_blob
                0x00f34c60       0x90 bcm63xx_dtb.o
                0x00f34c60                dtb_append_data_blob
 .text.dtb_set_blparms
                0x00f34cf0       0x40 bcm63xx_dtb.o
                0x00f34cf0                dtb_set_blparms
 .text.dtb_del_reserved_memory
                0x00f34d30       0x6c bcm63xx_dtb.o
                0x00f34d30                dtb_del_reserved_memory
 .text.dtb_get_addr_size_cells
                0x00f34d9c       0xc0 bcm63xx_dtb.o
 .text.dtb_get_prop
                0x00f34e5c       0x60 bcm63xx_dtb.o
                0x00f34e5c                dtb_get_prop
 .text._dtb_getprop_cma_rsvmem_size
                0x00f34ebc       0x88 bcm63xx_dtb.o
 .text._dtb_setprop_cma_rsvmem_size
                0x00f34f44       0xb0 bcm63xx_dtb.o
 .text._dtb_del_cma_rsvmem
                0x00f34ff4       0x30 bcm63xx_dtb.o
 .text.dtb_getprop_cma_rsvmem_size
                0x00f35024       0xd4 bcm63xx_dtb.o
                0x00f35024                dtb_getprop_cma_rsvmem_size
 .text.dtb_setprop_cma_rsvmem_size
                0x00f350f8       0xcc bcm63xx_dtb.o
                0x00f350f8                dtb_setprop_cma_rsvmem_size
 .text.dtb_del_cma_rsvmem
                0x00f351c4       0xc8 bcm63xx_dtb.o
                0x00f351c4                dtb_del_cma_rsvmem
 .text.dtb_getprop_reg
                0x00f3528c      0x200 bcm63xx_dtb.o
                0x00f3528c                dtb_getprop_reg
 .text.dtb_set_reserved_memory
                0x00f3548c      0x200 bcm63xx_dtb.o
                0x00f3548c                dtb_set_reserved_memory
 .text.dtb_update_memory_reg
                0x00f3568c      0x1ac bcm63xx_dtb.o
 .text.dtb_set_memory
                0x00f35838      0x2a4 bcm63xx_dtb.o
                0x00f35838                dtb_set_memory
 .text.dtb_set_bootargs
                0x00f35adc      0x290 bcm63xx_dtb.o
                0x00f35adc                dtb_set_bootargs
 .text.dtb_set_chosen_root
                0x00f35d6c       0xd8 bcm63xx_dtb.o
                0x00f35d6c                dtb_set_chosen_root
 .text.dtb_set_chosen_initrd
                0x00f35e44      0x2d4 bcm63xx_dtb.o
                0x00f35e44                dtb_set_chosen_initrd
 .text.dtb_set_nr_cpus
                0x00f36118      0x160 bcm63xx_dtb.o
                0x00f36118                dtb_set_nr_cpus
 .text.dtb_get_fdt
                0x00f36278       0x28 bcm63xx_dtb.o
                0x00f36278                dtb_get_fdt
 .text.board_setleds
                0x00f362a0       0x68 bcm63xx_impl4_common.o
                0x00f362a0                board_setleds
 .text.powerup_secondary_cores
                0x00f36308      0x170 bcm63xx_impl2_smp.o
 .text.cfe_boot_second_cpu
                0x00f36478       0x70 bcm63xx_impl2_smp.o
                0x00f36478                cfe_boot_second_cpu
 .text.board_mmu_map_scn
                0x00f364e8      0x1a8 47622_mmu_map.o
                0x00f364e8                board_mmu_map_scn
 .text.sotpInit
                0x00f36690       0x40 bcm63xx_sotp_if.o
                0x00f36690                sotpInit
 .text.sotp_init
                0x00f366d0       0x48 sotp_base_funcs.o
                0x00f366d0                sotp_init
 .text.die      0x00f36718       0x28 bcm63xx_auth_if.o
                0x00f36718                die
 .text.sec_verify_signature
                0x00f36740       0x50 bcm63xx_auth_if.o
                0x00f36740                sec_verify_signature
 .text.authenticate
                0x00f36790       0xa4 bcm63xx_auth_if.o
                0x00f36790                authenticate
 .text.HTONL    0x00f36834       0xb4 bcm63xx_rsa.o
 .text.mpzero   0x00f368e8       0x40 bcm63xx_rsa.o
 .text.mpcompare
                0x00f36928      0x1b4 bcm63xx_rsa.o
 .text.mpadd    0x00f36adc      0x1a4 bcm63xx_rsa.o
 .text.mpsub    0x00f36c80      0x1a0 bcm63xx_rsa.o
 .text.mpcopy   0x00f36e20       0x78 bcm63xx_rsa.o
 .text.mpclshift
                0x00f36e98      0x114 bcm63xx_rsa.o
 .text.smalldiv
                0x00f36fac      0x1f0 bcm63xx_rsa.o
 .text.addmul   0x00f3719c      0x118 bcm63xx_rsa.o
 .text.mpmul    0x00f372b4      0x1b8 bcm63xx_rsa.o
 .text.mplshift
                0x00f3746c      0x13c bcm63xx_rsa.o
 .text.mprshift
                0x00f375a8      0x118 bcm63xx_rsa.o
 .text.mpdiv    0x00f376c0      0x67c bcm63xx_rsa.o
 .text.unpack   0x00f37d3c      0x21c bcm63xx_rsa.o
 .text.pack     0x00f37f58      0x1e4 bcm63xx_rsa.o
 .text.rsapss_rsavp1
                0x00f3813c      0x16c bcm63xx_rsa.o
 .text.rsapss_mgf1
                0x00f382a8      0x164 bcm63xx_rsa.o
 .text.Sec_verifyDigest
                0x00f3840c      0x31c bcm63xx_rsa.o
                0x00f3840c                Sec_verifyDigest
 .text.Sec_verify
                0x00f38728       0x7c bcm63xx_rsa.o
                0x00f38728                Sec_verify
 .text.HTONL    0x00f387a4       0xb4 bcm63xx_sha.o
 .text.ROTR32   0x00f38858       0x30 bcm63xx_sha.o
 .text.SHA256Transform
                0x00f38888      0x4c4 bcm63xx_sha.o
 .text.Sec_sha256Init
                0x00f38d4c       0xbc bcm63xx_sha.o
                0x00f38d4c                Sec_sha256Init
 .text.Sec_sha256Update
                0x00f38e08       0xb8 bcm63xx_sha.o
                0x00f38e08                Sec_sha256Update
 .text.Sec_sha256Final
                0x00f38ec0      0x2e0 bcm63xx_sha.o
                0x00f38ec0                Sec_sha256Final
 .text.Sec_sha256
                0x00f391a0       0x80 bcm63xx_sha.o
                0x00f391a0                Sec_sha256
 .text.cfe_exception
                0x00f39220      0x27c ./libcfe.a(exchandler.o)
                0x00f39220                cfe_exception
 .text.cfe_setup_exceptions
                0x00f3949c       0x50 ./libcfe.a(exchandler.o)
                0x00f3949c                cfe_setup_exceptions
 .text.exc_longjmp_handler
                0x00f394ec       0x64 ./libcfe.a(exchandler.o)
                0x00f394ec                exc_longjmp_handler
 .text.lib_setjmp
                0x00f39550        0x8 ./libcfe.a(lib_setjmp.o)
                0x00f39550                lib_setjmp
 .text.lib_longjmp
                0x00f39558        0x4 ./libcfe.a(lib_setjmp.o)
                0x00f39558                lib_longjmp
 .text.armv7_l1cache_enable_i
                0x00f3955c       0x18 ./libcfe.a(armv7_l1cache.o)
                0x00f3955c                armv7_l1cache_enable_i
 .text.armv7_l1cache_enable_d
                0x00f39574       0x14 ./libcfe.a(armv7_l1cache.o)
                0x00f39574                armv7_l1cache_enable_d
 .text.armv7_l1cache_disable_i
                0x00f39588       0x18 ./libcfe.a(armv7_l1cache.o)
                0x00f39588                armv7_l1cache_disable_i
 .text.armv7_l1cache_disable_d
                0x00f395a0       0x14 ./libcfe.a(armv7_l1cache.o)
                0x00f395a0                armv7_l1cache_disable_d
 .text.armv7_l1cache_inval_i
                0x00f395b4       0x10 ./libcfe.a(armv7_l1cache.o)
                0x00f395b4                armv7_l1cache_inval_i
 .text.armv7_l1cache_inval_d
                0x00f395c4       0x94 ./libcfe.a(armv7_l1cache.o)
                0x00f395c4                armv7_l1cache_inval_d
 .text.armv7_l1cache_flush_d
                0x00f39658       0x94 ./libcfe.a(armv7_l1cache.o)
                0x00f39658                armv7_l1cache_flush_d
 .text.armv7_l1cache_inval_range_d
                0x00f396ec       0x48 ./libcfe.a(armv7_l1cache.o)
                0x00f396ec                armv7_l1cache_inval_range_d
 .text.armv7_l1cache_flush_range_d
                0x00f39734       0x34 ./libcfe.a(armv7_l1cache.o)
                0x00f39734                armv7_l1cache_flush_range_d
 .text.armv7_cacheops
                0x00f39768       0x80 ./libcfe.a(armv7_l1cache.o)
                0x00f39768                armv7_cacheops
 .text.armv7_gic_secure_init
                0x00f397e8       0x54 ./libcfe.a(armv7_cpuinit.o)
                0x00f397e8                armv7_gic_secure_init
 .text.armv7_change_to_nonsecure
                0x00f3983c       0x10 ./libcfe.a(armv7_cpuinit.o)
                0x00f3983c                armv7_change_to_nonsecure
 .text.armv7_cpuinit
                0x00f3984c       0x48 ./libcfe.a(armv7_cpuinit.o)
                0x00f3984c                armv7_cpuinit
 .text.armv7_enable_mmu
                0x00f39894       0x14 ./libcfe.a(armv7_cpuinit.o)
                0x00f39894                armv7_enable_mmu
 .text.armv7_disable_mmu
                0x00f398a8       0x14 ./libcfe.a(armv7_cpuinit.o)
                0x00f398a8                armv7_disable_mmu
 .text.armv7_enable_tick
                0x00f398bc       0x1c ./libcfe.a(armv7_cpuinit.o)
                0x00f398bc                armv7_enable_tick
 .text._getticks
                0x00f398d8        0x8 ./libcfe.a(armv7_cpuinit.o)
                0x00f398d8                _getticks
 .text.mmu_init_table
                0x00f398e0       0x1c ./libcfe.a(mmu_map.o)
                0x00f398e0                mmu_init_table
 .text.mmu_set_ttbr
                0x00f398fc       0x1c ./libcfe.a(mmu_map.o)
                0x00f398fc                mmu_set_ttbr
 .text.mmu_set_scn
                0x00f39918       0x3c ./libcfe.a(mmu_map.o)
                0x00f39918                mmu_set_scn
 .text.kmeminit
                0x00f39954       0xac ./libcfe.a(lib_malloc.o)
                0x00f39954                kmeminit
 .text.kmemcompact
                0x00f39a00      0x100 ./libcfe.a(lib_malloc.o)
 .text.kfree    0x00f39b00       0xa4 ./libcfe.a(lib_malloc.o)
                0x00f39b00                kfree
 .text.lib_outofmemory
                0x00f39ba4       0x1c ./libcfe.a(lib_malloc.o)
                0x00f39ba4                lib_outofmemory
 .text.kmalloc  0x00f39bc0      0x2dc ./libcfe.a(lib_malloc.o)
                0x00f39bc0                kmalloc
 .text.krealloc
                0x00f39e9c      0x274 ./libcfe.a(lib_malloc.o)
                0x00f39e9c                krealloc
 .text.kmemstats
                0x00f3a110      0x238 ./libcfe.a(lib_malloc.o)
                0x00f3a110                kmemstats
 .text.__atox   0x00f3a348      0x13c ./libcfe.a(lib_printf.o)
 .text.__llatox
                0x00f3a484      0x13c ./libcfe.a(lib_printf.o)
 .text.xvsprintf
                0x00f3a5c0      0xbbc ./libcfe.a(lib_printf.o)
                0x00f3a5c0                xvsprintf
 .text.xsprintf
                0x00f3b17c       0x48 ./libcfe.a(lib_printf.o)
                0x00f3b17c                xsprintf
 .text.xprintf  0x00f3b1c4       0xd0 ./libcfe.a(lib_printf.o)
                0x00f3b1c4                xprintf
 .text.xvprintf
                0x00f3b294       0xd8 ./libcfe.a(lib_printf.o)
                0x00f3b294                xvprintf
 .text.q_enqueue
                0x00f3b36c       0x5c ./libcfe.a(lib_queue.o)
                0x00f3b36c                q_enqueue
 .text.q_dequeue
                0x00f3b3c8       0x48 ./libcfe.a(lib_queue.o)
                0x00f3b3c8                q_dequeue
 .text.q_deqnext
                0x00f3b410       0x74 ./libcfe.a(lib_queue.o)
                0x00f3b410                q_deqnext
 .text.q_count  0x00f3b484       0x64 ./libcfe.a(lib_queue.o)
                0x00f3b484                q_count
 .text.lib_strcpy
                0x00f3b4e8       0x70 ./libcfe.a(lib_string.o)
                0x00f3b4e8                lib_strcpy
 .text.lib_strncpy
                0x00f3b558       0x98 ./libcfe.a(lib_string.o)
                0x00f3b558                lib_strncpy
 .text.lib_xstrncpy
                0x00f3b5f0       0xa0 ./libcfe.a(lib_string.o)
                0x00f3b5f0                lib_xstrncpy
 .text.lib_strlen
                0x00f3b690       0x58 ./libcfe.a(lib_string.o)
                0x00f3b690                lib_strlen
 .text.lib_strcmp
                0x00f3b6e8       0xf4 ./libcfe.a(lib_string.o)
                0x00f3b6e8                lib_strcmp
 .text.lib_strncmp
                0x00f3b7dc      0x124 ./libcfe.a(lib_string.o)
                0x00f3b7dc                lib_strncmp
 .text.lib_strcmpi
                0x00f3b900      0x110 ./libcfe.a(lib_string.o)
                0x00f3b900                lib_strcmpi
 .text.lib_strchr
                0x00f3ba10       0x68 ./libcfe.a(lib_string.o)
                0x00f3ba10                lib_strchr
 .text.lib_strnchr
                0x00f3ba78       0x84 ./libcfe.a(lib_string.o)
                0x00f3ba78                lib_strnchr
 .text.lib_memcmp
                0x00f3bafc       0xb0 ./libcfe.a(lib_string.o)
                0x00f3bafc                lib_memcmp
 .text.memcpy   0x00f3bbac       0x38 ./libcfe.a(lib_string.o)
                0x00f3bbac                memcpy
 .text.lib_memcpy
                0x00f3bbe4       0xd8 ./libcfe.a(lib_string.o)
                0x00f3bbe4                lib_memcpy
 .text.lib_memmove
                0x00f3bcbc       0xe8 ./libcfe.a(lib_string.o)
                0x00f3bcbc                lib_memmove
 .text.lib_memset
                0x00f3bda4       0x68 ./libcfe.a(lib_string.o)
                0x00f3bda4                lib_memset
 .text.lib_memchr
                0x00f3be0c       0x78 ./libcfe.a(lib_string.o)
                0x00f3be0c                lib_memchr
 .text.lib_toupper
                0x00f3be84       0x4c ./libcfe.a(lib_string.o)
                0x00f3be84                lib_toupper
 .text.lib_strcat
                0x00f3bed0       0x90 ./libcfe.a(lib_string.o)
                0x00f3bed0                lib_strcat
 .text.lib_strncat
                0x00f3bf60       0xd4 ./libcfe.a(lib_string.o)
                0x00f3bf60                lib_strncat
 .text.lib_gettoken
                0x00f3c034      0x178 ./libcfe.a(lib_string.o)
                0x00f3c034                lib_gettoken
 .text.lib_atoi
                0x00f3c1ac       0xd4 ./libcfe.a(lib_string.o)
                0x00f3c1ac                lib_atoi
 .text.lib_xtoul
                0x00f3c280      0x130 ./libcfe.a(lib_string.o)
                0x00f3c280                lib_xtoul
 .text.lib_xtoi
                0x00f3c3b0      0x130 ./libcfe.a(lib_string.o)
                0x00f3c3b0                lib_xtoi
 .text.lib_get_crc32
                0x00f3c4e0       0x80 ./libcfe.a(lib_crc.o)
                0x00f3c4e0                lib_get_crc32
 .text.cfe_finddev
                0x00f3c560       0x84 ./libcfe.a(cfe_attach.o)
                0x00f3c560                cfe_finddev
 .text.cfe_attach_idx
                0x00f3c5e4      0x14c ./libcfe.a(cfe_attach.o)
                0x00f3c5e4                cfe_attach_idx
 .text.cfe_attach
                0x00f3c730       0x94 ./libcfe.a(cfe_attach.o)
                0x00f3c730                cfe_attach
 .text.cfe_attach_init
                0x00f3c7c4       0x40 ./libcfe.a(cfe_attach.o)
                0x00f3c7c4                cfe_attach_init
 .text.cfe_device_poll
                0x00f3c804       0xb0 ./libcfe.a(cfe_iocb_dispatch.o)
                0x00f3c804                cfe_device_poll
 .text.cfe_iocb_dispatch
                0x00f3c8b4      0x17c ./libcfe.a(cfe_iocb_dispatch.o)
                0x00f3c8b4                cfe_iocb_dispatch
 .text.cfe_newhandle
                0x00f3ca30       0x78 ./libcfe.a(cfe_iocb_dispatch.o)
 .text.cfe_cmd_fw_getinfo
                0x00f3caa8      0x108 ./libcfe.a(cfe_iocb_dispatch.o)
 .text.cfe_cmd_fw_restart
                0x00f3cbb0       0x5c ./libcfe.a(cfe_iocb_dispatch.o)
 .text.cfe_cmd_fw_boot
                0x00f3cc0c       0x28 ./libcfe.a(cfe_iocb_dispatch.o)
 .text.cfe_cmd_fw_cpuctl
                0x00f3cc34       0x28 ./libcfe.a(cfe_iocb_dispatch.o)
 .text.cfe_cmd_fw_gettime
                0x00f3cc5c       0x3c ./libcfe.a(cfe_iocb_dispatch.o)
 .text.cfe_cmd_fw_memenum
                0x00f3cc98       0xbc ./libcfe.a(cfe_iocb_dispatch.o)
 .text.cfe_cmd_fw_flushcache
                0x00f3cd54       0x34 ./libcfe.a(cfe_iocb_dispatch.o)
 .text.cfe_cmd_dev_enum
                0x00f3cd88       0x28 ./libcfe.a(cfe_iocb_dispatch.o)
 .text.cfe_cmd_dev_gethandle
                0x00f3cdb0       0x70 ./libcfe.a(cfe_iocb_dispatch.o)
 .text.cfe_cmd_dev_open
                0x00f3ce20      0x158 ./libcfe.a(cfe_iocb_dispatch.o)
 .text.cfe_cmd_dev_inpstat
                0x00f3cf78       0x4c ./libcfe.a(cfe_iocb_dispatch.o)
 .text.cfe_cmd_dev_read
                0x00f3cfc4       0x4c ./libcfe.a(cfe_iocb_dispatch.o)
 .text.cfe_cmd_dev_write
                0x00f3d010       0x4c ./libcfe.a(cfe_iocb_dispatch.o)
 .text.cfe_cmd_dev_ioctl
                0x00f3d05c       0x4c ./libcfe.a(cfe_iocb_dispatch.o)
 .text.cfe_cmd_dev_close
                0x00f3d0a8       0x78 ./libcfe.a(cfe_iocb_dispatch.o)
 .text.cfe_cmd_dev_getinfo
                0x00f3d120       0xa0 ./libcfe.a(cfe_iocb_dispatch.o)
 .text.cfe_cmd_env_enum
                0x00f3d1c0       0x80 ./libcfe.a(cfe_iocb_dispatch.o)
 .text.cfe_cmd_env_get
                0x00f3d240       0x68 ./libcfe.a(cfe_iocb_dispatch.o)
 .text.cfe_cmd_env_set
                0x00f3d2a8       0xa0 ./libcfe.a(cfe_iocb_dispatch.o)
 .text.cfe_cmd_env_del
                0x00f3d348       0x38 ./libcfe.a(cfe_iocb_dispatch.o)
 .text.cfe_strlen
                0x00f3d380       0x58 ./libcfe.a(cfe_devfuncs.o)
 .text.cfe_open
                0x00f3d3d8       0x8c ./libcfe.a(cfe_devfuncs.o)
                0x00f3d3d8                cfe_open
 .text.cfe_close
                0x00f3d464       0x54 ./libcfe.a(cfe_devfuncs.o)
                0x00f3d464                cfe_close
 .text.cfe_readblk
                0x00f3d4b8       0x84 ./libcfe.a(cfe_devfuncs.o)
                0x00f3d4b8                cfe_readblk
 .text.cfe_read
                0x00f3d53c       0x48 ./libcfe.a(cfe_devfuncs.o)
                0x00f3d53c                cfe_read
 .text.cfe_writeblk
                0x00f3d584       0x84 ./libcfe.a(cfe_devfuncs.o)
                0x00f3d584                cfe_writeblk
 .text.cfe_write
                0x00f3d608       0x48 ./libcfe.a(cfe_devfuncs.o)
                0x00f3d608                cfe_write
 .text.cfe_ioctl
                0x00f3d650       0x9c ./libcfe.a(cfe_devfuncs.o)
                0x00f3d650                cfe_ioctl
 .text.cfe_inpstat
                0x00f3d6ec       0x70 ./libcfe.a(cfe_devfuncs.o)
                0x00f3d6ec                cfe_inpstat
 .text.cfe_flushcache
                0x00f3d75c       0x54 ./libcfe.a(cfe_devfuncs.o)
                0x00f3d75c                cfe_flushcache
 .text.cfe_getdevinfo
                0x00f3d7b0       0x8c ./libcfe.a(cfe_devfuncs.o)
                0x00f3d7b0                cfe_getdevinfo
 .text.console_log
                0x00f3d83c       0x78 ./libcfe.a(cfe_console.o)
                0x00f3d83c                console_log
 .text.console_open
                0x00f3d8b4       0x7c ./libcfe.a(cfe_console.o)
                0x00f3d8b4                console_open
 .text.console_close
                0x00f3d930       0x4c ./libcfe.a(cfe_console.o)
                0x00f3d930                console_close
 .text.console_read
                0x00f3d97c       0x5c ./libcfe.a(cfe_console.o)
                0x00f3d97c                console_read
 .text.console_write
                0x00f3d9d8       0xbc ./libcfe.a(cfe_console.o)
                0x00f3d9d8                console_write
 .text.console_status
                0x00f3da94       0x44 ./libcfe.a(cfe_console.o)
                0x00f3da94                console_status
 .text.console_xprint
                0x00f3dad8       0xc0 ./libcfe.a(cfe_console.o)
 .text.console_readline_noedit
                0x00f3db98      0x2f0 ./libcfe.a(cfe_console.o)
                0x00f3db98                console_readline_noedit
 .text.cfe_set_console
                0x00f3de88       0x64 ./libcfe.a(cfe_console.o)
                0x00f3de88                cfe_set_console
 .text.console_readline
                0x00f3deec       0x38 ./libcfe.a(cfe_console.o)
                0x00f3deec                console_readline
 .text.cfe_arena_init
                0x00f3df24       0xb4 ./libcfe.a(cfe_mem.o)
                0x00f3df24                cfe_arena_init
 .text.cfe_arena_enum
                0x00f3dfd8       0xe8 ./libcfe.a(cfe_mem.o)
                0x00f3dfd8                cfe_arena_enum
 .text.cfe_timer_task
                0x00f3e0c0      0x2ac ./libcfe.a(cfe_timer.o)
 .text.cfe_timer_init
                0x00f3e36c       0xf8 ./libcfe.a(cfe_timer.o)
                0x00f3e36c                cfe_timer_init
 .text.cfe_sleep
                0x00f3e464       0x70 ./libcfe.a(cfe_timer.o)
                0x00f3e464                cfe_sleep
 .text.cfe_usleep
                0x00f3e4d4       0x84 ./libcfe.a(cfe_timer.o)
                0x00f3e4d4                cfe_usleep
 .text.cfe_bg_init
                0x00f3e558       0x24 ./libcfe.a(cfe_background.o)
                0x00f3e558                cfe_bg_init
 .text.cfe_bg_add
                0x00f3e57c       0x88 ./libcfe.a(cfe_background.o)
                0x00f3e57c                cfe_bg_add
 .text.cfe_bg_remove
                0x00f3e604      0x104 ./libcfe.a(cfe_background.o)
                0x00f3e604                cfe_bg_remove
 .text.background
                0x00f3e708       0x84 ./libcfe.a(cfe_background.o)
                0x00f3e708                background
 .text.cfe_findfilesys
                0x00f3e78c       0x7c ./libcfe.a(cfe_filesys.o)
                0x00f3e78c                cfe_findfilesys
 .text.fs_init  0x00f3e808       0xc8 ./libcfe.a(cfe_filesys.o)
                0x00f3e808                fs_init
 .text.fs_hook  0x00f3e8d0       0x8c ./libcfe.a(cfe_filesys.o)
                0x00f3e8d0                fs_hook
 .text.fs_uninit
                0x00f3e95c       0x4c ./libcfe.a(cfe_filesys.o)
                0x00f3e95c                fs_uninit
 .text.fs_open  0x00f3e9a8       0x50 ./libcfe.a(cfe_filesys.o)
                0x00f3e9a8                fs_open
 .text.fs_close
                0x00f3e9f8       0x38 ./libcfe.a(cfe_filesys.o)
                0x00f3e9f8                fs_close
 .text.fs_read  0x00f3ea30       0x48 ./libcfe.a(cfe_filesys.o)
                0x00f3ea30                fs_read
 .text.fs_seek  0x00f3ea78       0x48 ./libcfe.a(cfe_filesys.o)
                0x00f3ea78                fs_seek
 .text.is_white_space
                0x00f3eac0       0x50 ./libcfe.a(ui_command.o)
 .text.cmd_sw_value